###############################################################################
#
# IAR ELF Linker V8.32.3.193/W32 for ARM                  23/Mar/2020  11:23:22
# Copyright 2007-2019 IAR Systems AB.
#
#    Output file  =  
#        D:\STUDY\SmartCar\Demo\SmartCar\Project\IAR\program\nor_sdram_zf_dtcm\Exe\RT106X.out
#    Map file     =  
#        D:\STUDY\SmartCar\Demo\SmartCar\Project\IAR\program\nor_sdram_zf_dtcm\List\RT106X.map
#    Command line =  
#        -f C:\Users\Maxwell\AppData\Local\Temp\EW5EC2.tmp
#        (D:\STUDY\SmartCar\Demo\SmartCar\Project\IAR\program\nor_sdram_zf_dtcm\Obj\board.o
#        D:\STUDY\SmartCar\Demo\SmartCar\Project\IAR\program\nor_sdram_zf_dtcm\Obj\camera.o
#        D:\STUDY\SmartCar\Demo\SmartCar\Project\IAR\program\nor_sdram_zf_dtcm\Obj\clock_config.o
#        D:\STUDY\SmartCar\Demo\SmartCar\Project\IAR\program\nor_sdram_zf_dtcm\Obj\common.o
#        D:\STUDY\SmartCar\Demo\SmartCar\Project\IAR\program\nor_sdram_zf_dtcm\Obj\driver.o
#        D:\STUDY\SmartCar\Demo\SmartCar\Project\IAR\program\nor_sdram_zf_dtcm\Obj\evkmimxrt1064_flexspi_nor_config.o
#        D:\STUDY\SmartCar\Demo\SmartCar\Project\IAR\program\nor_sdram_zf_dtcm\Obj\evkmimxrt1064_sdram_ini_dcd.o
#        D:\STUDY\SmartCar\Demo\SmartCar\Project\IAR\program\nor_sdram_zf_dtcm\Obj\fsl_adc.o
#        D:\STUDY\SmartCar\Demo\SmartCar\Project\IAR\program\nor_sdram_zf_dtcm\Obj\fsl_adc_etc.o
#        D:\STUDY\SmartCar\Demo\SmartCar\Project\IAR\program\nor_sdram_zf_dtcm\Obj\fsl_aipstz.o
#        D:\STUDY\SmartCar\Demo\SmartCar\Project\IAR\program\nor_sdram_zf_dtcm\Obj\fsl_aoi.o
#        D:\STUDY\SmartCar\Demo\SmartCar\Project\IAR\program\nor_sdram_zf_dtcm\Obj\fsl_assert.o
#        D:\STUDY\SmartCar\Demo\SmartCar\Project\IAR\program\nor_sdram_zf_dtcm\Obj\fsl_bee.o
#        D:\STUDY\SmartCar\Demo\SmartCar\Project\IAR\program\nor_sdram_zf_dtcm\Obj\fsl_cache.o
#        D:\STUDY\SmartCar\Demo\SmartCar\Project\IAR\program\nor_sdram_zf_dtcm\Obj\fsl_clock.o
#        D:\STUDY\SmartCar\Demo\SmartCar\Project\IAR\program\nor_sdram_zf_dtcm\Obj\fsl_cmp.o
#        D:\STUDY\SmartCar\Demo\SmartCar\Project\IAR\program\nor_sdram_zf_dtcm\Obj\fsl_common.o
#        D:\STUDY\SmartCar\Demo\SmartCar\Project\IAR\program\nor_sdram_zf_dtcm\Obj\fsl_csi.o
#        D:\STUDY\SmartCar\Demo\SmartCar\Project\IAR\program\nor_sdram_zf_dtcm\Obj\fsl_dcdc.o
#        D:\STUDY\SmartCar\Demo\SmartCar\Project\IAR\program\nor_sdram_zf_dtcm\Obj\fsl_dcp.o
#        D:\STUDY\SmartCar\Demo\SmartCar\Project\IAR\program\nor_sdram_zf_dtcm\Obj\fsl_debug_console.o
#        D:\STUDY\SmartCar\Demo\SmartCar\Project\IAR\program\nor_sdram_zf_dtcm\Obj\fsl_dmamux.o
#        D:\STUDY\SmartCar\Demo\SmartCar\Project\IAR\program\nor_sdram_zf_dtcm\Obj\fsl_edma.o
#        D:\STUDY\SmartCar\Demo\SmartCar\Project\IAR\program\nor_sdram_zf_dtcm\Obj\fsl_elcdif.o
#        D:\STUDY\SmartCar\Demo\SmartCar\Project\IAR\program\nor_sdram_zf_dtcm\Obj\fsl_enc.o
#        D:\STUDY\SmartCar\Demo\SmartCar\Project\IAR\program\nor_sdram_zf_dtcm\Obj\fsl_enet.o
#        D:\STUDY\SmartCar\Demo\SmartCar\Project\IAR\program\nor_sdram_zf_dtcm\Obj\fsl_ewm.o
#        D:\STUDY\SmartCar\Demo\SmartCar\Project\IAR\program\nor_sdram_zf_dtcm\Obj\fsl_flexcan.o
#        D:\STUDY\SmartCar\Demo\SmartCar\Project\IAR\program\nor_sdram_zf_dtcm\Obj\fsl_flexio.o
#        D:\STUDY\SmartCar\Demo\SmartCar\Project\IAR\program\nor_sdram_zf_dtcm\Obj\fsl_flexio_camera.o
#        D:\STUDY\SmartCar\Demo\SmartCar\Project\IAR\program\nor_sdram_zf_dtcm\Obj\fsl_flexio_i2c_master.o
#        D:\STUDY\SmartCar\Demo\SmartCar\Project\IAR\program\nor_sdram_zf_dtcm\Obj\fsl_flexio_i2s.o
#        D:\STUDY\SmartCar\Demo\SmartCar\Project\IAR\program\nor_sdram_zf_dtcm\Obj\fsl_flexio_i2s_edma.o
#        D:\STUDY\SmartCar\Demo\SmartCar\Project\IAR\program\nor_sdram_zf_dtcm\Obj\fsl_flexio_spi.o
#        D:\STUDY\SmartCar\Demo\SmartCar\Project\IAR\program\nor_sdram_zf_dtcm\Obj\fsl_flexio_spi_edma.o
#        D:\STUDY\SmartCar\Demo\SmartCar\Project\IAR\program\nor_sdram_zf_dtcm\Obj\fsl_flexio_uart.o
#        D:\STUDY\SmartCar\Demo\SmartCar\Project\IAR\program\nor_sdram_zf_dtcm\Obj\fsl_flexio_uart_edma.o
#        D:\STUDY\SmartCar\Demo\SmartCar\Project\IAR\program\nor_sdram_zf_dtcm\Obj\fsl_flexram.o
#        D:\STUDY\SmartCar\Demo\SmartCar\Project\IAR\program\nor_sdram_zf_dtcm\Obj\fsl_flexspi.o
#        D:\STUDY\SmartCar\Demo\SmartCar\Project\IAR\program\nor_sdram_zf_dtcm\Obj\fsl_flexspi_nor_boot.o
#        D:\STUDY\SmartCar\Demo\SmartCar\Project\IAR\program\nor_sdram_zf_dtcm\Obj\fsl_gpc.o
#        D:\STUDY\SmartCar\Demo\SmartCar\Project\IAR\program\nor_sdram_zf_dtcm\Obj\fsl_gpio.o
#        D:\STUDY\SmartCar\Demo\SmartCar\Project\IAR\program\nor_sdram_zf_dtcm\Obj\fsl_gpt.o
#        D:\STUDY\SmartCar\Demo\SmartCar\Project\IAR\program\nor_sdram_zf_dtcm\Obj\fsl_kpp.o
#        D:\STUDY\SmartCar\Demo\SmartCar\Project\IAR\program\nor_sdram_zf_dtcm\Obj\fsl_lpi2c.o
#        D:\STUDY\SmartCar\Demo\SmartCar\Project\IAR\program\nor_sdram_zf_dtcm\Obj\fsl_lpi2c_edma.o
#        D:\STUDY\SmartCar\Demo\SmartCar\Project\IAR\program\nor_sdram_zf_dtcm\Obj\fsl_lpspi.o
#        D:\STUDY\SmartCar\Demo\SmartCar\Project\IAR\program\nor_sdram_zf_dtcm\Obj\fsl_lpspi_edma.o
#        D:\STUDY\SmartCar\Demo\SmartCar\Project\IAR\program\nor_sdram_zf_dtcm\Obj\fsl_lpuart.o
#        D:\STUDY\SmartCar\Demo\SmartCar\Project\IAR\program\nor_sdram_zf_dtcm\Obj\fsl_lpuart_edma.o
#        D:\STUDY\SmartCar\Demo\SmartCar\Project\IAR\program\nor_sdram_zf_dtcm\Obj\fsl_notifier.o
#        D:\STUDY\SmartCar\Demo\SmartCar\Project\IAR\program\nor_sdram_zf_dtcm\Obj\fsl_ocotp.o
#        D:\STUDY\SmartCar\Demo\SmartCar\Project\IAR\program\nor_sdram_zf_dtcm\Obj\fsl_pit.o
#        D:\STUDY\SmartCar\Demo\SmartCar\Project\IAR\program\nor_sdram_zf_dtcm\Obj\fsl_pmu.o
#        D:\STUDY\SmartCar\Demo\SmartCar\Project\IAR\program\nor_sdram_zf_dtcm\Obj\fsl_pwm.o
#        D:\STUDY\SmartCar\Demo\SmartCar\Project\IAR\program\nor_sdram_zf_dtcm\Obj\fsl_pxp.o
#        D:\STUDY\SmartCar\Demo\SmartCar\Project\IAR\program\nor_sdram_zf_dtcm\Obj\fsl_qtmr.o
#        D:\STUDY\SmartCar\Demo\SmartCar\Project\IAR\program\nor_sdram_zf_dtcm\Obj\fsl_rtwdog.o
#        D:\STUDY\SmartCar\Demo\SmartCar\Project\IAR\program\nor_sdram_zf_dtcm\Obj\fsl_sai.o
#        D:\STUDY\SmartCar\Demo\SmartCar\Project\IAR\program\nor_sdram_zf_dtcm\Obj\fsl_sai_edma.o
#        D:\STUDY\SmartCar\Demo\SmartCar\Project\IAR\program\nor_sdram_zf_dtcm\Obj\fsl_sbrk.o
#        D:\STUDY\SmartCar\Demo\SmartCar\Project\IAR\program\nor_sdram_zf_dtcm\Obj\fsl_semc.o
#        D:\STUDY\SmartCar\Demo\SmartCar\Project\IAR\program\nor_sdram_zf_dtcm\Obj\fsl_shell.o
#        D:\STUDY\SmartCar\Demo\SmartCar\Project\IAR\program\nor_sdram_zf_dtcm\Obj\fsl_snvs_hp.o
#        D:\STUDY\SmartCar\Demo\SmartCar\Project\IAR\program\nor_sdram_zf_dtcm\Obj\fsl_snvs_lp.o
#        D:\STUDY\SmartCar\Demo\SmartCar\Project\IAR\program\nor_sdram_zf_dtcm\Obj\fsl_spdif.o
#        D:\STUDY\SmartCar\Demo\SmartCar\Project\IAR\program\nor_sdram_zf_dtcm\Obj\fsl_spdif_edma.o
#        D:\STUDY\SmartCar\Demo\SmartCar\Project\IAR\program\nor_sdram_zf_dtcm\Obj\fsl_src.o
#        D:\STUDY\SmartCar\Demo\SmartCar\Project\IAR\program\nor_sdram_zf_dtcm\Obj\fsl_str.o
#        D:\STUDY\SmartCar\Demo\SmartCar\Project\IAR\program\nor_sdram_zf_dtcm\Obj\fsl_tempmon.o
#        D:\STUDY\SmartCar\Demo\SmartCar\Project\IAR\program\nor_sdram_zf_dtcm\Obj\fsl_trng.o
#        D:\STUDY\SmartCar\Demo\SmartCar\Project\IAR\program\nor_sdram_zf_dtcm\Obj\fsl_tsc.o
#        D:\STUDY\SmartCar\Demo\SmartCar\Project\IAR\program\nor_sdram_zf_dtcm\Obj\fsl_usdhc.o
#        D:\STUDY\SmartCar\Demo\SmartCar\Project\IAR\program\nor_sdram_zf_dtcm\Obj\fsl_wdog.o
#        D:\STUDY\SmartCar\Demo\SmartCar\Project\IAR\program\nor_sdram_zf_dtcm\Obj\fsl_xbara.o
#        D:\STUDY\SmartCar\Demo\SmartCar\Project\IAR\program\nor_sdram_zf_dtcm\Obj\fsl_xbarb.o
#        D:\STUDY\SmartCar\Demo\SmartCar\Project\IAR\program\nor_sdram_zf_dtcm\Obj\generic_list.o
#        D:\STUDY\SmartCar\Demo\SmartCar\Project\IAR\program\nor_sdram_zf_dtcm\Obj\init.o
#        D:\STUDY\SmartCar\Demo\SmartCar\Project\IAR\program\nor_sdram_zf_dtcm\Obj\isr.o
#        D:\STUDY\SmartCar\Demo\SmartCar\Project\IAR\program\nor_sdram_zf_dtcm\Obj\lpuart_adapter.o
#        D:\STUDY\SmartCar\Demo\SmartCar\Project\IAR\program\nor_sdram_zf_dtcm\Obj\main.o
#        D:\STUDY\SmartCar\Demo\SmartCar\Project\IAR\program\nor_sdram_zf_dtcm\Obj\pin_mux.o
#        D:\STUDY\SmartCar\Demo\SmartCar\Project\IAR\program\nor_sdram_zf_dtcm\Obj\SEEKFREE_18TFT.o
#        D:\STUDY\SmartCar\Demo\SmartCar\Project\IAR\program\nor_sdram_zf_dtcm\Obj\SEEKFREE_FONT.o
#        D:\STUDY\SmartCar\Demo\SmartCar\Project\IAR\program\nor_sdram_zf_dtcm\Obj\SEEKFREE_FUN.o
#        D:\STUDY\SmartCar\Demo\SmartCar\Project\IAR\program\nor_sdram_zf_dtcm\Obj\SEEKFREE_ICM20602.o
#        D:\STUDY\SmartCar\Demo\SmartCar\Project\IAR\program\nor_sdram_zf_dtcm\Obj\SEEKFREE_IIC.o
#        D:\STUDY\SmartCar\Demo\SmartCar\Project\IAR\program\nor_sdram_zf_dtcm\Obj\SEEKFREE_IPS114_SPI.o
#        D:\STUDY\SmartCar\Demo\SmartCar\Project\IAR\program\nor_sdram_zf_dtcm\Obj\SEEKFREE_IPS200_PARALLEL8.o
#        D:\STUDY\SmartCar\Demo\SmartCar\Project\IAR\program\nor_sdram_zf_dtcm\Obj\SEEKFREE_L3G4200D.o
#        D:\STUDY\SmartCar\Demo\SmartCar\Project\IAR\program\nor_sdram_zf_dtcm\Obj\SEEKFREE_MMA8451.o
#        D:\STUDY\SmartCar\Demo\SmartCar\Project\IAR\program\nor_sdram_zf_dtcm\Obj\SEEKFREE_MPU6050.o
#        D:\STUDY\SmartCar\Demo\SmartCar\Project\IAR\program\nor_sdram_zf_dtcm\Obj\SEEKFREE_MT9V03X.o
#        D:\STUDY\SmartCar\Demo\SmartCar\Project\IAR\program\nor_sdram_zf_dtcm\Obj\SEEKFREE_MT9V03X_CSI.o
#        D:\STUDY\SmartCar\Demo\SmartCar\Project\IAR\program\nor_sdram_zf_dtcm\Obj\SEEKFREE_NRF24L01.o
#        D:\STUDY\SmartCar\Demo\SmartCar\Project\IAR\program\nor_sdram_zf_dtcm\Obj\SEEKFREE_OLED.o
#        D:\STUDY\SmartCar\Demo\SmartCar\Project\IAR\program\nor_sdram_zf_dtcm\Obj\SEEKFREE_PRINTF.o
#        D:\STUDY\SmartCar\Demo\SmartCar\Project\IAR\program\nor_sdram_zf_dtcm\Obj\SEEKFREE_SCC8660.o
#        D:\STUDY\SmartCar\Demo\SmartCar\Project\IAR\program\nor_sdram_zf_dtcm\Obj\SEEKFREE_SCC8660_CSI.o
#        D:\STUDY\SmartCar\Demo\SmartCar\Project\IAR\program\nor_sdram_zf_dtcm\Obj\SEEKFREE_VIRSCO.o
#        D:\STUDY\SmartCar\Demo\SmartCar\Project\IAR\program\nor_sdram_zf_dtcm\Obj\SEEKFREE_W25QXXJV.o
#        D:\STUDY\SmartCar\Demo\SmartCar\Project\IAR\program\nor_sdram_zf_dtcm\Obj\SEEKFREE_WIRELESS.o
#        D:\STUDY\SmartCar\Demo\SmartCar\Project\IAR\program\nor_sdram_zf_dtcm\Obj\serial_manager.o
#        D:\STUDY\SmartCar\Demo\SmartCar\Project\IAR\program\nor_sdram_zf_dtcm\Obj\serial_port_uart.o
#        D:\STUDY\SmartCar\Demo\SmartCar\Project\IAR\program\nor_sdram_zf_dtcm\Obj\startup_MIMXRT1064.o
#        D:\STUDY\SmartCar\Demo\SmartCar\Project\IAR\program\nor_sdram_zf_dtcm\Obj\system_MIMXRT1064.o
#        D:\STUDY\SmartCar\Demo\SmartCar\Project\IAR\program\nor_sdram_zf_dtcm\Obj\usb_device_cdc_acm.o
#        D:\STUDY\SmartCar\Demo\SmartCar\Project\IAR\program\nor_sdram_zf_dtcm\Obj\usb_device_ch9.o
#        D:\STUDY\SmartCar\Demo\SmartCar\Project\IAR\program\nor_sdram_zf_dtcm\Obj\usb_device_class.o
#        D:\STUDY\SmartCar\Demo\SmartCar\Project\IAR\program\nor_sdram_zf_dtcm\Obj\usb_device_dci.o
#        D:\STUDY\SmartCar\Demo\SmartCar\Project\IAR\program\nor_sdram_zf_dtcm\Obj\usb_device_descriptor.o
#        D:\STUDY\SmartCar\Demo\SmartCar\Project\IAR\program\nor_sdram_zf_dtcm\Obj\usb_device_ehci.o
#        D:\STUDY\SmartCar\Demo\SmartCar\Project\IAR\program\nor_sdram_zf_dtcm\Obj\usb_osa_bm.o
#        D:\STUDY\SmartCar\Demo\SmartCar\Project\IAR\program\nor_sdram_zf_dtcm\Obj\usb_phy.o
#        D:\STUDY\SmartCar\Demo\SmartCar\Project\IAR\program\nor_sdram_zf_dtcm\Obj\zf_adc.o
#        D:\STUDY\SmartCar\Demo\SmartCar\Project\IAR\program\nor_sdram_zf_dtcm\Obj\zf_camera.o
#        D:\STUDY\SmartCar\Demo\SmartCar\Project\IAR\program\nor_sdram_zf_dtcm\Obj\zf_csi.o
#        D:\STUDY\SmartCar\Demo\SmartCar\Project\IAR\program\nor_sdram_zf_dtcm\Obj\zf_flash.o
#        D:\STUDY\SmartCar\Demo\SmartCar\Project\IAR\program\nor_sdram_zf_dtcm\Obj\zf_gpio.o
#        D:\STUDY\SmartCar\Demo\SmartCar\Project\IAR\program\nor_sdram_zf_dtcm\Obj\zf_iic.o
#        D:\STUDY\SmartCar\Demo\SmartCar\Project\IAR\program\nor_sdram_zf_dtcm\Obj\zf_iomuxc.o
#        D:\STUDY\SmartCar\Demo\SmartCar\Project\IAR\program\nor_sdram_zf_dtcm\Obj\zf_pit.o
#        D:\STUDY\SmartCar\Demo\SmartCar\Project\IAR\program\nor_sdram_zf_dtcm\Obj\zf_pwm.o
#        D:\STUDY\SmartCar\Demo\SmartCar\Project\IAR\program\nor_sdram_zf_dtcm\Obj\zf_qtimer.o
#        D:\STUDY\SmartCar\Demo\SmartCar\Project\IAR\program\nor_sdram_zf_dtcm\Obj\zf_rom_api.o
#        D:\STUDY\SmartCar\Demo\SmartCar\Project\IAR\program\nor_sdram_zf_dtcm\Obj\zf_spi.o
#        D:\STUDY\SmartCar\Demo\SmartCar\Project\IAR\program\nor_sdram_zf_dtcm\Obj\zf_systick.o
#        D:\STUDY\SmartCar\Demo\SmartCar\Project\IAR\program\nor_sdram_zf_dtcm\Obj\zf_uart.o
#        D:\STUDY\SmartCar\Demo\SmartCar\Project\IAR\program\nor_sdram_zf_dtcm\Obj\zf_usb_cdc.o
#        D:\STUDY\SmartCar\Demo\SmartCar\Project\IAR\program\nor_sdram_zf_dtcm\Obj\zf_vector.o
#        --no_out_extension -o
#        D:\STUDY\SmartCar\Demo\SmartCar\Project\IAR\program\nor_sdram_zf_dtcm\Exe\RT106X.out
#        --map
#        D:\STUDY\SmartCar\Demo\SmartCar\Project\IAR\program\nor_sdram_zf_dtcm\List\RT106X.map
#        --config
#        D:\STUDY\SmartCar\Demo\SmartCar\Project\IAR\program\..\..\IAR\icf\MIMXRT1064xxxxx_flexspi_nor.icf
#        --semihosting --entry __iar_program_start --vfe --text_out locale)
#
###############################################################################

*******************************************************************************
*** RUNTIME MODEL ATTRIBUTES
***

CppFlavor       = *
__Heap_Handler  = DLMalloc
__SystemLibrary = DLib
__dlib_version  = 6


*******************************************************************************
*** HEAP SELECTION
***

The advanced heap was selected because the application calls memory
allocation functions outside of system library functions, and there
are calls to deallocation functions in the application.


*******************************************************************************
*** PLACEMENT SUMMARY
***

"A0":  place at 0x7000'2000 { ro section .intvec };
"A2":  place at 0x7000'0000 { section .boot_hdr.conf };
"A3":  place at 0x7000'1000 { section .boot_hdr.ivt };
"A4":  place at 0x7000'1020 { ro section .boot_hdr.boot_data };
"A5":  place at 0x7000'1030 { ro section .boot_hdr.dcd_data };
"P1":  place in [from 0x7000'2000 to 0x7000'23ff] |
                [from 0x7000'2400 to 0x703f'ffff] { ro };
define block RW { first rw, section m_usb_dma_init_data };
"P2":  place in [from 0x8000'0000 to 0x8000'03ff] |
                [from 0x8000'0400 to 0x81df'ffff] { block RW };
define block SDRAM_VAR
   with alignment = 8 { section SDRAM_CACHE, section SDRAM_CACHE.init };
"P11": place in [from 0x8000'0000 to 0x8000'03ff] |
                [from 0x8000'0400 to 0x81df'ffff] { block SDRAM_VAR };
define block ZI
   with alignment = 32 { first zi, section m_usb_dma_noninit_data };
"P3":  place in [from 0x2000'0000 to 0x2006'efff] { block ZI };
"P4":  place in [from 0x2000'0000 to 0x2006'efff] { section .data };
"P5":  place in [from 0x2000'0000 to 0x2006'efff] { section .textrw };
define block DTCM_VAR
   with alignment = 8 { section NonCacheable, section NonCacheable.init };
"P9":  place in [from 0x2000'0000 to 0x2006'efff] { block DTCM_VAR };
define block CSTACK with size = 4K, alignment = 8 { };
"P7":  place in [from 0x2006'f000 to 0x2006'ffff] { block CSTACK };
initialize by copy { rw, section .textrw };
initialize by copy { ro }
   except {
      ro section .intvec, ro object system_MIMXRT1064.o,
      ro object startup_MIMXRT1064.o, section .boot_hdr.conf,
      section .boot_hdr.ivt, section .boot_hdr.boot_data,
      section .boot_hdr.dcd_data };
keep {
   section .boot_hdr.conf, section .boot_hdr.ivt, section .boot_hdr.boot_data,
   section .boot_hdr.dcd_data };

No sections matched the following patterns:

  section .intvec_RAM              in "A1"
  section .textrw                  in "P3-P5|P9"
  section ITCM_NonCacheable        in block ITCM_VAR
  section ITCM_NonCacheable.init   in block ITCM_VAR
  section NonCacheable.init        in block DTCM_VAR
  section OCRAM_CACHE              in block OCRAM_VAR
  section OCRAM_CACHE.init         in block OCRAM_VAR
  section SDRAM_CACHE              in block SDRAM_VAR
  section SDRAM_CACHE.init         in block SDRAM_VAR
  section SDRAM_NonCacheable       in block SDRAM_NCACHE_VAR
  section SDRAM_NonCacheable.init  in block SDRAM_NCACHE_VAR
  section m_usb_dma_init_data      in block RW
  section m_usb_dma_noninit_data   in block ZI


  Section              Kind         Address     Size  Object
  -------              ----         -------     ----  ------
"P3-P5|P9", part 1 of 2:                       0x1d4
  P3-P5|P9 s0                   0x2000'0000    0x1d4  <Init block>
    .data              inited   0x2000'0000     0x80  camera.o [1]
    .data              inited   0x2000'0080     0x80  camera.o [1]
    .data              inited   0x2000'0100     0x28  zf_gpio.o [1]
    .data              inited   0x2000'0128     0x24  SEEKFREE_MT9V03X_CSI.o [1]
    .data              inited   0x2000'014c     0x24  zf_uart.o [1]
    .data              inited   0x2000'0170     0x20  SEEKFREE_MT9V03X_CSI.o [1]
    .data              inited   0x2000'0190     0x14  zf_pwm.o [1]
    .data              inited   0x2000'01a4     0x14  zf_qtimer.o [1]
    .data              inited   0x2000'01b8      0xc  driver.o [1]
    .data              inited   0x2000'01c4      0xc  driver.o [1]
    .data              inited   0x2000'01d0      0x4  system_MIMXRT1064.o [1]
                              - 0x2000'01d4    0x1d4

"P3-P5|P9", part 2 of 2:                     0x131f0
  ZI                            0x2000'01e0   0x9bec  <Block>
    .bss               zero     0x2000'01e0      0x1  camera.o [1]
    .bss               zero     0x2000'01e2      0x2  camera.o [1]
    .bss               zero     0x2000'01e4     0x80  camera.o [1]
    .bss               zero     0x2000'0264     0x40  camera.o [1]
    .bss               zero     0x2000'02a4     0x40  camera.o [1]
    .bss               zero     0x2000'02e4      0x1  common.o [1]
    .bss               zero     0x2000'02e8     0x18  driver.o [1]
    .bss               zero     0x2000'0300      0x4  fsl_clock.o [1]
    .bss               zero     0x2000'0304      0x4  fsl_clock.o [1]
    .bss               zero     0x2000'0308      0x4  fsl_csi.o [1]
    .bss               zero     0x2000'030c      0x4  fsl_csi.o [1]
    .bss               zero     0x2000'0310     0x1c  fsl_debug_console.o [1]
    .bss               zero     0x2000'032c      0x4  fsl_debug_console.o [1]
    .bss               zero     0x2000'0330     0x80  fsl_edma.o [1]
    .bss               zero     0x2000'03b0      0x8  fsl_enet.o [1]
    .bss               zero     0x2000'03b8      0x4  fsl_enet.o [1]
    .bss               zero     0x2000'03bc      0x4  fsl_enet.o [1]
    .bss               zero     0x2000'03c0      0x4  fsl_enet.o [1]
    .bss               zero     0x2000'03c4      0x4  fsl_enet.o [1]
    .bss               zero     0x2000'03c8     0x10  fsl_flexcan.o [1]
    .bss               zero     0x2000'03d8      0x4  fsl_flexcan.o [1]
    .bss               zero     0x2000'03dc      0x8  fsl_flexio.o [1]
    .bss               zero     0x2000'03e4      0x8  fsl_flexio.o [1]
    .bss               zero     0x2000'03ec      0x8  fsl_flexio.o [1]
    .bss               zero     0x2000'03f4      0x4  fsl_lpi2c.o [1]
    .bss               zero     0x2000'03f8     0x14  fsl_lpi2c.o [1]
    .bss               zero     0x2000'040c      0x4  fsl_lpi2c.o [1]
    .bss               zero     0x2000'0410     0x14  fsl_lpi2c.o [1]
    .bss               zero     0x2000'0424     0x14  fsl_lpspi.o [1]
    .bss               zero     0x2000'0438      0x4  fsl_lpspi.o [1]
    .bss               zero     0x2000'043c      0x4  fsl_lpspi.o [1]
    .bss               zero     0x2000'0440     0x24  fsl_lpuart.o [1]
    .bss               zero     0x2000'0464      0x4  fsl_lpuart.o [1]
    .bss               zero     0x2000'0468     0x20  fsl_sai.o [1]
    .bss               zero     0x2000'0488      0x4  fsl_sai.o [1]
    .bss               zero     0x2000'048c      0x4  fsl_sai.o [1]
    .bss               zero     0x2000'0490      0x8  fsl_spdif.o [1]
    .bss               zero     0x2000'0498      0x4  fsl_spdif.o [1]
    .bss               zero     0x2000'049c      0x4  fsl_spdif.o [1]
    .bss               zero     0x2000'04a0      0xc  fsl_usdhc.o [1]
    .bss               zero     0x2000'04ac      0x4  fsl_usdhc.o [1]
    .bss               zero     0x2000'04b0   0x5820  SEEKFREE_MT9V03X.o [1]
    .bss               zero     0x2000'5cd0      0x4  SEEKFREE_MT9V03X.o [1]
    .bss               zero     0x2000'5cd4      0x1  SEEKFREE_MT9V03X.o [1]
    .bss               zero     0x2000'5cd5      0x1  SEEKFREE_MT9V03X.o [1]
    .bss               zero     0x2000'5d00   0x2000  SEEKFREE_MT9V03X_CSI.o [1]
    .bss               zero     0x2000'7d00   0x2000  SEEKFREE_MT9V03X_CSI.o [1]
    .bss               zero     0x2000'9d00      0x4  SEEKFREE_MT9V03X_CSI.o [1]
    .bss               zero     0x2000'9d04      0x1  SEEKFREE_MT9V03X_CSI.o [1]
    .bss               zero     0x2000'9d08      0x8  SEEKFREE_MT9V03X_CSI.o [1]
    .bss               zero     0x2000'9d10     0x30  SEEKFREE_MT9V03X_CSI.o [1]
    .bss               zero     0x2000'9d40      0x1  SEEKFREE_MT9V03X_CSI.o [1]
    .bss               zero     0x2000'9d41      0x1  SEEKFREE_WIRELESS.o [1]
    .bss               zero     0x2000'9d44      0x8  SEEKFREE_WIRELESS.o [1]
    .bss               zero     0x2000'9d4c     0x30  SEEKFREE_WIRELESS.o [1]
    .bss               zero     0x2000'9d7c     0x1c  zf_camera.o [1]
    .bss               zero     0x2000'9d98     0x1c  zf_csi.o [1]
    .bss               zero     0x2000'9db4      0x4  zf_csi.o [1]
    .bss               zero     0x2000'9db8      0x1  zf_systick.o [1]
    .bss               zero     0x2000'9dbc     0x10  zf_usb_cdc.o [1]
  DTCM_VAR                      0x2000'9dd0   0x9600  <Block>
    NonCacheable       zero     0x2000'9dd0   0x9600  SEEKFREE_SCC8660.o [1]
                              - 0x2001'33d0  0x131f0

"P7":                                         0x1000
  CSTACK                        0x2006'f000   0x1000  <Block>
    CSTACK             uninit   0x2006'f000   0x1000  <Block tail>
                              - 0x2007'0000   0x1000

"A2":                                          0x200
  .boot_hdr.conf       const    0x7000'0000    0x200  evkmimxrt1064_flexspi_nor_config.o [1]
                              - 0x7000'0200    0x200

"A3":                                           0x20
  .boot_hdr.ivt        const    0x7000'1000     0x20  fsl_flexspi_nor_boot.o [1]
                              - 0x7000'1020     0x20

"A4":                                           0x10
  .boot_hdr.boot_data  const    0x7000'1020     0x10  fsl_flexspi_nor_boot.o [1]
                              - 0x7000'1030     0x10

"A5":                                          0x430
  .boot_hdr.dcd_data   const    0x7000'1030    0x430  evkmimxrt1064_sdram_ini_dcd.o [1]
                              - 0x7000'1460    0x430

"A0":                                          0x440
  .intvec              const    0x7000'2000    0x400  zf_vector.o [1]
  .intvec              ro code  0x7000'2400     0x40  vector_table_M.o [4]
                              - 0x7000'2440    0x440

"P1":                                         0x9d66
  .text                ro code  0x7000'2440    0x1f6  lz77_init.o [4]
  .text                ro code  0x7000'2636      0x6  abort.o [2]
  .text                ro code  0x7000'263c     0x14  exit.o [5]
  .text                ro code  0x7000'2650    0x17e  system_MIMXRT1064.o [1]
  .text                ro code  0x7000'27ce     0x3a  zero_init3.o [4]
  .text                ro code  0x7000'2808     0x6c  startup_MIMXRT1064.o [1]
  .text                ro code  0x7000'2874     0x28  data_init.o [4]
  .text                ro code  0x7000'289c     0x22  fpinit_M.o [3]
  .iar.init_table      const    0x7000'28c0     0x50  - Linker created -
  Veneer               ro code  0x7000'2910      0x8  - Linker created -
  Veneer               ro code  0x7000'2918      0x8  - Linker created -
  .text                ro code  0x7000'2920     0x1e  cmain.o [4]
  .text                ro code  0x7000'293e      0x4  low_level_init.o [2]
  .text                ro code  0x7000'2942      0xc  cstartup_M.o [4]
  .rodata              const    0x7000'294e      0x0  zero_init3.o [4]
  .rodata              const    0x7000'294e      0x0  lz77_init.o [4]
  Initializer bytes    const    0x7000'294e   0x97b8  <for RW-1>
  Initializer bytes    const    0x7000'c106     0xa0  <for P3-P5|P9 s0>
                              - 0x7000'c1a6   0x9d66

"P2|P11":                                    0x111d6
  RW                            0x8000'0400  0x111d6  <Block>
    RW-1                        0x8000'0400  0x111d6  <Init block>
      .rodata          inited   0x8000'0400    0x420  pow64.o [3]
      .rodata          inited   0x8000'0820     0x18  clock_config.o [1]
      .rodata          inited   0x8000'0838     0x44  clock_config.o [1]
      .rodata          inited   0x8000'087c      0xc  clock_config.o [1]
      .rodata          inited   0x8000'0888      0x8  clock_config.o [1]
      .rodata          inited   0x8000'0890     0x2c  fsl_assert.o [1]
      .rodata          inited   0x8000'08bc     0x10  fsl_clock.o [1]
      .rodata          inited   0x8000'08cc     0x44  fsl_clock.o [1]
      .rodata          inited   0x8000'0910     0x10  fsl_clock.o [1]
      .rodata          inited   0x8000'0920      0xc  fsl_csi.o [1]
      .rodata          inited   0x8000'092c     0x44  fsl_csi.o [1]
      .rodata          inited   0x8000'0970     0x3c  fsl_csi.o [1]
      .rodata          inited   0x8000'09ac     0x40  fsl_csi.o [1]
      .rodata          inited   0x8000'09ec      0x8  fsl_csi.o [1]
      .rodata          inited   0x8000'09f4      0x8  fsl_csi.o [1]
      .rodata          inited   0x8000'09fc      0x4  fsl_csi.o [1]
      .rodata          inited   0x8000'0a00      0x8  fsl_debug_console.o [1]
      .rodata          inited   0x8000'0a08     0x5c  fsl_debug_console.o [1]
      .rodata          inited   0x8000'0a64      0xc  fsl_debug_console.o [1]
      .rodata          inited   0x8000'0a70     0x28  fsl_debug_console.o [1]
      .rodata          inited   0x8000'0a98     0x10  fsl_debug_console.o [1]
      .rodata          inited   0x8000'0aa8     0x44  fsl_edma.o [1]
      .rodata          inited   0x8000'0aec     0x10  fsl_edma.o [1]
      .rodata          inited   0x8000'0afc      0xc  fsl_edma.o [1]
      .rodata          inited   0x8000'0b08     0x3c  fsl_enet.o [1]
      .rodata          inited   0x8000'0b44     0x44  fsl_enet.o [1]
      .rodata          inited   0x8000'0b88      0xc  fsl_enet.o [1]
      .rodata          inited   0x8000'0b94     0x44  fsl_flexcan.o [1]
      .rodata          inited   0x8000'0bd8     0x14  fsl_flexcan.o [1]
      .rodata          inited   0x8000'0bec     0x14  fsl_flexcan.o [1]
      .rodata          inited   0x8000'0c00     0x14  fsl_flexcan.o [1]
      .rodata          inited   0x8000'0c14      0xc  fsl_gpio.o [1]
      .rodata          inited   0x8000'0c20     0x44  fsl_gpio.o [1]
      .rodata          inited   0x8000'0c64     0x3c  fsl_gpio.o [1]
      .rodata          inited   0x8000'0ca0     0x44  fsl_gpio.o [1]
      .rodata          inited   0x8000'0ce4      0xc  fsl_gpio.o [1]
      .rodata          inited   0x8000'0cf0     0x28  fsl_gpio.o [1]
      .rodata          inited   0x8000'0d18      0xc  fsl_gpio.o [1]
      .rodata          inited   0x8000'0d24      0xc  fsl_gpt.o [1]
      .rodata          inited   0x8000'0d30     0x44  fsl_gpt.o [1]
      .rodata          inited   0x8000'0d74     0x18  fsl_gpt.o [1]
      .rodata          inited   0x8000'0d8c     0x40  fsl_gpt.o [1]
      .rodata          inited   0x8000'0dcc     0x3c  fsl_gpt.o [1]
      .rodata          inited   0x8000'0e08     0x40  fsl_gpt.o [1]
      .rodata          inited   0x8000'0e48      0xc  fsl_gpt.o [1]
      .rodata          inited   0x8000'0e54      0x8  fsl_gpt.o [1]
      .rodata          inited   0x8000'0e5c      0xc  fsl_gpt.o [1]
      .rodata          inited   0x8000'0e68      0x8  fsl_gpt.o [1]
      .rodata          inited   0x8000'0e70     0x44  fsl_lpspi.o [1]
      .rodata          inited   0x8000'0eb4     0x14  fsl_lpspi.o [1]
      .rodata          inited   0x8000'0ec8     0x14  fsl_lpspi.o [1]
      .rodata          inited   0x8000'0edc     0x14  fsl_lpspi.o [1]
      .rodata          inited   0x8000'0ef0     0x14  fsl_lpspi.o [1]
      .rodata          inited   0x8000'0f04      0xc  fsl_lpuart.o [1]
      .rodata          inited   0x8000'0f10     0x44  fsl_lpuart.o [1]
      .rodata          inited   0x8000'0f54     0x40  fsl_lpuart.o [1]
      .rodata          inited   0x8000'0f94     0x44  fsl_lpuart.o [1]
      .rodata          inited   0x8000'0fd8      0x8  fsl_lpuart.o [1]
      .rodata          inited   0x8000'0fe0      0x8  fsl_lpuart.o [1]
      .rodata          inited   0x8000'0fe8      0x8  fsl_lpuart.o [1]
      .rodata          inited   0x8000'0ff0     0x18  fsl_lpuart.o [1]
      .rodata          inited   0x8000'1008     0x20  fsl_lpuart.o [1]
      .rodata          inited   0x8000'1028     0x20  fsl_lpuart.o [1]
      .rodata          inited   0x8000'1048     0x24  fsl_lpuart.o [1]
      .rodata          inited   0x8000'106c     0x14  fsl_lpuart.o [1]
      .rodata          inited   0x8000'1080     0x14  fsl_lpuart.o [1]
      .rodata          inited   0x8000'1094      0xc  fsl_pit.o [1]
      .rodata          inited   0x8000'10a0     0x44  fsl_pit.o [1]
      .rodata          inited   0x8000'10e4     0x3c  fsl_pit.o [1]
      .rodata          inited   0x8000'1120     0x40  fsl_pit.o [1]
      .rodata          inited   0x8000'1160      0x8  fsl_pit.o [1]
      .rodata          inited   0x8000'1168      0x4  fsl_pit.o [1]
      .rodata          inited   0x8000'116c      0xc  fsl_pwm.o [1]
      .rodata          inited   0x8000'1178     0x44  fsl_pwm.o [1]
      .rodata          inited   0x8000'11bc     0x3c  fsl_pwm.o [1]
      .rodata          inited   0x8000'11f8     0x40  fsl_pwm.o [1]
      .rodata          inited   0x8000'1238      0x8  fsl_pwm.o [1]
      .rodata          inited   0x8000'1240      0xc  fsl_pwm.o [1]
      .rodata          inited   0x8000'124c      0xc  fsl_pwm.o [1]
      .rodata          inited   0x8000'1258      0xc  fsl_pwm.o [1]
      .rodata          inited   0x8000'1264      0xc  fsl_pwm.o [1]
      .rodata          inited   0x8000'1270     0x28  fsl_pwm.o [1]
      .rodata          inited   0x8000'1298     0x1c  fsl_pwm.o [1]
      .rodata          inited   0x8000'12b4     0x10  fsl_pwm.o [1]
      .rodata          inited   0x8000'12c4     0x14  fsl_pwm.o [1]
      .rodata          inited   0x8000'12d8     0x28  fsl_pwm.o [1]
      .rodata          inited   0x8000'1300      0xc  fsl_qtmr.o [1]
      .rodata          inited   0x8000'130c     0x44  fsl_qtmr.o [1]
      .rodata          inited   0x8000'1350     0x3c  fsl_qtmr.o [1]
      .rodata          inited   0x8000'138c     0x44  fsl_qtmr.o [1]
      .rodata          inited   0x8000'13d0      0x8  fsl_qtmr.o [1]
      .rodata          inited   0x8000'13d8     0x14  fsl_qtmr.o [1]
      .rodata          inited   0x8000'13ec      0xc  fsl_qtmr.o [1]
      .rodata          inited   0x8000'13f8     0x40  fsl_sai.o [1]
      .rodata          inited   0x8000'1438     0x14  fsl_sai.o [1]
      .rodata          inited   0x8000'144c     0x14  fsl_sai.o [1]
      .rodata          inited   0x8000'1460      0xc  fsl_usdhc.o [1]
      .rodata          inited   0x8000'146c      0x8  lpuart_adapter.o [1]
      .rodata          inited   0x8000'1474     0x50  lpuart_adapter.o [1]
      .rodata          inited   0x8000'14c4      0x8  lpuart_adapter.o [1]
      .rodata          inited   0x8000'14cc     0x4c  lpuart_adapter.o [1]
      .rodata          inited   0x8000'1518     0x28  lpuart_adapter.o [1]
      .rodata          inited   0x8000'1540      0x8  lpuart_adapter.o [1]
      .rodata          inited   0x8000'1548      0x8  lpuart_adapter.o [1]
      .rodata          inited   0x8000'1550     0x24  lpuart_adapter.o [1]
      .rodata          inited   0x8000'1574      0x8  SEEKFREE_OLED.o [1]
      .rodata          inited   0x8000'157c     0x50  SEEKFREE_OLED.o [1]
      .rodata          inited   0x8000'15cc      0xc  SEEKFREE_OLED.o [1]
      .rodata          inited   0x8000'15d8      0xc  serial_manager.o [1]
      .rodata          inited   0x8000'15e4     0x5c  serial_manager.o [1]
      .rodata          inited   0x8000'1640      0x8  serial_manager.o [1]
      .rodata          inited   0x8000'1648      0x8  serial_manager.o [1]
      .rodata          inited   0x8000'1650      0x8  serial_manager.o [1]
      .rodata          inited   0x8000'1658      0xc  serial_manager.o [1]
      .rodata          inited   0x8000'1664      0x8  serial_manager.o [1]
      .rodata          inited   0x8000'166c     0x10  serial_manager.o [1]
      .rodata          inited   0x8000'167c     0x10  serial_port_uart.o [1]
      .rodata          inited   0x8000'168c     0x5c  serial_port_uart.o [1]
      .rodata          inited   0x8000'16e8     0x10  serial_port_uart.o [1]
      .rodata          inited   0x8000'16f8      0x8  serial_port_uart.o [1]
      .rodata          inited   0x8000'1700      0x8  serial_port_uart.o [1]
      .rodata          inited   0x8000'1708     0x18  zf_csi.o [1]
      .rodata          inited   0x8000'1720     0x44  zf_csi.o [1]
      .rodata          inited   0x8000'1764     0x40  zf_csi.o [1]
      .rodata          inited   0x8000'17a4      0xc  zf_gpio.o [1]
      .rodata          inited   0x8000'17b0     0x60  zf_gpio.o [1]
      .rodata          inited   0x8000'1810      0xc  zf_iomuxc.o [1]
      .rodata          inited   0x8000'181c     0x44  zf_iomuxc.o [1]
      .rodata          inited   0x8000'1860     0x40  zf_iomuxc.o [1]
      .rodata          inited   0x8000'18a0      0x8  zf_pit.o [1]
      .rodata          inited   0x8000'18a8     0x60  zf_pit.o [1]
      .rodata          inited   0x8000'1908     0x40  zf_pwm.o [1]
      .rodata          inited   0x8000'1948     0x40  zf_qtimer.o [1]
      .rodata          inited   0x8000'1988     0x18  zf_systick.o [1]
      .rodata          inited   0x8000'19a0     0x60  zf_systick.o [1]
      .rodata          inited   0x8000'1a00     0x28  zf_systick.o [1]
      .rodata          inited   0x8000'1a28     0x40  zf_uart.o [1]
      .text            inited   0x8000'1a68    0x338  board.o [1]
      .text            inited   0x8000'1da0    0x318  camera.o [1]
      .text            inited   0x8000'20b8    0x6f4  clock_config.o [1]
      .text            inited   0x8000'27ac     0xd8  driver.o [1]
      .text            inited   0x8000'2884     0x1c  fsl_assert.o [1]
      .text            inited   0x8000'28a0    0x73c  fsl_clock.o [1]
      .text            inited   0x8000'2fdc    0x628  fsl_csi.o [1]
      .text            inited   0x8000'3604    0x1cc  fsl_debug_console.o [1]
      .text            inited   0x8000'37d0    0x47c  fsl_edma.o [1]
      .text            inited   0x8000'3c4c     0xec  fsl_enet.o [1]
      .text            inited   0x8000'3d38     0x98  fsl_flexcan.o [1]
      .text            inited   0x8000'3dd0     0x64  fsl_flexio.o [1]
      .text            inited   0x8000'3e34     0x3c  fsl_flexio_camera.o [1]
      .text            inited   0x8000'3e70    0x1f2  fsl_gpio.o [1]
      .text            inited   0x8000'4064    0x230  fsl_gpt.o [1]
      .text            inited   0x8000'4294     0x90  fsl_lpi2c.o [1]
      .text            inited   0x8000'4324     0xf0  fsl_lpspi.o [1]
      .text            inited   0x8000'4414    0x9ec  fsl_lpuart.o [1]
      .text            inited   0x8000'4e00    0x144  fsl_pit.o [1]
      .text            inited   0x8000'4f44    0xa0c  fsl_pwm.o [1]
      .text            inited   0x8000'5950    0x1c4  fsl_qtmr.o [1]
      .text            inited   0x8000'5b14    0x138  fsl_sai.o [1]
      .text            inited   0x8000'5c4c     0x44  fsl_spdif.o [1]
      .text            inited   0x8000'5c90    0x964  fsl_str.o [1]
      .text            inited   0x8000'65f4     0x34  fsl_usdhc.o [1]
      .text            inited   0x8000'6628    0x110  init.o [1]
      .text            inited   0x8000'6738    0x178  isr.o [1]
      .text            inited   0x8000'68b0    0x174  lpuart_adapter.o [1]
      .text            inited   0x8000'6a24     0x6c  main.o [1]
      .text            inited   0x8000'6a90    0x11c  SEEKFREE_MT9V03X.o [1]
      .text            inited   0x8000'6bac    0x184  SEEKFREE_MT9V03X_CSI.o [1]
      .text            inited   0x8000'6d30    0x5f6  SEEKFREE_OLED.o [1]
      .text            inited   0x8000'7328     0x34  SEEKFREE_SCC8660.o [1]
      .text            inited   0x8000'735c     0x6c  SEEKFREE_WIRELESS.o [1]
      .text            inited   0x8000'73c8    0x1fc  serial_manager.o [1]
      .text            inited   0x8000'75c4     0xd4  serial_port_uart.o [1]
      .text            inited   0x8000'7698    0x17a  usb_device_dci.o [1]
      .text            inited   0x8000'7814    0x5e0  usb_device_ehci.o [1]
      .text            inited   0x8000'7df4     0x2c  zf_camera.o [1]
      .text            inited   0x8000'7e20    0x374  zf_csi.o [1]
      .text            inited   0x8000'8194    0x13c  zf_gpio.o [1]
      .text            inited   0x8000'82d0   0x6ab0  zf_iomuxc.o [1]
      .text            inited   0x8000'ed80    0x160  zf_pit.o [1]
      .text            inited   0x8000'eee0    0x7ec  zf_pwm.o [1]
      .text            inited   0x8000'f6cc    0x768  zf_qtimer.o [1]
      .text            inited   0x8000'fe34    0x124  zf_systick.o [1]
      .text            inited   0x8000'ff58    0x458  zf_uart.o [1]
      .text            inited   0x8001'03b0     0x20  zf_usb_cdc.o [1]
      .text            inited   0x8001'03d0      0x6  ABImemclr4.o [4]
      .text            inited   0x8001'03d8     0x66  ABImemset.o [4]
      .text            inited   0x8001'0440     0x86  ABImemcpy.o [4]
      .text            inited   0x8001'04c8    0x274  I64DivMod.o [4]
      .text            inited   0x8001'073c     0x36  strlen.o [4]
      .text            inited   0x8001'0774     0x5c  DblToS64.o [3]
      .text            inited   0x8001'07d0     0x52  S64ToDbl.o [3]
      .text            inited   0x8001'0824     0x9e  modf.o [3]
      .text            inited   0x8001'08c4    0x570  pow64.o [3]
      .text            inited   0x8001'0e34     0x32  ABImemset48.o [4]
      .text            inited   0x8001'0e68      0x2  I64DivZer.o [4]
      .text            inited   0x8001'0e6c    0x368  iar_Exp64.o [3]
      .text            inited   0x8001'11d4     0x7c  frexp.o [3]
      .text            inited   0x8001'1250     0xf0  ldexp.o [3]
      Veneer           inited   0x8001'1340      0x8  - Linker created -
      .text            inited   0x8001'1348      0xa  cexit.o [4]
      .rodata          inited   0x8001'1352      0x2  fsl_csi.o [1]
      .rodata          inited   0x8001'1354      0x2  fsl_csi.o [1]
      .rodata          inited   0x8001'1356      0x2  fsl_pit.o [1]
      .text            inited   0x8001'1358     0x10  common.o [1]
      .text            inited   0x8001'1368      0x2  zf_vector.o [1]
      .text            inited   0x8001'136a      0x8  zf_vector.o [1]
      .text            inited   0x8001'1372      0x8  zf_vector.o [1]
      .text            inited   0x8001'137a      0x8  zf_vector.o [1]
      .text            inited   0x8001'1382      0x8  zf_vector.o [1]
      .text            inited   0x8001'138a      0x8  zf_vector.o [1]
      .text            inited   0x8001'1392      0x8  zf_vector.o [1]
      .text            inited   0x8001'139a      0x8  zf_vector.o [1]
      .text            inited   0x8001'13a2      0x8  zf_vector.o [1]
      .text            inited   0x8001'13aa      0x8  zf_vector.o [1]
      .text            inited   0x8001'13b2      0x8  zf_vector.o [1]
      .text            inited   0x8001'13ba      0x8  zf_vector.o [1]
      .text            inited   0x8001'13c2      0x8  zf_vector.o [1]
      .text            inited   0x8001'13ca      0x8  zf_vector.o [1]
      .text            inited   0x8001'13d2      0x8  zf_vector.o [1]
      .text            inited   0x8001'13da      0x8  zf_vector.o [1]
      .text            inited   0x8001'13e2      0x8  zf_vector.o [1]
      .text            inited   0x8001'13ea      0x8  zf_vector.o [1]
      .text            inited   0x8001'13f2      0x2  zf_vector.o [1]
      .text            inited   0x8001'13f4      0x2  zf_vector.o [1]
      .text            inited   0x8001'13f6      0x2  zf_vector.o [1]
      .text            inited   0x8001'13f8      0x8  zf_vector.o [1]
      .text            inited   0x8001'1400      0x8  zf_vector.o [1]
      .text            inited   0x8001'1408      0x8  zf_vector.o [1]
      .text            inited   0x8001'1410      0x8  zf_vector.o [1]
      .text            inited   0x8001'1418      0x8  zf_vector.o [1]
      .text            inited   0x8001'1420      0x8  zf_vector.o [1]
      .text            inited   0x8001'1428      0x8  zf_vector.o [1]
      .text            inited   0x8001'1430      0x8  zf_vector.o [1]
      .text            inited   0x8001'1438      0x8  zf_vector.o [1]
      .text            inited   0x8001'1440      0x8  zf_vector.o [1]
      .text            inited   0x8001'1448      0x8  zf_vector.o [1]
      .text            inited   0x8001'1450      0x8  zf_vector.o [1]
      .text            inited   0x8001'1458      0x8  zf_vector.o [1]
      .text            inited   0x8001'1460      0x8  zf_vector.o [1]
      .text            inited   0x8001'1468      0x8  zf_vector.o [1]
      .text            inited   0x8001'1470      0x8  zf_vector.o [1]
      .text            inited   0x8001'1478      0x8  zf_vector.o [1]
      .text            inited   0x8001'1480      0x8  zf_vector.o [1]
      .text            inited   0x8001'1488      0x2  zf_vector.o [1]
      .text            inited   0x8001'148a      0x2  zf_vector.o [1]
      .text            inited   0x8001'148c      0x2  zf_vector.o [1]
      .text            inited   0x8001'148e      0x2  zf_vector.o [1]
      .text            inited   0x8001'1490      0x2  zf_vector.o [1]
      .text            inited   0x8001'1492      0x2  zf_vector.o [1]
      .text            inited   0x8001'1494      0x2  zf_vector.o [1]
      .text            inited   0x8001'1496      0x2  zf_vector.o [1]
      .text            inited   0x8001'1498      0x2  zf_vector.o [1]
      .text            inited   0x8001'149a      0x2  zf_vector.o [1]
      .text            inited   0x8001'149c      0x2  zf_vector.o [1]
      .text            inited   0x8001'149e      0x2  zf_vector.o [1]
      .text            inited   0x8001'14a0      0x2  zf_vector.o [1]
      .text            inited   0x8001'14a2      0x2  zf_vector.o [1]
      .text            inited   0x8001'14a4      0x2  zf_vector.o [1]
      .text            inited   0x8001'14a6      0x2  zf_vector.o [1]
      .text            inited   0x8001'14a8      0x2  zf_vector.o [1]
      .text            inited   0x8001'14aa      0x8  zf_vector.o [1]
      .text            inited   0x8001'14b2      0x8  zf_vector.o [1]
      .text            inited   0x8001'14ba      0x8  zf_vector.o [1]
      .text            inited   0x8001'14c2      0x8  zf_vector.o [1]
      .text            inited   0x8001'14ca      0x8  zf_vector.o [1]
      .text            inited   0x8001'14d2      0x2  zf_vector.o [1]
      .text            inited   0x8001'14d4      0x2  zf_vector.o [1]
      .text            inited   0x8001'14d6      0x2  zf_vector.o [1]
      .text            inited   0x8001'14d8      0x2  zf_vector.o [1]
      .text            inited   0x8001'14da      0x2  zf_vector.o [1]
      .text            inited   0x8001'14dc      0x2  zf_vector.o [1]
      .text            inited   0x8001'14de      0x2  zf_vector.o [1]
      .text            inited   0x8001'14e0      0x2  zf_vector.o [1]
      .text            inited   0x8001'14e2      0x2  zf_vector.o [1]
      .text            inited   0x8001'14e4      0x2  zf_vector.o [1]
      .text            inited   0x8001'14e6      0x2  zf_vector.o [1]
      .text            inited   0x8001'14e8      0x2  zf_vector.o [1]
      .text            inited   0x8001'14ea      0x2  zf_vector.o [1]
      .text            inited   0x8001'14ec      0x2  zf_vector.o [1]
      .text            inited   0x8001'14ee      0x2  zf_vector.o [1]
      .text            inited   0x8001'14f0      0x2  zf_vector.o [1]
      .text            inited   0x8001'14f2      0x2  zf_vector.o [1]
      .text            inited   0x8001'14f4      0x2  zf_vector.o [1]
      .text            inited   0x8001'14f6      0x2  zf_vector.o [1]
      .text            inited   0x8001'14f8      0x2  zf_vector.o [1]
      .text            inited   0x8001'14fa      0x2  zf_vector.o [1]
      .text            inited   0x8001'14fc      0x2  zf_vector.o [1]
      .text            inited   0x8001'14fe      0x2  zf_vector.o [1]
      .text            inited   0x8001'1500      0x2  zf_vector.o [1]
      .text            inited   0x8001'1502      0x2  zf_vector.o [1]
      .text            inited   0x8001'1504      0x2  zf_vector.o [1]
      .text            inited   0x8001'1506      0x2  zf_vector.o [1]
      .text            inited   0x8001'1508      0x8  zf_vector.o [1]
      .text            inited   0x8001'1510      0x8  zf_vector.o [1]
      .text            inited   0x8001'1518      0x2  zf_vector.o [1]
      .text            inited   0x8001'151a      0x2  zf_vector.o [1]
      .text            inited   0x8001'151c      0x2  zf_vector.o [1]
      .text            inited   0x8001'151e      0x2  zf_vector.o [1]
      .text            inited   0x8001'1520      0x2  zf_vector.o [1]
      .text            inited   0x8001'1522      0x2  zf_vector.o [1]
      .text            inited   0x8001'1524      0x2  zf_vector.o [1]
      .text            inited   0x8001'1526      0x2  zf_vector.o [1]
      .text            inited   0x8001'1528      0x2  zf_vector.o [1]
      .text            inited   0x8001'152a      0x2  zf_vector.o [1]
      .text            inited   0x8001'152c      0x2  zf_vector.o [1]
      .text            inited   0x8001'152e      0x2  zf_vector.o [1]
      .text            inited   0x8001'1530      0x2  zf_vector.o [1]
      .text            inited   0x8001'1532      0x2  zf_vector.o [1]
      .text            inited   0x8001'1534      0x2  zf_vector.o [1]
      .text            inited   0x8001'1536      0x8  zf_vector.o [1]
      .text            inited   0x8001'153e      0x8  zf_vector.o [1]
      .text            inited   0x8001'1546      0x2  zf_vector.o [1]
      .text            inited   0x8001'1548      0x8  zf_vector.o [1]
      .text            inited   0x8001'1550      0x8  zf_vector.o [1]
      .text            inited   0x8001'1558      0x8  zf_vector.o [1]
      .text            inited   0x8001'1560      0x2  zf_vector.o [1]
      .text            inited   0x8001'1562      0x2  zf_vector.o [1]
      .text            inited   0x8001'1564      0x2  zf_vector.o [1]
      .text            inited   0x8001'1566      0x2  zf_vector.o [1]
      .text            inited   0x8001'1568      0x2  zf_vector.o [1]
      .text            inited   0x8001'156a      0x2  zf_vector.o [1]
      .text            inited   0x8001'156c      0x2  zf_vector.o [1]
      .text            inited   0x8001'156e      0x2  zf_vector.o [1]
      .text            inited   0x8001'1570      0x2  zf_vector.o [1]
      .text            inited   0x8001'1572      0x2  zf_vector.o [1]
      .text            inited   0x8001'1574      0x2  zf_vector.o [1]
      .text            inited   0x8001'1576      0x2  zf_vector.o [1]
      .text            inited   0x8001'1578      0x2  zf_vector.o [1]
      .text            inited   0x8001'157a      0x2  zf_vector.o [1]
      .text            inited   0x8001'157c      0x2  zf_vector.o [1]
      .text            inited   0x8001'157e      0x2  zf_vector.o [1]
      .text            inited   0x8001'1580      0x2  zf_vector.o [1]
      .text            inited   0x8001'1582      0x2  zf_vector.o [1]
      .text            inited   0x8001'1584      0x2  zf_vector.o [1]
      .text            inited   0x8001'1586      0x2  zf_vector.o [1]
      .text            inited   0x8001'1588      0x2  zf_vector.o [1]
      .text            inited   0x8001'158a      0x2  zf_vector.o [1]
      .text            inited   0x8001'158c      0x2  zf_vector.o [1]
      .text            inited   0x8001'158e      0x2  zf_vector.o [1]
      .text            inited   0x8001'1590      0x2  zf_vector.o [1]
      .text            inited   0x8001'1592      0x2  zf_vector.o [1]
      .text            inited   0x8001'1594      0x2  zf_vector.o [1]
      .text            inited   0x8001'1596      0x2  zf_vector.o [1]
      .text            inited   0x8001'1598      0x2  zf_vector.o [1]
      .text            inited   0x8001'159a      0x2  zf_vector.o [1]
      .text            inited   0x8001'159c      0x2  zf_vector.o [1]
      .text            inited   0x8001'159e      0x2  zf_vector.o [1]
      .text            inited   0x8001'15a0      0x2  zf_vector.o [1]
      .text            inited   0x8001'15a2      0x2  zf_vector.o [1]
      .text            inited   0x8001'15a4      0x2  zf_vector.o [1]
      .text            inited   0x8001'15a6      0x8  zf_vector.o [1]
      .text            inited   0x8001'15ae      0x8  zf_vector.o [1]
      .text            inited   0x8001'15b6      0x8  zf_vector.o [1]
      .text            inited   0x8001'15be      0x2  zf_vector.o [1]
      .text            inited   0x8001'15c0      0x8  zf_vector.o [1]
      .text            inited   0x8001'15c8      0x2  zf_vector.o [1]
      .text            inited   0x8001'15ca      0x2  zf_vector.o [1]
      .text            inited   0x8001'15cc      0x2  zf_vector.o [1]
      .text            inited   0x8001'15ce      0x2  zf_vector.o [1]
      .text            inited   0x8001'15d0      0x2  zf_vector.o [1]
      .text            inited   0x8001'15d2      0x4  exit.o [2]
                              - 0x8001'15d6  0x111d6

Unused ranges:

         From           To        Size
         ----           --        ----
  0x2000'01d4  0x2000'01df         0xc
  0x2001'33d0  0x2006'efff    0x5'bc30
  0x7000'c1a6  0x703f'ffff   0x3f'3e5a
  0x8000'0000  0x8000'03ff       0x400
  0x8001'15d6  0x81df'ffff  0x1de'ea2a


*******************************************************************************
*** INIT TABLE
***

          Address      Size
          -------      ----
Zero (__iar_zero_init3)
    2 destination ranges, total size 0x131ec:
          0x2000'01e0   0x9bec
          0x2000'9dd0   0x9600

Copy/lz77 (__iar_lz77_init3)
    1 source range, total size 0x97b8 (55% of destination):
          0x7000'294e   0x97b8
    1 destination range, total size 0x111d6:
          0x8000'0400  0x111d6

Copy/lz77 (__iar_lz77_init3)
    1 source range, total size 0xa0 (34% of destination):
          0x7000'c106     0xa0
    1 destination range, total size 0x1d4:
          0x2000'0000    0x1d4



*******************************************************************************
*** MODULE SUMMARY
***

    Module                              ro code  rw code  ro data  rw data
    ------                              -------  -------  -------  -------
command line/config:
    ----------------------------------------------------------------------
    Total:

D:\STUDY\SmartCar\Demo\SmartCar\Project\IAR\program\nor_sdram_zf_dtcm\Obj: [1]
    SEEKFREE_MT9V03X.o                               284      157   22 566
    SEEKFREE_MT9V03X_CSI.o                           388      238   16 514
    SEEKFREE_OLED.o                                1 526      900      100
    SEEKFREE_SCC8660.o                                52       30   38 400
    SEEKFREE_WIRELESS.o                              108       60       57
    board.o                                          824      456
    camera.o                                         792      526      515
    clock_config.o                                 1 780    1 048      112
    common.o                                          16        9        1
    driver.o                                         216      128       48
    evkmimxrt1064_flexspi_nor_config.o                        512
    evkmimxrt1064_sdram_ini_dcd.o                           1 072
    fsl_assert.o                                      28       39       44
    fsl_clock.o                                    1 852    1 081      108
    fsl_csi.o                                      1 576    1 001      236
    fsl_debug_console.o                              460      347      200
    fsl_edma.o                                     1 148      689      224
    fsl_enet.o                                       236      208      164
    fsl_flexcan.o                                    152      155      148
    fsl_flexio.o                                     100       56       24
    fsl_flexio_camera.o                               60       33
    fsl_flexspi_nor_boot.o                                     48
    fsl_gpio.o                                       498      427      272
    fsl_gpt.o                                        560      495      332
    fsl_lpi2c.o                                      144       80       48
    fsl_lpspi.o                                      240      215      176
    fsl_lpuart.o                                   2 540    1 629      440
    fsl_pit.o                                        324      300      218
    fsl_pwm.o                                      2 572    1 649      404
    fsl_qtmr.o                                       452      387      248
    fsl_sai.o                                        312      231      144
    fsl_spdif.o                                       68       38       16
    fsl_str.o                                      2 404    1 332
    fsl_usdhc.o                                       52       36       28
    init.o                                           272      150
    isr.o                                            376      209
    lpuart_adapter.o                                 372      352      264
    main.o                                           108       60
    serial_manager.o                                 508      373      164
    serial_port_uart.o                               212      195      140
    startup_MIMXRT1064.o                    108
    system_MIMXRT1064.o                     382                 2        4
    usb_device_dci.o                                 378      210
    usb_device_ehci.o                              1 504      834
    zf_camera.o                                       44       24       28
    zf_csi.o                                         884      576      188
    zf_gpio.o                                        316      249      148
    zf_iomuxc.o                                   27 312   15 212      144
    zf_pit.o                                         352      253      104
    zf_pwm.o                                       2 028    1 166       84
    zf_qtimer.o                                    1 896    1 092       84
    zf_systick.o                                     292      251      161
    zf_uart.o                                      1 112      664      100
    zf_usb_cdc.o                                      32       18       16
    zf_vector.o                                      618    1 366
    ----------------------------------------------------------------------
    Total:                                  490   60 380   38 868   83 416

dl7M_tln.a: [2]
    abort.o                                   6
    exit.o                                             4        2
    low_level_init.o                          4
    ----------------------------------------------------------------------
    Total:                                   10        4        2

m7M_tlv.a: [3]
    DblToS64.o                                        92       52
    S64ToDbl.o                                        82       46
    fpinit_M.o                               34
    frexp.o                                          124       69
    iar_Exp64.o                                      872      484
    ldexp.o                                          240      133
    modf.o                                           158       89
    pow64.o                                        1 392    1 357    1 056
    ----------------------------------------------------------------------
    Total:                                   34    2 960    2 230    1 056

rt7M_tl.a: [4]
    ABImemclr4.o                                       6        3
    ABImemcpy.o                                      134       75
    ABImemset.o                                      102       58
    ABImemset48.o                                     50       28
    I64DivMod.o                                      628      349
    I64DivZer.o                                        2        2
    cexit.o                                           10        6
    cmain.o                                  30
    cstartup_M.o                             12
    data_init.o                              40
    lz77_init.o                             502
    strlen.o                                          54       30
    vector_table_M.o                         64
    zero_init3.o                             58
    ----------------------------------------------------------------------
    Total:                                  706      986      551

shb_l.a: [5]
    exit.o                                   20
    ----------------------------------------------------------------------
    Total:                                   20

    Gaps                                              22        2       54
    Linker created                           16        8       85    4 096
--------------------------------------------------------------------------
    Grand Total:                          1 276   64 360   41 738   88 622


*******************************************************************************
*** ENTRY LIST
***

Entry                       Address    Size  Type      Object
-----                       -------    ----  ----      ------
.iar.init_table$$Base   0x7000'28c0           --   Gb  - Linker created -
.iar.init_table$$Limit  0x7000'2910           --   Gb  - Linker created -
?main                   0x7000'2921          Code  Gb  cmain.o [4]
ARM_MPU_Disable         0x8000'1aab    0x20  Code  Lc  board.o [1]
ARM_MPU_Enable          0x8000'1a8b    0x20  Code  Lc  board.o [1]
BOARD_BootClockRUN      0x8000'2239   0x448  Code  Gb  clock_config.o [1]
BOARD_ConfigMPU         0x8000'1c77    0x7c  Code  Gb  board.o [1]
BOARD_DebugConsoleSrcFreq
                        0x8000'1c25    0x3a  Code  Gb  board.o [1]
BOARD_InitDebugConsole  0x8000'1c5f    0x18  Code  Gb  board.o [1]
BusFault_Handler        0x8001'135f     0x2  Code  Gb  common.o [1]
CAN1_DriverIRQHandler   0x8000'3d39    0x26  Code  Gb  fsl_flexcan.o [1]
CAN2_DriverIRQHandler   0x8000'3d5f    0x26  Code  Gb  fsl_flexcan.o [1]
CAN3_DriverIRQHandler   0x8000'3d85    0x26  Code  Gb  fsl_flexcan.o [1]
CLOCK_ControlGate       0x8000'21a5    0x48  Code  Lc  clock_config.o [1]
CLOCK_ControlGate       0x8000'2ffd    0x48  Code  Lc  fsl_csi.o [1]
CLOCK_ControlGate       0x8000'3e71    0x42  Code  Lc  fsl_gpio.o [1]
CLOCK_ControlGate       0x8000'4065    0x42  Code  Lc  fsl_gpt.o [1]
CLOCK_ControlGate       0x8000'4435    0x48  Code  Lc  fsl_lpuart.o [1]
CLOCK_ControlGate       0x8000'4e01    0x42  Code  Lc  fsl_pit.o [1]
CLOCK_ControlGate       0x8000'4f45    0x48  Code  Lc  fsl_pwm.o [1]
CLOCK_ControlGate       0x8000'5951    0x42  Code  Lc  fsl_qtmr.o [1]
CLOCK_ControlGate       0x8000'82d1    0x42  Code  Lc  zf_iomuxc.o [1]
CLOCK_DeinitAudioPll    0x8000'2c0d     0xc  Code  Gb  fsl_clock.o [1]
CLOCK_DeinitEnetPll     0x8000'2c25     0xc  Code  Gb  fsl_clock.o [1]
CLOCK_DeinitUsb2Pll     0x8000'2c03     0xa  Code  Gb  fsl_clock.o [1]
CLOCK_DeinitVideoPll    0x8000'2c19     0xc  Code  Gb  fsl_clock.o [1]
CLOCK_DisableClock      0x8000'21ed    0x10  Code  Lc  clock_config.o [1]
CLOCK_DisableClock      0x8000'40b7    0x10  Code  Lc  fsl_gpt.o [1]
CLOCK_DisableClock      0x8000'448d    0x10  Code  Lc  fsl_lpuart.o [1]
CLOCK_DisableClock      0x8000'4e53    0x10  Code  Lc  fsl_pit.o [1]
CLOCK_DisableClock      0x8000'4f9d    0x10  Code  Lc  fsl_pwm.o [1]
CLOCK_DisableClock      0x8000'59a3    0x10  Code  Lc  fsl_qtmr.o [1]
CLOCK_EnableClock       0x8000'3045    0x10  Code  Lc  fsl_csi.o [1]
CLOCK_EnableClock       0x8000'3eb3    0x10  Code  Lc  fsl_gpio.o [1]
CLOCK_EnableClock       0x8000'40a7    0x10  Code  Lc  fsl_gpt.o [1]
CLOCK_EnableClock       0x8000'447d    0x10  Code  Lc  fsl_lpuart.o [1]
CLOCK_EnableClock       0x8000'4e43    0x10  Code  Lc  fsl_pit.o [1]
CLOCK_EnableClock       0x8000'4f8d    0x10  Code  Lc  fsl_pwm.o [1]
CLOCK_EnableClock       0x8000'5993    0x10  Code  Lc  fsl_qtmr.o [1]
CLOCK_EnableClock       0x8000'8321    0x10  Code  Lc  zf_iomuxc.o [1]
CLOCK_GetAhbFreq        0x8000'2a25    0x18  Code  Gb  fsl_clock.o [1]
CLOCK_GetDiv            0x8000'1be9    0x2a  Code  Lc  board.o [1]
CLOCK_GetFreq           0x8000'2aaf   0x114  Code  Gb  fsl_clock.o [1]
CLOCK_GetIpgFreq        0x8000'2a71    0x18  Code  Gb  fsl_clock.o [1]
CLOCK_GetMux            0x8000'1bbf    0x2a  Code  Lc  board.o [1]
CLOCK_GetOscFreq        0x8000'1c13    0x12  Code  Lc  board.o [1]
CLOCK_GetOscFreq        0x8000'28a1    0x18  Code  Lc  fsl_clock.o [1]
CLOCK_GetPerClkFreq     0x8000'2a89    0x26  Code  Gb  fsl_clock.o [1]
CLOCK_GetPeriphClkFreq  0x8000'2907    0xaa  Code  Lc  fsl_clock.o [1]
CLOCK_GetPllBypassRefClk
                        0x8000'28e5    0x22  Code  Lc  fsl_clock.o [1]
CLOCK_GetPllFreq        0x8000'2c31   0x23e  Code  Gb  fsl_clock.o [1]
CLOCK_GetRtcFreq        0x8000'28b9     0x6  Code  Lc  fsl_clock.o [1]
CLOCK_GetSemcFreq       0x8000'2a3d    0x34  Code  Gb  fsl_clock.o [1]
CLOCK_GetSysPfdFreq     0x8000'2e79    0x60  Code  Gb  fsl_clock.o [1]
CLOCK_GetUsb1PfdFreq    0x8000'2ee5    0x60  Code  Gb  fsl_clock.o [1]
CLOCK_InitArmPll        0x8000'2bc3    0x40  Code  Gb  fsl_clock.o [1]
CLOCK_InitExternalClk   0x8000'29b1    0x4a  Code  Gb  fsl_clock.o [1]
CLOCK_InitRcOsc24M      0x8000'2a17     0xe  Code  Gb  fsl_clock.o [1]
CLOCK_IsPllBypassed     0x8000'28bf    0x10  Code  Lc  fsl_clock.o [1]
CLOCK_IsPllEnabled      0x8000'28cf    0x16  Code  Lc  fsl_clock.o [1]
CLOCK_SetDiv            0x8000'212f    0x76  Code  Lc  clock_config.o [1]
CLOCK_SetDiv            0x8000'7e8f    0x6e  Code  Lc  zf_csi.o [1]
CLOCK_SetMux            0x8000'20b9    0x76  Code  Lc  clock_config.o [1]
CLOCK_SetMux            0x8000'7e21    0x6e  Code  Lc  zf_csi.o [1]
CLOCK_SetPllBypass      0x8000'220d    0x2c  Code  Lc  clock_config.o [1]
CLOCK_SetRtcXtalFreq    0x8000'2205     0x8  Code  Lc  clock_config.o [1]
CLOCK_SetXtalFreq       0x8000'21fd     0x8  Code  Lc  clock_config.o [1]
CLOCK_SwitchOsc         0x8000'29fb    0x1c  Code  Gb  fsl_clock.o [1]
CSI_ClearFifo           0x8000'32e3    0x30  Code  Gb  fsl_csi.o [1]
CSI_DriverIRQHandler    0x8000'35b3    0x10  Code  Gb  fsl_csi.o [1]
CSI_EnableFifoDmaRequest
                        0x8000'3333    0x2e  Code  Gb  fsl_csi.o [1]
CSI_EnableInterrupts    0x8000'3361    0x24  Code  Gb  fsl_csi.o [1]
CSI_GetDefaultConfig    0x8000'327f    0x54  Code  Gb  fsl_csi.o [1]
CSI_GetInstance         0x8000'30a5    0x34  Code  Lc  fsl_csi.o [1]
CSI_IRQHandler          0x8000'677b     0xc  Code  Gb  isr.o [1]
CSI_Init                0x8000'3135    0xfc  Code  Gb  fsl_csi.o [1]
CSI_ReflashFifoDma      0x8000'3313    0x20  Code  Gb  fsl_csi.o [1]
CSI_Reset               0x8000'3231    0x4e  Code  Gb  fsl_csi.o [1]
CSI_SetRxBufferAddr     0x8000'32d3    0x10  Code  Gb  fsl_csi.o [1]
CSI_Start               0x8000'3075    0x18  Code  Lc  fsl_csi.o [1]
CSI_Stop                0x8000'308d    0x18  Code  Lc  fsl_csi.o [1]
CSI_TransferCreateHandle
                        0x8000'3385    0x5e  Code  Gb  fsl_csi.o [1]
CSI_TransferGetEmptyBufferCount
                        0x8000'30f5    0x12  Code  Lc  fsl_csi.o [1]
CSI_TransferGetFullBuffer
                        0x8000'34cf    0x36  Code  Gb  fsl_csi.o [1]
CSI_TransferGetQueueDelta
                        0x8000'30d9     0xe  Code  Lc  fsl_csi.o [1]
CSI_TransferHandleIRQ   0x8000'3509    0xaa  Code  Gb  fsl_csi.o [1]
CSI_TransferIncreaseQueueIdx
                        0x8000'30e7     0xe  Code  Lc  fsl_csi.o [1]
CSI_TransferLoadBufferToDevice
                        0x8000'3107    0x2e  Code  Lc  fsl_csi.o [1]
CSI_TransferStart       0x8000'33e3    0x76  Code  Gb  fsl_csi.o [1]
CSI_TransferSubmitEmptyBuffer
                        0x8000'3459    0x76  Code  Gb  fsl_csi.o [1]
CSTACK$$Base            0x2006'f000           --   Gb  - Linker created -
CSTACK$$Limit           0x2007'0000           --   Gb  - Linker created -
ConvertFloatRadixNumToString
                        0x8000'5de1   0x19e  Code  Lc  fsl_str.o [1]
ConvertRadixNumToString
                        0x8000'5c91   0x150  Code  Lc  fsl_str.o [1]
DMA0_DMA16_DriverIRQHandler
                        0x8000'3927    0x34  Code  Gb  fsl_edma.o [1]
DMA10_DMA26_DriverIRQHandler
                        0x8000'3b25    0x30  Code  Gb  fsl_edma.o [1]
DMA11_DMA27_DriverIRQHandler
                        0x8000'3b55    0x2e  Code  Gb  fsl_edma.o [1]
DMA12_DMA28_DriverIRQHandler
                        0x8000'3b83    0x2e  Code  Gb  fsl_edma.o [1]
DMA13_DMA29_DriverIRQHandler
                        0x8000'3bb1    0x2e  Code  Gb  fsl_edma.o [1]
DMA14_DMA30_DriverIRQHandler
                        0x8000'3bdf    0x2e  Code  Gb  fsl_edma.o [1]
DMA15_DMA31_DriverIRQHandler
                        0x8000'3c0d    0x2e  Code  Gb  fsl_edma.o [1]
DMA1_DMA17_DriverIRQHandler
                        0x8000'395b    0x34  Code  Gb  fsl_edma.o [1]
DMA2_DMA18_DriverIRQHandler
                        0x8000'398f    0x34  Code  Gb  fsl_edma.o [1]
DMA3_DMA19_DriverIRQHandler
                        0x8000'39c3    0x34  Code  Gb  fsl_edma.o [1]
DMA4_DMA20_DriverIRQHandler
                        0x8000'39f7    0x34  Code  Gb  fsl_edma.o [1]
DMA5_DMA21_DriverIRQHandler
                        0x8000'3a2b    0x34  Code  Gb  fsl_edma.o [1]
DMA6_DMA22_DriverIRQHandler
                        0x8000'3a5f    0x34  Code  Gb  fsl_edma.o [1]
DMA7_DMA23_DriverIRQHandler
                        0x8000'3a93    0x32  Code  Gb  fsl_edma.o [1]
DMA8_DMA24_DriverIRQHandler
                        0x8000'3ac5    0x30  Code  Gb  fsl_edma.o [1]
DMA9_DMA25_DriverIRQHandler
                        0x8000'3af5    0x30  Code  Gb  fsl_edma.o [1]
DTCM_VAR$$Base          0x2000'9dd0           --   Gb  - Linker created -
DTCM_VAR$$Limit         0x2001'33d0           --   Gb  - Linker created -
DbgConsole_Init         0x8000'368b    0xe6  Code  Gb  fsl_debug_console.o [1]
DbgConsole_PrintCallback
                        0x8000'364d    0x3e  Code  Lc  fsl_debug_console.o [1]
DbgConsole_Printf       0x8000'3771    0x3a  Code  Gb  fsl_debug_console.o [1]
DbgConsole_SendData     0x8000'3605    0x48  Code  Gb  fsl_debug_console.o [1]
DebugMon_Handler        0x8001'1365     0x2  Code  Gb  common.o [1]
DefaultISR              0x7000'2871          Code  Wk  startup_MIMXRT1064.o [1]
DisableGlobalIRQ        0x8000'6a25     0x8  Code  Lc  main.o [1]
DisableGlobalIRQ        0x8000'6bad     0x8  Code  Lc  SEEKFREE_MT9V03X_CSI.o [1]
DisableGlobalIRQ        0x8000'7efd     0x8  Code  Lc  zf_csi.o [1]
EDMA_GetChannelStatusFlags
                        0x8000'37d1    0x4a  Code  Gb  fsl_edma.o [1]
EDMA_HandleIRQ          0x8000'3825   0x102  Code  Gb  fsl_edma.o [1]
ENET2_DriverIRQHandler  0x8000'3d0d     0xa  Code  Gb  fsl_enet.o [1]
ENET_1588_Timer_IRQHandler
                        0x8000'3cf1    0x10  Code  Gb  fsl_enet.o [1]
ENET_CommonFrame0IRQHandler
                        0x8000'3c91    0x60  Code  Gb  fsl_enet.o [1]
ENET_DriverIRQHandler   0x8000'3d01     0xa  Code  Gb  fsl_enet.o [1]
ENET_GetInstance        0x8000'3c4d    0x36  Code  Gb  fsl_enet.o [1]
EnableGlobalIRQ         0x8000'6a2d     0x6  Code  Lc  main.o [1]
EnableGlobalIRQ         0x8000'6bb5     0x6  Code  Lc  SEEKFREE_MT9V03X_CSI.o [1]
EnableIRQ               0x8000'3055    0x20  Code  Lc  fsl_csi.o [1]
EnableIRQ               0x8000'449d    0x20  Code  Lc  fsl_lpuart.o [1]
EnableIRQ               0x8000'ed9f    0x20  Code  Lc  zf_pit.o [1]
FLEXIO1_DriverIRQHandler
                        0x8000'3e1d     0x8  Code  Gb  fsl_flexio.o [1]
FLEXIO2_DriverIRQHandler
                        0x8000'3e25     0x8  Code  Gb  fsl_flexio.o [1]
FLEXIO3_DriverIRQHandler
                        0x8000'3e2d     0x8  Code  Gb  fsl_flexio.o [1]
FLEXIO_CAMERA_ClearStatusFlags
                        0x8000'3e3d    0x34  Code  Gb  fsl_flexio_camera.o [1]
FLEXIO_ClearShifterErrorFlags
                        0x8000'3e39     0x4  Code  Lc  fsl_flexio_camera.o [1]
FLEXIO_ClearShifterStatusFlags
                        0x8000'3e35     0x4  Code  Lc  fsl_flexio_camera.o [1]
FLEXIO_CommonIRQHandler
                        0x8000'3dd1    0x3e  Code  Gb  fsl_flexio.o [1]
GET_CFG_CSI             0x2000'0170    0x20  Data  Gb  SEEKFREE_MT9V03X_CSI.o [1]
GPIO2_Combined_0_15_IRQHandler
                        0x8000'685d    0x3a  Code  Gb  isr.o [1]
GPIO2_Combined_16_31_IRQHandler
                        0x8000'683f    0x1e  Code  Gb  isr.o [1]
GPIO_ClearPinsInterruptFlags
                        0x8000'676b    0x10  Code  Lc  isr.o [1]
GPIO_ClearPinsInterruptFlags
                        0x8000'6a95    0x10  Code  Lc  SEEKFREE_MT9V03X.o [1]
GPIO_ClearPinsInterruptFlags
                        0x8000'732d    0x10  Code  Lc  SEEKFREE_SCC8660.o [1]
GPIO_ClearPinsOutput    0x8000'81b1    0x10  Code  Lc  zf_gpio.o [1]
GPIO_GetInstance        0x8000'3ed9    0x2e  Code  Lc  fsl_gpio.o [1]
GPIO_GetPinsInterruptFlags
                        0x8000'675b     0xc  Code  Lc  isr.o [1]
GPIO_PinInit            0x8000'3f07    0x58  Code  Gb  fsl_gpio.o [1]
GPIO_PinReadPadStatus   0x8000'81c1    0x26  Code  Lc  zf_gpio.o [1]
GPIO_PinSetInterruptConfig
                        0x8000'3fb9    0xaa  Code  Gb  fsl_gpio.o [1]
GPIO_PinWrite           0x8000'3f5f    0x3a  Code  Gb  fsl_gpio.o [1]
GPIO_PortClear          0x8000'81ab     0x6  Code  Lc  zf_gpio.o [1]
GPIO_PortClearInterruptFlags
                        0x8000'6767     0x4  Code  Lc  isr.o [1]
GPIO_PortClearInterruptFlags
                        0x8000'6a91     0x4  Code  Lc  SEEKFREE_MT9V03X.o [1]
GPIO_PortClearInterruptFlags
                        0x8000'7329     0x4  Code  Lc  SEEKFREE_SCC8660.o [1]
GPIO_PortGetInterruptFlags
                        0x8000'6757     0x4  Code  Lc  isr.o [1]
GPIO_PortSet            0x8000'8195     0x6  Code  Lc  zf_gpio.o [1]
GPIO_ReadPadStatus      0x8000'81e7    0x10  Code  Lc  zf_gpio.o [1]
GPIO_SetPinInterruptConfig
                        0x8000'3ec3    0x16  Code  Lc  fsl_gpio.o [1]
GPIO_SetPinsOutput      0x8000'819b    0x10  Code  Lc  zf_gpio.o [1]
GPT_ClearStatusFlags    0x8000'fead     0x8  Code  Lc  zf_systick.o [1]
GPT_Deinit              0x8000'4207    0x1a  Code  Gb  fsl_gpt.o [1]
GPT_GetDefaultConfig    0x8000'4221    0x48  Code  Gb  fsl_gpt.o [1]
GPT_GetInstance         0x8000'413d    0x2e  Code  Lc  fsl_gpt.o [1]
GPT_GetStatusFlags      0x8000'fea3     0xa  Code  Lc  zf_systick.o [1]
GPT_Init                0x8000'416b    0x9c  Code  Gb  fsl_gpt.o [1]
GPT_SetClockDivider     0x8000'410f    0x2e  Code  Lc  fsl_gpt.o [1]
GPT_SetClockDivider     0x8000'fe35    0x2e  Code  Lc  zf_systick.o [1]
GPT_SetClockSource      0x8000'40d7    0x38  Code  Lc  fsl_gpt.o [1]
GPT_SetOutputCompareValue
                        0x8000'fe77    0x2c  Code  Lc  zf_systick.o [1]
GPT_SoftwareReset       0x8000'40c7    0x10  Code  Lc  fsl_gpt.o [1]
GPT_StartTimer          0x8000'fe63     0xa  Code  Lc  zf_systick.o [1]
GPT_StopTimer           0x8000'fe6d     0xa  Code  Lc  zf_systick.o [1]
HAL_UartGetStatus       0x8000'68b1    0x10  Code  Lc  lpuart_adapter.o [1]
HAL_UartInit            0x8000'68c1    0xe8  Code  Gb  lpuart_adapter.o [1]
HAL_UartSendBlocking    0x8000'69a9    0x5a  Code  Gb  lpuart_adapter.o [1]
HardFault_Handler       0x8001'135b     0x2  Code  Gb  common.o [1]
IOMUXC_SetPinConfig     0x8000'834d    0x10  Code  Lc  zf_iomuxc.o [1]
IOMUXC_SetPinMux        0x8000'8331    0x1c  Code  Lc  zf_iomuxc.o [1]
InStream_Read           0x7000'2455    0x28  Code  Lc  lz77_init.o [4]
InStream_StepRegion     0x7000'2441    0x14  Code  Lc  lz77_init.o [4]
LPI2C1_DriverIRQHandler
                        0x8000'42d3     0xc  Code  Gb  fsl_lpi2c.o [1]
LPI2C2_DriverIRQHandler
                        0x8000'42df     0xc  Code  Gb  fsl_lpi2c.o [1]
LPI2C3_DriverIRQHandler
                        0x8000'42eb     0xc  Code  Gb  fsl_lpi2c.o [1]
LPI2C4_DriverIRQHandler
                        0x8000'42f7     0xc  Code  Gb  fsl_lpi2c.o [1]
LPI2C_CommonIRQHandler  0x8000'4295    0x3e  Code  Lc  fsl_lpi2c.o [1]
LPSPI1_DriverIRQHandler
                        0x8000'4355    0x24  Code  Gb  fsl_lpspi.o [1]
LPSPI2_DriverIRQHandler
                        0x8000'4379    0x24  Code  Gb  fsl_lpspi.o [1]
LPSPI3_DriverIRQHandler
                        0x8000'439d    0x24  Code  Gb  fsl_lpspi.o [1]
LPSPI4_DriverIRQHandler
                        0x8000'43c1    0x24  Code  Gb  fsl_lpspi.o [1]
LPSPI_CommonIRQHandler  0x8000'432d    0x28  Code  Lc  fsl_lpspi.o [1]
LPSPI_IsMaster          0x8000'4325     0x8  Code  Lc  fsl_lpspi.o [1]
LPUART1_DriverIRQHandler
                        0x8000'4d35    0x10  Code  Gb  fsl_lpuart.o [1]
LPUART2_DriverIRQHandler
                        0x8000'4d4d    0x10  Code  Gb  fsl_lpuart.o [1]
LPUART3_DriverIRQHandler
                        0x8000'4d5d    0x10  Code  Gb  fsl_lpuart.o [1]
LPUART4_DriverIRQHandler
                        0x8000'4d71    0x10  Code  Gb  fsl_lpuart.o [1]
LPUART5_DriverIRQHandler
                        0x8000'4d81    0x10  Code  Gb  fsl_lpuart.o [1]
LPUART6_DriverIRQHandler
                        0x8000'4d91    0x10  Code  Gb  fsl_lpuart.o [1]
LPUART7_DriverIRQHandler
                        0x8000'4da1    0x10  Code  Gb  fsl_lpuart.o [1]
LPUART8_DriverIRQHandler
                        0x8000'4db1    0x10  Code  Gb  fsl_lpuart.o [1]
LPUART_Deinit           0x8000'4853    0x3e  Code  Gb  fsl_lpuart.o [1]
LPUART_DisableInterrupts
                        0x8000'4925    0x2a  Code  Gb  fsl_lpuart.o [1]
LPUART_EnableInterrupts
                        0x8000'48fd    0x28  Code  Gb  fsl_lpuart.o [1]
LPUART_GetDefaultConfig
                        0x8000'4891    0x6c  Code  Gb  fsl_lpuart.o [1]
LPUART_GetEnabledInterrupts
                        0x8000'494f    0x1e  Code  Gb  fsl_lpuart.o [1]
LPUART_GetInstance      0x8000'44cf    0x34  Code  Gb  fsl_lpuart.o [1]
LPUART_GetStatusFlags   0x8000'496d    0x10  Code  Gb  fsl_lpuart.o [1]
LPUART_Init             0x8000'45f9   0x25a  Code  Gb  fsl_lpuart.o [1]
LPUART_ReadNonBlocking  0x8000'45a5    0x54  Code  Lc  fsl_lpuart.o [1]
LPUART_SoftwareReset    0x8000'44bd    0x12  Code  Lc  fsl_lpuart.o [1]
LPUART_TransferCreateHandle
                        0x8000'49b5    0x94  Code  Gb  fsl_lpuart.o [1]
LPUART_TransferGetRxRingBufferLength
                        0x8000'4503    0x3e  Code  Gb  fsl_lpuart.o [1]
LPUART_TransferHandleIRQ
                        0x8000'4a7d   0x2b8  Code  Gb  fsl_lpuart.o [1]
LPUART_TransferIsRxRingBufferFull
                        0x8000'4541    0x36  Code  Lc  fsl_lpuart.o [1]
LPUART_WriteBlocking    0x8000'497d    0x38  Code  Gb  fsl_lpuart.o [1]
LPUART_WriteNonBlocking
                        0x8000'4577    0x2e  Code  Lc  fsl_lpuart.o [1]
MT9V03X_CFG_CSI         0x2000'0128    0x24  Data  Gb  SEEKFREE_MT9V03X_CSI.o [1]
MemManage_Handler       0x8001'135d     0x2  Code  Gb  common.o [1]
NMI_Handler             0x8001'1359     0x2  Code  Gb  common.o [1]
OTUS                    0x8000'1da1   0x164  Code  Gb  camera.o [1]
OutStream_Write         0x7000'247d    0x42  Code  Lc  lz77_init.o [4]
PIDcalc                 0x8000'280d    0x78  Code  Gb  driver.o [1]
PIT_ClearStatusFlags    0x8000'6749     0xe  Code  Lc  isr.o [1]
PIT_Deinit              0x8000'4f05    0x1e  Code  Gb  fsl_pit.o [1]
PIT_EnableInterrupts    0x8000'ee23    0x20  Code  Lc  zf_pit.o [1]
PIT_GetDefaultConfig    0x8000'edbf    0x1c  Code  Lc  zf_pit.o [1]
PIT_GetInstance         0x8000'4e63    0x2e  Code  Lc  fsl_pit.o [1]
PIT_GetStatusFlags      0x8000'6739    0x10  Code  Lc  isr.o [1]
PIT_IRQHandler          0x8000'6787    0xb8  Code  Gb  isr.o [1]
PIT_Init                0x8000'4e91    0x74  Code  Gb  fsl_pit.o [1]
PIT_SetTimerChainMode   0x8000'eddb    0x48  Code  Lc  zf_pit.o [1]
PIT_SetTimerPeriod      0x8000'ee43     0xe  Code  Lc  zf_pit.o [1]
PIT_StartTimer          0x8000'ee51    0x1e  Code  Lc  zf_pit.o [1]
PORTPTR                 0x2000'0100    0x28  Data  Gb  zf_gpio.o [1]
PWMPTR                  0x2000'0190    0x14  Data  Lc  zf_pwm.o [1]
PWM_Deinit              0x8000'519b    0x34  Code  Gb  fsl_pwm.o [1]
PWM_GetDefaultConfig    0x8000'51cf    0x5c  Code  Gb  fsl_pwm.o [1]
PWM_GetInstance         0x8000'4fad    0x34  Code  Lc  fsl_pwm.o [1]
PWM_Init                0x8000'4fe1   0x1ba  Code  Gb  fsl_pwm.o [1]
PWM_SetPwmLdok          0x8000'eef7    0x36  Code  Lc  zf_pwm.o [1]
PWM_SetupPwm            0x8000'522b   0x426  Code  Gb  fsl_pwm.o [1]
PWM_StartTimer          0x8000'eee1    0x16  Code  Lc  zf_pwm.o [1]
PWM_UpdatePwmDutycycle  0x8000'5651   0x2c4  Code  Gb  fsl_pwm.o [1]
PendSV_Handler          0x8001'1367     0x2  Code  Gb  common.o [1]
QTIMERN                 0x2000'01a4    0x14  Data  Gb  zf_qtimer.o [1]
QTMR_Deinit             0x8000'5a7f    0x30  Code  Gb  fsl_qtmr.o [1]
QTMR_GetCurrentTimerCount
                        0x8000'f6cd     0xa  Code  Lc  zf_qtimer.o [1]
QTMR_GetDefaultConfig   0x8000'5aaf    0x44  Code  Gb  fsl_qtmr.o [1]
QTMR_GetInstance        0x8000'59b3    0x2e  Code  Lc  fsl_qtmr.o [1]
QTMR_Init               0x8000'59e1    0x9e  Code  Gb  fsl_qtmr.o [1]
QTMR_StartTimer         0x8000'f6d7    0x26  Code  Lc  zf_qtimer.o [1]
RW$$Base                0x8000'0400           --   Gb  - Linker created -
RW$$Limit               0x8001'15d6           --   Gb  - Linker created -
Region$$Table$$Base     0x7000'28c0           --   Gb  - Linker created -
Region$$Table$$Limit    0x7000'2910           --   Gb  - Linker created -
Reset_Handler           0x7000'2809          Code  Gb  startup_MIMXRT1064.o [1]
SAI1_DriverIRQHandler   0x8000'5b15    0x5a  Code  Gb  fsl_sai.o [1]
SAI2_DriverIRQHandler   0x8000'5b6f    0x5a  Code  Gb  fsl_sai.o [1]
SAI3_RX_DriverIRQHandler
                        0x8000'5bef    0x26  Code  Gb  fsl_sai.o [1]
SAI3_TX_DriverIRQHandler
                        0x8000'5bc9    0x26  Code  Gb  fsl_sai.o [1]
SCB_DisableDCache       0x8000'1b6b    0x54  Code  Lc  board.o [1]
SCB_DisableICache       0x8000'1af5    0x22  Code  Lc  board.o [1]
SCB_EnableDCache        0x8000'1b17    0x54  Code  Lc  board.o [1]
SCB_EnableDCache        0x7000'267b    0x54  Code  Lc  system_MIMXRT1064.o [1]
SCB_EnableICache        0x8000'1acb    0x2a  Code  Lc  board.o [1]
SCB_EnableICache        0x7000'2651    0x2a  Code  Lc  system_MIMXRT1064.o [1]
SPDIF_DriverIRQHandler  0x8000'5c4d    0x32  Code  Gb  fsl_spdif.o [1]
SVC_Handler             0x8001'1363     0x2  Code  Gb  common.o [1]
SerialManager_Init      0x8000'7471    0x6c  Code  Gb  serial_manager.o [1]
SerialManager_OpenReadHandle
                        0x8000'7533    0x5e  Code  Gb  serial_manager.o [1]
SerialManager_OpenWriteHandle
                        0x8000'74dd    0x56  Code  Gb  serial_manager.o [1]
SerialManager_StartWriting
                        0x8000'73c9    0x34  Code  Lc  serial_manager.o [1]
SerialManager_Write     0x8000'73fd    0x74  Code  Lc  serial_manager.o [1]
SerialManager_WriteBlocking
                        0x8000'7591    0x14  Code  Gb  serial_manager.o [1]
Serial_UartInit         0x8000'75c5    0x6e  Code  Gb  serial_port_uart.o [1]
Serial_UartWrite        0x8000'7633    0x52  Code  Gb  serial_port_uart.o [1]
StrFormatPrintf         0x8000'5f89   0x66c  Code  Gb  fsl_str.o [1]
Sys                     0x2000'02e8    0x18  Data  Gb  driver.o [1]
SysTick_Handler         0x8001'1369     0x2  Code  Wk  zf_vector.o [1]
SystemCoreClock         0x2000'01d0     0x4  Data  Gb  system_MIMXRT1064.o [1]
SystemInit              0x7000'26cf    0xb0  Code  Gb  system_MIMXRT1064.o [1]
UARTN                   0x2000'014c    0x24  Data  Gb  zf_uart.o [1]
USB_DeviceControl       0x8000'7699    0x36  Code  Lc  usb_device_dci.o [1]
USB_DeviceEhciCancelControlPipe
                        0x8000'78a1   0x10a  Code  Lc  usb_device_ehci.o [1]
USB_DeviceEhciFillSetupBuffer
                        0x8000'7815    0x8c  Code  Lc  usb_device_ehci.o [1]
USB_DeviceEhciInterruptPortChange
                        0x8000'7cf1    0x52  Code  Lc  usb_device_ehci.o [1]
USB_DeviceEhciInterruptReset
                        0x8000'7d43    0x66  Code  Lc  usb_device_ehci.o [1]
USB_DeviceEhciInterruptSof
                        0x8000'7da9     0x2  Code  Lc  usb_device_ehci.o [1]
USB_DeviceEhciInterruptTokenDone
                        0x8000'79ab   0x346  Code  Lc  usb_device_ehci.o [1]
USB_DeviceEhciIsrFunction
                        0x8000'7dab    0x4a  Code  Gb  usb_device_ehci.o [1]
USB_DeviceNotification  0x8000'772f    0xba  Code  Lc  usb_device_dci.o [1]
USB_DeviceNotificationTrigger
                        0x8000'77e9    0x2a  Code  Gb  usb_device_dci.o [1]
USB_DeviceResetNotification
                        0x8000'76cf    0x60  Code  Lc  usb_device_dci.o [1]
USB_OTG1_IRQHandler     0x8001'03b1     0xe  Code  Gb  zf_usb_cdc.o [1]
USB_OTG2_IRQHandler     0x8001'03bf     0xe  Code  Gb  zf_usb_cdc.o [1]
USDHC1_DriverIRQHandler
                        0x8000'65f5    0x12  Code  Gb  fsl_usdhc.o [1]
USDHC2_DriverIRQHandler
                        0x8000'6607    0x12  Code  Gb  fsl_usdhc.o [1]
UsageFault_Handler      0x8001'1361     0x2  Code  Gb  common.o [1]
ZI$$Base                0x2000'01e0           --   Gb  - Linker created -
ZI$$Limit               0x2000'9dcc           --   Gb  - Linker created -
__CSTACK_ADDRESS {Abs}  0x2007'0000          Data  Gb  <internal module>
__NVIC_EnableIRQ        0x8000'2fdd    0x20  Code  Lc  fsl_csi.o [1]
__NVIC_EnableIRQ        0x8000'4415    0x20  Code  Lc  fsl_lpuart.o [1]
__NVIC_EnableIRQ        0x8000'ed81    0x1e  Code  Lc  zf_pit.o [1]
__NVIC_SetPriority      0x8000'6629    0x2c  Code  Lc  init.o [1]
__NVIC_SetPriorityGrouping
                        0x8000'1a69    0x22  Code  Lc  board.o [1]
__RAM_VECTOR_TABLE_SIZE {Abs}
                              0x400          Data  Gb  <internal module>
__VECTOR_RAM {Abs}      0x8000'0000          Data  Gb  <internal module>
__VECTOR_TABLE {Abs}    0x7000'2000          Data  Gb  <internal module>
__aeabi_assert          0x8000'2885    0x1c  Code  Gb  fsl_assert.o [1]
__aeabi_d2lz            0x8001'0775          Code  Gb  DblToS64.o [3]
__aeabi_l2d             0x8001'07d1          Code  Gb  S64ToDbl.o [3]
__aeabi_ldiv0           0x8001'0e69          Code  Gb  I64DivZer.o [4]
__aeabi_ldivmod         0x8001'04c9          Code  Gb  I64DivMod.o [4]
__aeabi_memclr4         0x8001'03d1          Code  Gb  ABImemclr4.o [4]
__aeabi_memcpy4         0x8001'0441          Code  Gb  ABImemcpy.o [4]
__aeabi_memcpy8         0x8001'0441          Code  Gb  ABImemcpy.o [4]
__aeabi_memset          0x8001'03d9          Code  Gb  ABImemset.o [4]
__aeabi_uldivmod        0x8001'050d          Code  Gb  I64DivMod.o [4]
__cmain                 0x7000'2921          Code  Gb  cmain.o [4]
__exit                  0x7000'263d    0x14  Code  Gb  exit.o [5]
__iar_Exp64             0x8001'0e6d   0x368  Code  Gb  iar_Exp64.o [3]
__iar_Memset            0x8001'03d9          Code  Gb  ABImemset.o [4]
__iar_Memset4_word      0x8001'0e35          Code  Gb  ABImemset48.o [4]
__iar_Memset8_word      0x8001'0e35          Code  Gb  ABImemset48.o [4]
__iar_Memset_word       0x8001'03e1          Code  Gb  ABImemset.o [4]
__iar_Pow64             0x8001'08c5   0x4e4  Code  Lc  pow64.o [3]
__iar_data_init3        0x7000'2875    0x28  Code  Gb  data_init.o [4]
__iar_frexp             0x8001'11ed          Code  Gb  frexp.o [3]
__iar_frexp64           0x8001'11d5          Code  Gb  frexp.o [3]
__iar_frexpl            0x8001'11ed          Code  Gb  frexp.o [3]
__iar_init_vfp          0x7000'289d          Code  Gb  fpinit_M.o [3]
__iar_ldexp64           0x8001'1251          Code  Gb  ldexp.o [3]
__iar_lz77_init3        0x7000'24bf   0x178  Code  Gb  lz77_init.o [4]
__iar_modf              0x8001'0835          Code  Gb  modf.o [3]
__iar_modf64            0x8001'0825          Code  Gb  modf.o [3]
__iar_modfl             0x8001'0835          Code  Gb  modf.o [3]
__iar_pow64             0x8001'0e31     0x4  Code  Gb  pow64.o [3]
__iar_pow_medium        0x8001'0e31     0x4  Code  Gb  pow64.o [3]
__iar_pow_medium64      0x8001'0e31     0x4  Code  Gb  pow64.o [3]
__iar_pow_mediuml       0x8001'0e31     0x4  Code  Gb  pow64.o [3]
__iar_program_start     0x7000'2943          Code  Gb  cstartup_M.o [4]
__iar_scalbln64         0x8001'1251          Code  Gb  ldexp.o [3]
__iar_scalbn64          0x8001'1251          Code  Gb  ldexp.o [3]
__iar_zero_init3        0x7000'27cf    0x3a  Code  Gb  zero_init3.o [4]
__low_level_init        0x7000'293f     0x4  Code  Gb  low_level_init.o [2]
__vector_table          0x7000'2400          Data  Gb  vector_table_M.o [4]
__zf_vector_table       0x7000'2000   0x400  Data  Gb  zf_vector.o [1]
_call_main              0x7000'292d          Code  Gb  cmain.o [4]
_exit                   0x8001'1349          Code  Gb  cexit.o [4]
_main                   0x7000'293b          Code  Gb  cmain.o [4]
abort                   0x7000'2637     0x6  Code  Gb  abort.o [2]
armPllConfig_BOARD_BootClockRUN
                        0x8000'0888     0x8  Data  Gb  clock_config.o [1]
board_init              0x8000'1cf3    0x24  Code  Gb  board.o [1]
boot_data               0x7000'1020    0x10  Data  Gb  fsl_flexspi_nor_boot.o [1]
csi_add_empty_buffer    0x8000'8135    0x12  Code  Gb  zf_csi.o [1]
csi_g_lpuartHandle      0x2000'9d10    0x30  Data  Gb  SEEKFREE_MT9V03X_CSI.o [1]
csi_get_full_buffer     0x8000'8147    0x1c  Code  Gb  zf_csi.o [1]
csi_handle              0x2000'9d98    0x1c  Data  Gb  zf_csi.o [1]
csi_init                0x8000'7fc1   0x174  Code  Gb  zf_csi.o [1]
csi_iomuxc              0x8000'7f05    0xbc  Code  Gb  zf_csi.o [1]
csi_isr                 0x8000'6c05    0x52  Code  Gb  SEEKFREE_MT9V03X_CSI.o [1]
csi_mt9v03x_uart_callback
                        0x8000'6bbb    0x4a  Code  Gb  SEEKFREE_MT9V03X_CSI.o [1]
csi_receivexfer         0x2000'9d08     0x8  Data  Gb  SEEKFREE_MT9V03X_CSI.o [1]
csi_rx_buffer           0x2000'9d04     0x1  Data  Gb  SEEKFREE_MT9V03X_CSI.o [1]
csi_start               0x8000'8163     0xe  Code  Gb  zf_csi.o [1]
dcd_data                0x7000'1030   0x430  Data  Gb  evkmimxrt1064_sdram_ini_dcd.o [1]
dma_restart             0x8000'7e01    0x14  Code  Gb  zf_camera.o [1]
encoder_init            0x8000'6655    0x56  Code  Gb  init.o [1]
exit                    0x8001'15d3     0x4  Code  Gb  exit.o [2]
flexio_camera_type      0x2000'02e4     0x1  Data  Gb  common.o [1]
flexio_flag_clear       0x8000'7df5     0xc  Code  Gb  zf_camera.o [1]
frexp                   0x8001'11d5          Code  Gb  frexp.o [3]
frexpl                  0x8001'11d5          Code  Gb  frexp.o [3]
fullCameraBufferAddr    0x2000'9db4     0x4  Data  Gb  zf_csi.o [1]
g_rtcXtalFreq           0x2000'0304     0x4  Data  Gb  fsl_clock.o [1]
g_serialHandle          0x2000'032c     0x4  Data  Gb  fsl_debug_console.o [1]
g_xtalFreq              0x2000'0300     0x4  Data  Gb  fsl_clock.o [1]
get_config              0x8000'6b23    0x66  Code  Gb  SEEKFREE_MT9V03X.o [1]
get_speed               0x8000'27ad    0x5c  Code  Gb  driver.o [1]
gpio_get                0x8000'82a5    0x1e  Code  Gb  zf_gpio.o [1]
gpio_init               0x8000'81f7    0x6c  Code  Gb  zf_gpio.o [1]
gpio_set                0x8000'8263    0x42  Code  Gb  zf_gpio.o [1]
gpt_init                0x8000'feb5    0x36  Code  Gb  zf_systick.o [1]
gpt_init_flag           0x2000'9db8     0x1  Data  Lc  zf_systick.o [1]
image_scan              0x8000'1f09   0x190  Code  Gb  camera.o [1]
image_vector_table      0x7000'1000    0x20  Data  Gb  fsl_flexspi_nor_boot.o [1]
init                    0x8000'670d    0x2c  Code  Gb  init.o [1]
iomuxc_pinconf          0x8000'835d  0x694c  Code  Gb  zf_iomuxc.o [1]
last_mid                0x2000'01e2     0x2  Data  Gb  camera.o [1]
ldexp                   0x8001'1251          Code  Gb  ldexp.o [3]
ldexpl                  0x8001'1251          Code  Gb  ldexp.o [3]
left_line               0x2000'01e4    0x80  Data  Gb  camera.o [1]
left_line_flag          0x2000'02a4    0x40  Data  Gb  camera.o [1]
lnbias                  0x8000'0400   0x420  Data  Lc  pow64.o [3]
m_boot_hdr_conf_start {Abs}
                        0x7000'0000          Data  Gb  <internal module>
main                    0x8000'6a33    0x4e  Code  Gb  main.o [1]
mid_line                0x2000'0080    0x80  Data  Gb  camera.o [1]
modf                    0x8001'0825          Code  Gb  modf.o [3]
modfl                   0x8001'0825          Code  Gb  modf.o [3]
motor_init              0x8000'66ab    0x54  Code  Gb  init.o [1]
mt9v03x_csi1_image      0x2000'5d00  0x2000  Data  Gb  SEEKFREE_MT9V03X_CSI.o [1]
mt9v03x_csi2_image      0x2000'7d00  0x2000  Data  Gb  SEEKFREE_MT9V03X_CSI.o [1]
mt9v03x_csi_finish_flag
                        0x2000'9d40     0x1  Data  Gb  SEEKFREE_MT9V03X_CSI.o [1]
mt9v03x_csi_image       0x2000'9d00     0x4  Data  Gb  SEEKFREE_MT9V03X_CSI.o [1]
mt9v03x_csi_init        0x8000'6c57    0x98  Code  Gb  SEEKFREE_MT9V03X_CSI.o [1]
mt9v03x_image           0x2000'04b0  0x5820  Data  Gb  SEEKFREE_MT9V03X.o [1]
mt9v03x_vsync           0x8000'6b89    0x14  Code  Gb  SEEKFREE_MT9V03X.o [1]
oled_dis_bmp            0x8000'6fad   0x2ec  Code  Gb  SEEKFREE_OLED.o [1]
oled_fill               0x8000'6f5f    0x42  Code  Gb  SEEKFREE_OLED.o [1]
oled_init               0x8000'6de9   0x118  Code  Gb  SEEKFREE_OLED.o [1]
oled_set_pos            0x8000'6f01    0x5e  Code  Gb  SEEKFREE_OLED.o [1]
oled_show_line          0x8000'7299    0x8e  Code  Gb  SEEKFREE_OLED.o [1]
oled_wrcmd              0x8000'6d8d    0x5c  Code  Gb  SEEKFREE_OLED.o [1]
oled_wrdat              0x8000'6d31    0x5c  Code  Gb  SEEKFREE_OLED.o [1]
pit_init                0x8000'ee6f    0x22  Code  Gb  zf_pit.o [1]
pit_interrupt           0x8000'ee91    0x3e  Code  Gb  zf_pit.o [1]
pow                     0x8001'0e31     0x4  Code  Gb  pow64.o [3]
powl                    0x8001'0e31     0x4  Code  Gb  pow64.o [3]
pwm_duty                0x8000'f62d    0x94  Code  Gb  zf_pwm.o [1]
pwm_init                0x8000'f435   0x1f8  Code  Gb  zf_pwm.o [1]
pwm_iomuxc              0x8000'ef2d   0x508  Code  Gb  zf_pwm.o [1]
qspiflash_config        0x7000'0000   0x200  Data  Gb  evkmimxrt1064_flexspi_nor_config.o [1]
qtimer_iomuxc           0x8000'f6fd   0x628  Code  Gb  zf_qtimer.o [1]
qtimer_quad_clear       0x8000'fdf7    0x30  Code  Gb  zf_qtimer.o [1]
qtimer_quad_get         0x8000'fdc7    0x30  Code  Gb  zf_qtimer.o [1]
qtimer_quad_init        0x8000'fd25    0xa2  Code  Gb  zf_qtimer.o [1]
receive                 0x2000'5cd0     0x4  Data  Gb  SEEKFREE_MT9V03X.o [1]
receive_num             0x2000'5cd4     0x1  Data  Gb  SEEKFREE_MT9V03X.o [1]
right_line              0x2000'0000    0x80  Data  Gb  camera.o [1]
right_line_flag         0x2000'0264    0x40  Data  Gb  camera.o [1]
s_EDMAHandle            0x2000'0330    0x80  Data  Lc  fsl_edma.o [1]
s_ENETHandle            0x2000'03b0     0x8  Data  Lc  fsl_enet.o [1]
s_FlexioCameraDevice    0x2000'9d7c    0x1c  Data  Lc  zf_camera.o [1]
s_LpuartAdapterBase     0x8000'1550    0x24  Data  Lc  lpuart_adapter.o [1]
s_cdcVcom               0x2000'9dbc    0x10  Data  Gb  zf_usb_cdc.o [1]
s_csiBases              0x8000'09fc     0x4  Data  Lc  fsl_csi.o [1]
s_csiClocks             0x8001'1352     0x2  Data  Lc  fsl_csi.o [1]
s_csiHandle             0x2000'0308     0x4  Data  Lc  fsl_csi.o [1]
s_csiIRQ                0x8001'1354     0x2  Data  Lc  fsl_csi.o [1]
s_csiIsr                0x2000'030c     0x4  Data  Lc  fsl_csi.o [1]
s_debugConsoleState     0x2000'0310    0x1c  Data  Lc  fsl_debug_console.o [1]
s_enetBases             0x8000'0b88     0xc  Data  Lc  fsl_enet.o [1]
s_enetErrIsr            0x2000'03c0     0x4  Data  Lc  fsl_enet.o [1]
s_enetRxIsr             0x2000'03bc     0x4  Data  Lc  fsl_enet.o [1]
s_enetTsIsr             0x2000'03c4     0x4  Data  Lc  fsl_enet.o [1]
s_enetTxIsr             0x2000'03b8     0x4  Data  Lc  fsl_enet.o [1]
s_flexcanHandle         0x2000'03c8    0x10  Data  Lc  fsl_flexcan.o [1]
s_flexcanIsr            0x2000'03d8     0x4  Data  Lc  fsl_flexcan.o [1]
s_flexioHandle          0x2000'03dc     0x8  Data  Lc  fsl_flexio.o [1]
s_flexioIsr             0x2000'03ec     0x8  Data  Lc  fsl_flexio.o [1]
s_flexioType            0x2000'03e4     0x8  Data  Lc  fsl_flexio.o [1]
s_gpioBases             0x8000'0cf0    0x28  Data  Lc  fsl_gpio.o [1]
s_gpioClock             0x8000'0d18     0xc  Data  Lc  fsl_gpio.o [1]
s_gptBases              0x8000'0e5c     0xc  Data  Lc  fsl_gpt.o [1]
s_gptClocks             0x8000'0e68     0x8  Data  Lc  fsl_gpt.o [1]
s_lpi2cMasterHandle     0x2000'03f8    0x14  Data  Lc  fsl_lpi2c.o [1]
s_lpi2cMasterIsr        0x2000'03f4     0x4  Data  Lc  fsl_lpi2c.o [1]
s_lpi2cSlaveHandle      0x2000'0410    0x14  Data  Lc  fsl_lpi2c.o [1]
s_lpi2cSlaveIsr         0x2000'040c     0x4  Data  Lc  fsl_lpi2c.o [1]
s_lpspiHandle           0x2000'0424    0x14  Data  Lc  fsl_lpspi.o [1]
s_lpspiMasterIsr        0x2000'0438     0x4  Data  Lc  fsl_lpspi.o [1]
s_lpspiSlaveIsr         0x2000'043c     0x4  Data  Lc  fsl_lpspi.o [1]
s_lpuartBases           0x8000'1048    0x24  Data  Lc  fsl_lpuart.o [1]
s_lpuartClock           0x8000'1080    0x14  Data  Lc  fsl_lpuart.o [1]
s_lpuartHandle          0x2000'0440    0x24  Data  Lc  fsl_lpuart.o [1]
s_lpuartIRQ             0x8000'106c    0x14  Data  Lc  fsl_lpuart.o [1]
s_lpuartIsr             0x2000'0464     0x4  Data  Lc  fsl_lpuart.o [1]
s_pitBases              0x8000'1168     0x4  Data  Lc  fsl_pit.o [1]
s_pitClocks             0x8001'1356     0x2  Data  Lc  fsl_pit.o [1]
s_pwmBases              0x8000'12c4    0x14  Data  Lc  fsl_pwm.o [1]
s_pwmClocks             0x8000'12d8    0x28  Data  Lc  fsl_pwm.o [1]
s_qtmrBases             0x8000'13d8    0x14  Data  Lc  fsl_qtmr.o [1]
s_qtmrClocks            0x8000'13ec     0xc  Data  Lc  fsl_qtmr.o [1]
s_saiHandle             0x2000'0468    0x20  Data  Lc  fsl_sai.o [1]
s_saiRxIsr              0x2000'048c     0x4  Data  Lc  fsl_sai.o [1]
s_saiTxIsr              0x2000'0488     0x4  Data  Lc  fsl_sai.o [1]
s_spdifHandle           0x2000'0490     0x8  Data  Gb  fsl_spdif.o [1]
s_spdifRxIsr            0x2000'049c     0x4  Data  Lc  fsl_spdif.o [1]
s_spdifTxIsr            0x2000'0498     0x4  Data  Lc  fsl_spdif.o [1]
s_usdhcBase             0x8000'1460     0xc  Data  Lc  fsl_usdhc.o [1]
s_usdhcHandle           0x2000'04a0     0xc  Data  Lc  fsl_usdhc.o [1]
s_usdhcIsr              0x2000'04ac     0x4  Data  Lc  fsl_usdhc.o [1]
scalbln                 0x8001'1251          Code  Gb  ldexp.o [3]
scalblnl                0x8001'1251          Code  Gb  ldexp.o [3]
scalbn                  0x8001'1251          Code  Gb  ldexp.o [3]
scalbnl                 0x8001'1251          Code  Gb  ldexp.o [3]
scc8660_image           0x2000'9dd0  0x9600  Data  Gb  SEEKFREE_SCC8660.o [1]
scc8660_vsync           0x8000'733d    0x14  Code  Gb  SEEKFREE_SCC8660.o [1]
seekfree_wireless_init  0x8000'736d    0x4a  Code  Gb  SEEKFREE_WIRELESS.o [1]
set_config              0x8000'6aa5    0x7e  Code  Gb  SEEKFREE_MT9V03X.o [1]
speedL_PID              0x2000'01b8     0xc  Data  Gb  driver.o [1]
speedR_PID              0x2000'01c4     0xc  Data  Gb  driver.o [1]
strlen                  0x8001'073d          Code  Gb  strlen.o [4]
systick_delay           0x8000'feeb    0x36  Code  Gb  zf_systick.o [1]
systick_delay_ms        0x8000'ff21    0x24  Code  Gb  zf_systick.o [1]
threshold               0x2000'01e0     0x1  Data  Gb  camera.o [1]
uart_init               0x8001'02a7    0x6e  Code  Gb  zf_uart.o [1]
uart_iomuxc             0x8000'ff59   0x34e  Code  Gb  zf_uart.o [1]
uart_putbuff            0x8001'0315    0x1c  Code  Gb  zf_uart.o [1]
uart_receive_flag       0x2000'5cd5     0x1  Data  Gb  SEEKFREE_MT9V03X.o [1]
uart_rx_irq             0x8001'0331    0x36  Code  Gb  zf_uart.o [1]
uart_set_handle         0x8001'0367    0x3c  Code  Gb  zf_uart.o [1]
wireless_g_lpuartHandle
                        0x2000'9d4c    0x30  Data  Gb  SEEKFREE_WIRELESS.o [1]
wireless_receivexfer    0x2000'9d44     0x8  Data  Gb  SEEKFREE_WIRELESS.o [1]
wireless_rx_buffer      0x2000'9d41     0x1  Data  Gb  SEEKFREE_WIRELESS.o [1]
wireless_uart_callback  0x8000'735d    0x10  Code  Gb  SEEKFREE_WIRELESS.o [1]


[1] = D:\STUDY\SmartCar\Demo\SmartCar\Project\IAR\program\nor_sdram_zf_dtcm\Obj
[2] = dl7M_tln.a
[3] = m7M_tlv.a
[4] = rt7M_tl.a
[5] = shb_l.a

   1 276 bytes of readonly  code memory
  64 360 bytes of readwrite code memory
  41 738 bytes of readonly  data memory
  88 622 bytes of readwrite data memory

Errors: none
Warnings: none
