###############################################################################
#
# IAR ELF Linker V8.32.3.193/W32 for ARM                  25/Mar/2020  16:30:48
# Copyright 2007-2019 IAR Systems AB.
#
#    Output file  =  
#        D:\STUDY\SmartCar\Demo\SmartCar\Project\IAR\program\nor_sdram_zf_dtcm\Exe\RT106X.out
#    Map file     =  
#        D:\STUDY\SmartCar\Demo\SmartCar\Project\IAR\program\nor_sdram_zf_dtcm\List\RT106X.map
#    Command line =  
#        -f C:\Users\Maxwell\AppData\Local\Temp\EW889D.tmp
#        (D:\STUDY\SmartCar\Demo\SmartCar\Project\IAR\program\nor_sdram_zf_dtcm\Obj\board.o
#        D:\STUDY\SmartCar\Demo\SmartCar\Project\IAR\program\nor_sdram_zf_dtcm\Obj\camera.o
#        D:\STUDY\SmartCar\Demo\SmartCar\Project\IAR\program\nor_sdram_zf_dtcm\Obj\clock_config.o
#        D:\STUDY\SmartCar\Demo\SmartCar\Project\IAR\program\nor_sdram_zf_dtcm\Obj\common.o
#        D:\STUDY\SmartCar\Demo\SmartCar\Project\IAR\program\nor_sdram_zf_dtcm\Obj\driver.o
#        D:\STUDY\SmartCar\Demo\SmartCar\Project\IAR\program\nor_sdram_zf_dtcm\Obj\evkmimxrt1064_flexspi_nor_config.o
#        D:\STUDY\SmartCar\Demo\SmartCar\Project\IAR\program\nor_sdram_zf_dtcm\Obj\evkmimxrt1064_sdram_ini_dcd.o
#        D:\STUDY\SmartCar\Demo\SmartCar\Project\IAR\program\nor_sdram_zf_dtcm\Obj\fsl_adc.o
#        D:\STUDY\SmartCar\Demo\SmartCar\Project\IAR\program\nor_sdram_zf_dtcm\Obj\fsl_adc_etc.o
#        D:\STUDY\SmartCar\Demo\SmartCar\Project\IAR\program\nor_sdram_zf_dtcm\Obj\fsl_aipstz.o
#        D:\STUDY\SmartCar\Demo\SmartCar\Project\IAR\program\nor_sdram_zf_dtcm\Obj\fsl_aoi.o
#        D:\STUDY\SmartCar\Demo\SmartCar\Project\IAR\program\nor_sdram_zf_dtcm\Obj\fsl_assert.o
#        D:\STUDY\SmartCar\Demo\SmartCar\Project\IAR\program\nor_sdram_zf_dtcm\Obj\fsl_bee.o
#        D:\STUDY\SmartCar\Demo\SmartCar\Project\IAR\program\nor_sdram_zf_dtcm\Obj\fsl_cache.o
#        D:\STUDY\SmartCar\Demo\SmartCar\Project\IAR\program\nor_sdram_zf_dtcm\Obj\fsl_clock.o
#        D:\STUDY\SmartCar\Demo\SmartCar\Project\IAR\program\nor_sdram_zf_dtcm\Obj\fsl_cmp.o
#        D:\STUDY\SmartCar\Demo\SmartCar\Project\IAR\program\nor_sdram_zf_dtcm\Obj\fsl_common.o
#        D:\STUDY\SmartCar\Demo\SmartCar\Project\IAR\program\nor_sdram_zf_dtcm\Obj\fsl_csi.o
#        D:\STUDY\SmartCar\Demo\SmartCar\Project\IAR\program\nor_sdram_zf_dtcm\Obj\fsl_dcdc.o
#        D:\STUDY\SmartCar\Demo\SmartCar\Project\IAR\program\nor_sdram_zf_dtcm\Obj\fsl_dcp.o
#        D:\STUDY\SmartCar\Demo\SmartCar\Project\IAR\program\nor_sdram_zf_dtcm\Obj\fsl_debug_console.o
#        D:\STUDY\SmartCar\Demo\SmartCar\Project\IAR\program\nor_sdram_zf_dtcm\Obj\fsl_dmamux.o
#        D:\STUDY\SmartCar\Demo\SmartCar\Project\IAR\program\nor_sdram_zf_dtcm\Obj\fsl_edma.o
#        D:\STUDY\SmartCar\Demo\SmartCar\Project\IAR\program\nor_sdram_zf_dtcm\Obj\fsl_elcdif.o
#        D:\STUDY\SmartCar\Demo\SmartCar\Project\IAR\program\nor_sdram_zf_dtcm\Obj\fsl_enc.o
#        D:\STUDY\SmartCar\Demo\SmartCar\Project\IAR\program\nor_sdram_zf_dtcm\Obj\fsl_enet.o
#        D:\STUDY\SmartCar\Demo\SmartCar\Project\IAR\program\nor_sdram_zf_dtcm\Obj\fsl_ewm.o
#        D:\STUDY\SmartCar\Demo\SmartCar\Project\IAR\program\nor_sdram_zf_dtcm\Obj\fsl_flexcan.o
#        D:\STUDY\SmartCar\Demo\SmartCar\Project\IAR\program\nor_sdram_zf_dtcm\Obj\fsl_flexio.o
#        D:\STUDY\SmartCar\Demo\SmartCar\Project\IAR\program\nor_sdram_zf_dtcm\Obj\fsl_flexio_camera.o
#        D:\STUDY\SmartCar\Demo\SmartCar\Project\IAR\program\nor_sdram_zf_dtcm\Obj\fsl_flexio_i2c_master.o
#        D:\STUDY\SmartCar\Demo\SmartCar\Project\IAR\program\nor_sdram_zf_dtcm\Obj\fsl_flexio_i2s.o
#        D:\STUDY\SmartCar\Demo\SmartCar\Project\IAR\program\nor_sdram_zf_dtcm\Obj\fsl_flexio_i2s_edma.o
#        D:\STUDY\SmartCar\Demo\SmartCar\Project\IAR\program\nor_sdram_zf_dtcm\Obj\fsl_flexio_spi.o
#        D:\STUDY\SmartCar\Demo\SmartCar\Project\IAR\program\nor_sdram_zf_dtcm\Obj\fsl_flexio_spi_edma.o
#        D:\STUDY\SmartCar\Demo\SmartCar\Project\IAR\program\nor_sdram_zf_dtcm\Obj\fsl_flexio_uart.o
#        D:\STUDY\SmartCar\Demo\SmartCar\Project\IAR\program\nor_sdram_zf_dtcm\Obj\fsl_flexio_uart_edma.o
#        D:\STUDY\SmartCar\Demo\SmartCar\Project\IAR\program\nor_sdram_zf_dtcm\Obj\fsl_flexram.o
#        D:\STUDY\SmartCar\Demo\SmartCar\Project\IAR\program\nor_sdram_zf_dtcm\Obj\fsl_flexspi.o
#        D:\STUDY\SmartCar\Demo\SmartCar\Project\IAR\program\nor_sdram_zf_dtcm\Obj\fsl_flexspi_nor_boot.o
#        D:\STUDY\SmartCar\Demo\SmartCar\Project\IAR\program\nor_sdram_zf_dtcm\Obj\fsl_gpc.o
#        D:\STUDY\SmartCar\Demo\SmartCar\Project\IAR\program\nor_sdram_zf_dtcm\Obj\fsl_gpio.o
#        D:\STUDY\SmartCar\Demo\SmartCar\Project\IAR\program\nor_sdram_zf_dtcm\Obj\fsl_gpt.o
#        D:\STUDY\SmartCar\Demo\SmartCar\Project\IAR\program\nor_sdram_zf_dtcm\Obj\fsl_kpp.o
#        D:\STUDY\SmartCar\Demo\SmartCar\Project\IAR\program\nor_sdram_zf_dtcm\Obj\fsl_lpi2c.o
#        D:\STUDY\SmartCar\Demo\SmartCar\Project\IAR\program\nor_sdram_zf_dtcm\Obj\fsl_lpi2c_edma.o
#        D:\STUDY\SmartCar\Demo\SmartCar\Project\IAR\program\nor_sdram_zf_dtcm\Obj\fsl_lpspi.o
#        D:\STUDY\SmartCar\Demo\SmartCar\Project\IAR\program\nor_sdram_zf_dtcm\Obj\fsl_lpspi_edma.o
#        D:\STUDY\SmartCar\Demo\SmartCar\Project\IAR\program\nor_sdram_zf_dtcm\Obj\fsl_lpuart.o
#        D:\STUDY\SmartCar\Demo\SmartCar\Project\IAR\program\nor_sdram_zf_dtcm\Obj\fsl_lpuart_edma.o
#        D:\STUDY\SmartCar\Demo\SmartCar\Project\IAR\program\nor_sdram_zf_dtcm\Obj\fsl_notifier.o
#        D:\STUDY\SmartCar\Demo\SmartCar\Project\IAR\program\nor_sdram_zf_dtcm\Obj\fsl_ocotp.o
#        D:\STUDY\SmartCar\Demo\SmartCar\Project\IAR\program\nor_sdram_zf_dtcm\Obj\fsl_pit.o
#        D:\STUDY\SmartCar\Demo\SmartCar\Project\IAR\program\nor_sdram_zf_dtcm\Obj\fsl_pmu.o
#        D:\STUDY\SmartCar\Demo\SmartCar\Project\IAR\program\nor_sdram_zf_dtcm\Obj\fsl_pwm.o
#        D:\STUDY\SmartCar\Demo\SmartCar\Project\IAR\program\nor_sdram_zf_dtcm\Obj\fsl_pxp.o
#        D:\STUDY\SmartCar\Demo\SmartCar\Project\IAR\program\nor_sdram_zf_dtcm\Obj\fsl_qtmr.o
#        D:\STUDY\SmartCar\Demo\SmartCar\Project\IAR\program\nor_sdram_zf_dtcm\Obj\fsl_rtwdog.o
#        D:\STUDY\SmartCar\Demo\SmartCar\Project\IAR\program\nor_sdram_zf_dtcm\Obj\fsl_sai.o
#        D:\STUDY\SmartCar\Demo\SmartCar\Project\IAR\program\nor_sdram_zf_dtcm\Obj\fsl_sai_edma.o
#        D:\STUDY\SmartCar\Demo\SmartCar\Project\IAR\program\nor_sdram_zf_dtcm\Obj\fsl_sbrk.o
#        D:\STUDY\SmartCar\Demo\SmartCar\Project\IAR\program\nor_sdram_zf_dtcm\Obj\fsl_semc.o
#        D:\STUDY\SmartCar\Demo\SmartCar\Project\IAR\program\nor_sdram_zf_dtcm\Obj\fsl_shell.o
#        D:\STUDY\SmartCar\Demo\SmartCar\Project\IAR\program\nor_sdram_zf_dtcm\Obj\fsl_snvs_hp.o
#        D:\STUDY\SmartCar\Demo\SmartCar\Project\IAR\program\nor_sdram_zf_dtcm\Obj\fsl_snvs_lp.o
#        D:\STUDY\SmartCar\Demo\SmartCar\Project\IAR\program\nor_sdram_zf_dtcm\Obj\fsl_spdif.o
#        D:\STUDY\SmartCar\Demo\SmartCar\Project\IAR\program\nor_sdram_zf_dtcm\Obj\fsl_spdif_edma.o
#        D:\STUDY\SmartCar\Demo\SmartCar\Project\IAR\program\nor_sdram_zf_dtcm\Obj\fsl_src.o
#        D:\STUDY\SmartCar\Demo\SmartCar\Project\IAR\program\nor_sdram_zf_dtcm\Obj\fsl_str.o
#        D:\STUDY\SmartCar\Demo\SmartCar\Project\IAR\program\nor_sdram_zf_dtcm\Obj\fsl_tempmon.o
#        D:\STUDY\SmartCar\Demo\SmartCar\Project\IAR\program\nor_sdram_zf_dtcm\Obj\fsl_trng.o
#        D:\STUDY\SmartCar\Demo\SmartCar\Project\IAR\program\nor_sdram_zf_dtcm\Obj\fsl_tsc.o
#        D:\STUDY\SmartCar\Demo\SmartCar\Project\IAR\program\nor_sdram_zf_dtcm\Obj\fsl_usdhc.o
#        D:\STUDY\SmartCar\Demo\SmartCar\Project\IAR\program\nor_sdram_zf_dtcm\Obj\fsl_wdog.o
#        D:\STUDY\SmartCar\Demo\SmartCar\Project\IAR\program\nor_sdram_zf_dtcm\Obj\fsl_xbara.o
#        D:\STUDY\SmartCar\Demo\SmartCar\Project\IAR\program\nor_sdram_zf_dtcm\Obj\fsl_xbarb.o
#        D:\STUDY\SmartCar\Demo\SmartCar\Project\IAR\program\nor_sdram_zf_dtcm\Obj\generic_list.o
#        D:\STUDY\SmartCar\Demo\SmartCar\Project\IAR\program\nor_sdram_zf_dtcm\Obj\init.o
#        D:\STUDY\SmartCar\Demo\SmartCar\Project\IAR\program\nor_sdram_zf_dtcm\Obj\isr.o
#        D:\STUDY\SmartCar\Demo\SmartCar\Project\IAR\program\nor_sdram_zf_dtcm\Obj\lpuart_adapter.o
#        D:\STUDY\SmartCar\Demo\SmartCar\Project\IAR\program\nor_sdram_zf_dtcm\Obj\main.o
#        D:\STUDY\SmartCar\Demo\SmartCar\Project\IAR\program\nor_sdram_zf_dtcm\Obj\pin_mux.o
#        D:\STUDY\SmartCar\Demo\SmartCar\Project\IAR\program\nor_sdram_zf_dtcm\Obj\SEEKFREE_18TFT.o
#        D:\STUDY\SmartCar\Demo\SmartCar\Project\IAR\program\nor_sdram_zf_dtcm\Obj\SEEKFREE_FONT.o
#        D:\STUDY\SmartCar\Demo\SmartCar\Project\IAR\program\nor_sdram_zf_dtcm\Obj\SEEKFREE_FUN.o
#        D:\STUDY\SmartCar\Demo\SmartCar\Project\IAR\program\nor_sdram_zf_dtcm\Obj\SEEKFREE_ICM20602.o
#        D:\STUDY\SmartCar\Demo\SmartCar\Project\IAR\program\nor_sdram_zf_dtcm\Obj\SEEKFREE_IIC.o
#        D:\STUDY\SmartCar\Demo\SmartCar\Project\IAR\program\nor_sdram_zf_dtcm\Obj\SEEKFREE_IPS114_SPI.o
#        D:\STUDY\SmartCar\Demo\SmartCar\Project\IAR\program\nor_sdram_zf_dtcm\Obj\SEEKFREE_IPS200_PARALLEL8.o
#        D:\STUDY\SmartCar\Demo\SmartCar\Project\IAR\program\nor_sdram_zf_dtcm\Obj\SEEKFREE_L3G4200D.o
#        D:\STUDY\SmartCar\Demo\SmartCar\Project\IAR\program\nor_sdram_zf_dtcm\Obj\SEEKFREE_MMA8451.o
#        D:\STUDY\SmartCar\Demo\SmartCar\Project\IAR\program\nor_sdram_zf_dtcm\Obj\SEEKFREE_MPU6050.o
#        D:\STUDY\SmartCar\Demo\SmartCar\Project\IAR\program\nor_sdram_zf_dtcm\Obj\SEEKFREE_MT9V03X.o
#        D:\STUDY\SmartCar\Demo\SmartCar\Project\IAR\program\nor_sdram_zf_dtcm\Obj\SEEKFREE_MT9V03X_CSI.o
#        D:\STUDY\SmartCar\Demo\SmartCar\Project\IAR\program\nor_sdram_zf_dtcm\Obj\SEEKFREE_NRF24L01.o
#        D:\STUDY\SmartCar\Demo\SmartCar\Project\IAR\program\nor_sdram_zf_dtcm\Obj\SEEKFREE_OLED.o
#        D:\STUDY\SmartCar\Demo\SmartCar\Project\IAR\program\nor_sdram_zf_dtcm\Obj\SEEKFREE_PRINTF.o
#        D:\STUDY\SmartCar\Demo\SmartCar\Project\IAR\program\nor_sdram_zf_dtcm\Obj\SEEKFREE_SCC8660.o
#        D:\STUDY\SmartCar\Demo\SmartCar\Project\IAR\program\nor_sdram_zf_dtcm\Obj\SEEKFREE_SCC8660_CSI.o
#        D:\STUDY\SmartCar\Demo\SmartCar\Project\IAR\program\nor_sdram_zf_dtcm\Obj\SEEKFREE_VIRSCO.o
#        D:\STUDY\SmartCar\Demo\SmartCar\Project\IAR\program\nor_sdram_zf_dtcm\Obj\SEEKFREE_W25QXXJV.o
#        D:\STUDY\SmartCar\Demo\SmartCar\Project\IAR\program\nor_sdram_zf_dtcm\Obj\SEEKFREE_WIRELESS.o
#        D:\STUDY\SmartCar\Demo\SmartCar\Project\IAR\program\nor_sdram_zf_dtcm\Obj\serial_manager.o
#        D:\STUDY\SmartCar\Demo\SmartCar\Project\IAR\program\nor_sdram_zf_dtcm\Obj\serial_port_uart.o
#        D:\STUDY\SmartCar\Demo\SmartCar\Project\IAR\program\nor_sdram_zf_dtcm\Obj\startup_MIMXRT1064.o
#        D:\STUDY\SmartCar\Demo\SmartCar\Project\IAR\program\nor_sdram_zf_dtcm\Obj\system_MIMXRT1064.o
#        D:\STUDY\SmartCar\Demo\SmartCar\Project\IAR\program\nor_sdram_zf_dtcm\Obj\usb_device_cdc_acm.o
#        D:\STUDY\SmartCar\Demo\SmartCar\Project\IAR\program\nor_sdram_zf_dtcm\Obj\usb_device_ch9.o
#        D:\STUDY\SmartCar\Demo\SmartCar\Project\IAR\program\nor_sdram_zf_dtcm\Obj\usb_device_class.o
#        D:\STUDY\SmartCar\Demo\SmartCar\Project\IAR\program\nor_sdram_zf_dtcm\Obj\usb_device_dci.o
#        D:\STUDY\SmartCar\Demo\SmartCar\Project\IAR\program\nor_sdram_zf_dtcm\Obj\usb_device_descriptor.o
#        D:\STUDY\SmartCar\Demo\SmartCar\Project\IAR\program\nor_sdram_zf_dtcm\Obj\usb_device_ehci.o
#        D:\STUDY\SmartCar\Demo\SmartCar\Project\IAR\program\nor_sdram_zf_dtcm\Obj\usb_osa_bm.o
#        D:\STUDY\SmartCar\Demo\SmartCar\Project\IAR\program\nor_sdram_zf_dtcm\Obj\usb_phy.o
#        D:\STUDY\SmartCar\Demo\SmartCar\Project\IAR\program\nor_sdram_zf_dtcm\Obj\zf_adc.o
#        D:\STUDY\SmartCar\Demo\SmartCar\Project\IAR\program\nor_sdram_zf_dtcm\Obj\zf_camera.o
#        D:\STUDY\SmartCar\Demo\SmartCar\Project\IAR\program\nor_sdram_zf_dtcm\Obj\zf_csi.o
#        D:\STUDY\SmartCar\Demo\SmartCar\Project\IAR\program\nor_sdram_zf_dtcm\Obj\zf_flash.o
#        D:\STUDY\SmartCar\Demo\SmartCar\Project\IAR\program\nor_sdram_zf_dtcm\Obj\zf_gpio.o
#        D:\STUDY\SmartCar\Demo\SmartCar\Project\IAR\program\nor_sdram_zf_dtcm\Obj\zf_iic.o
#        D:\STUDY\SmartCar\Demo\SmartCar\Project\IAR\program\nor_sdram_zf_dtcm\Obj\zf_iomuxc.o
#        D:\STUDY\SmartCar\Demo\SmartCar\Project\IAR\program\nor_sdram_zf_dtcm\Obj\zf_pit.o
#        D:\STUDY\SmartCar\Demo\SmartCar\Project\IAR\program\nor_sdram_zf_dtcm\Obj\zf_pwm.o
#        D:\STUDY\SmartCar\Demo\SmartCar\Project\IAR\program\nor_sdram_zf_dtcm\Obj\zf_qtimer.o
#        D:\STUDY\SmartCar\Demo\SmartCar\Project\IAR\program\nor_sdram_zf_dtcm\Obj\zf_rom_api.o
#        D:\STUDY\SmartCar\Demo\SmartCar\Project\IAR\program\nor_sdram_zf_dtcm\Obj\zf_spi.o
#        D:\STUDY\SmartCar\Demo\SmartCar\Project\IAR\program\nor_sdram_zf_dtcm\Obj\zf_systick.o
#        D:\STUDY\SmartCar\Demo\SmartCar\Project\IAR\program\nor_sdram_zf_dtcm\Obj\zf_uart.o
#        D:\STUDY\SmartCar\Demo\SmartCar\Project\IAR\program\nor_sdram_zf_dtcm\Obj\zf_usb_cdc.o
#        D:\STUDY\SmartCar\Demo\SmartCar\Project\IAR\program\nor_sdram_zf_dtcm\Obj\zf_vector.o
#        --no_out_extension -o
#        D:\STUDY\SmartCar\Demo\SmartCar\Project\IAR\program\nor_sdram_zf_dtcm\Exe\RT106X.out
#        --map
#        D:\STUDY\SmartCar\Demo\SmartCar\Project\IAR\program\nor_sdram_zf_dtcm\List\RT106X.map
#        --config
#        D:\STUDY\SmartCar\Demo\SmartCar\Project\IAR\program\..\..\IAR\icf\MIMXRT1064xxxxx_flexspi_nor.icf
#        --semihosting --entry __iar_program_start --vfe --text_out locale)
#
###############################################################################

*******************************************************************************
*** RUNTIME MODEL ATTRIBUTES
***

CppFlavor       = *
__Heap_Handler  = DLMalloc
__SystemLibrary = DLib
__dlib_version  = 6


*******************************************************************************
*** HEAP SELECTION
***

The advanced heap was selected because the application calls memory
allocation functions outside of system library functions, and there
are calls to deallocation functions in the application.


*******************************************************************************
*** PLACEMENT SUMMARY
***

"A0":  place at 0x7000'2000 { ro section .intvec };
"A2":  place at 0x7000'0000 { section .boot_hdr.conf };
"A3":  place at 0x7000'1000 { section .boot_hdr.ivt };
"A4":  place at 0x7000'1020 { ro section .boot_hdr.boot_data };
"A5":  place at 0x7000'1030 { ro section .boot_hdr.dcd_data };
"P1":  place in [from 0x7000'2000 to 0x7000'23ff] |
                [from 0x7000'2400 to 0x703f'ffff] { ro };
define block RW { first rw, section m_usb_dma_init_data };
"P2":  place in [from 0x8000'0000 to 0x8000'03ff] |
                [from 0x8000'0400 to 0x81df'ffff] { block RW };
define block SDRAM_VAR
   with alignment = 8 { section SDRAM_CACHE, section SDRAM_CACHE.init };
"P11": place in [from 0x8000'0000 to 0x8000'03ff] |
                [from 0x8000'0400 to 0x81df'ffff] { block SDRAM_VAR };
define block ZI
   with alignment = 32 { first zi, section m_usb_dma_noninit_data };
"P3":  place in [from 0x2000'0000 to 0x2006'efff] { block ZI };
"P4":  place in [from 0x2000'0000 to 0x2006'efff] { section .data };
"P5":  place in [from 0x2000'0000 to 0x2006'efff] { section .textrw };
define block DTCM_VAR
   with alignment = 8 { section NonCacheable, section NonCacheable.init };
"P9":  place in [from 0x2000'0000 to 0x2006'efff] { block DTCM_VAR };
define block CSTACK with size = 4K, alignment = 8 { };
"P7":  place in [from 0x2006'f000 to 0x2006'ffff] { block CSTACK };
initialize by copy { rw, section .textrw };
initialize by copy { ro }
   except {
      ro section .intvec, ro object system_MIMXRT1064.o,
      ro object startup_MIMXRT1064.o, section .boot_hdr.conf,
      section .boot_hdr.ivt, section .boot_hdr.boot_data,
      section .boot_hdr.dcd_data };
keep {
   section .boot_hdr.conf, section .boot_hdr.ivt, section .boot_hdr.boot_data,
   section .boot_hdr.dcd_data };

No sections matched the following patterns:

  section .intvec_RAM              in "A1"
  section .textrw                  in "P3-P5|P9"
  section ITCM_NonCacheable        in block ITCM_VAR
  section ITCM_NonCacheable.init   in block ITCM_VAR
  section NonCacheable.init        in block DTCM_VAR
  section OCRAM_CACHE              in block OCRAM_VAR
  section OCRAM_CACHE.init         in block OCRAM_VAR
  section SDRAM_CACHE              in block SDRAM_VAR
  section SDRAM_CACHE.init         in block SDRAM_VAR
  section SDRAM_NonCacheable       in block SDRAM_NCACHE_VAR
  section SDRAM_NonCacheable.init  in block SDRAM_NCACHE_VAR
  section m_usb_dma_init_data      in block RW
  section m_usb_dma_noninit_data   in block ZI


  Section              Kind         Address     Size  Object
  -------              ----         -------     ----  ------
"P3-P5|P9", part 1 of 2:                        0xf6
  P3-P5|P9 s0                   0x2000'0000     0xf6  <Init block>
    .data              inited   0x2000'0000     0x28  zf_gpio.o [1]
    .data              inited   0x2000'0028     0x24  SEEKFREE_MT9V03X_CSI.o [1]
    .data              inited   0x2000'004c     0x24  zf_uart.o [1]
    .data              inited   0x2000'0070     0x20  SEEKFREE_MT9V03X_CSI.o [1]
    .data              inited   0x2000'0090     0x14  zf_pwm.o [1]
    .data              inited   0x2000'00a4     0x14  zf_qtimer.o [1]
    .data              inited   0x2000'00b8     0x14  zf_spi.o [1]
    .data              inited   0x2000'00cc      0xc  driver.o [1]
    .data              inited   0x2000'00d8      0xc  driver.o [1]
    .data              inited   0x2000'00e4      0xc  driver.o [1]
    .data              inited   0x2000'00f0      0x4  system_MIMXRT1064.o [1]
    .data              inited   0x2000'00f4      0x2  camera.o [1]
                              - 0x2000'00f6     0xf6

"P3-P5|P9", part 2 of 2:                     0x18a58
  ZI                            0x2000'0100   0xf454  <Block>
    .bss               zero     0x2000'0100     0xf0  camera.o [1]
    .bss               zero     0x2000'01f0     0xf0  camera.o [1]
    .bss               zero     0x2000'02e0     0xf0  camera.o [1]
    .bss               zero     0x2000'03d0     0x78  camera.o [1]
    .bss               zero     0x2000'0448     0x78  camera.o [1]
    .bss               zero     0x2000'04c0      0x1  common.o [1]
    .bss               zero     0x2000'04c4     0x18  driver.o [1]
    .bss               zero     0x2000'04dc      0x4  fsl_clock.o [1]
    .bss               zero     0x2000'04e0      0x4  fsl_clock.o [1]
    .bss               zero     0x2000'04e4      0x4  fsl_csi.o [1]
    .bss               zero     0x2000'04e8      0x4  fsl_csi.o [1]
    .bss               zero     0x2000'04ec     0x1c  fsl_debug_console.o [1]
    .bss               zero     0x2000'0508      0x4  fsl_debug_console.o [1]
    .bss               zero     0x2000'050c     0x80  fsl_edma.o [1]
    .bss               zero     0x2000'058c      0x8  fsl_enet.o [1]
    .bss               zero     0x2000'0594      0x4  fsl_enet.o [1]
    .bss               zero     0x2000'0598      0x4  fsl_enet.o [1]
    .bss               zero     0x2000'059c      0x4  fsl_enet.o [1]
    .bss               zero     0x2000'05a0      0x4  fsl_enet.o [1]
    .bss               zero     0x2000'05a4     0x10  fsl_flexcan.o [1]
    .bss               zero     0x2000'05b4      0x4  fsl_flexcan.o [1]
    .bss               zero     0x2000'05b8      0x8  fsl_flexio.o [1]
    .bss               zero     0x2000'05c0      0x8  fsl_flexio.o [1]
    .bss               zero     0x2000'05c8      0x8  fsl_flexio.o [1]
    .bss               zero     0x2000'05d0      0x4  fsl_lpi2c.o [1]
    .bss               zero     0x2000'05d4     0x14  fsl_lpi2c.o [1]
    .bss               zero     0x2000'05e8      0x4  fsl_lpi2c.o [1]
    .bss               zero     0x2000'05ec     0x14  fsl_lpi2c.o [1]
    .bss               zero     0x2000'0600     0x14  fsl_lpspi.o [1]
    .bss               zero     0x2000'0614      0x4  fsl_lpspi.o [1]
    .bss               zero     0x2000'0618      0x4  fsl_lpspi.o [1]
    .bss               zero     0x2000'061c      0x8  fsl_lpspi.o [1]
    .bss               zero     0x2000'0624     0x24  fsl_lpuart.o [1]
    .bss               zero     0x2000'0648      0x4  fsl_lpuart.o [1]
    .bss               zero     0x2000'064c     0x20  fsl_sai.o [1]
    .bss               zero     0x2000'066c      0x4  fsl_sai.o [1]
    .bss               zero     0x2000'0670      0x4  fsl_sai.o [1]
    .bss               zero     0x2000'0674      0x8  fsl_spdif.o [1]
    .bss               zero     0x2000'067c      0x4  fsl_spdif.o [1]
    .bss               zero     0x2000'0680      0x4  fsl_spdif.o [1]
    .bss               zero     0x2000'0684      0xc  fsl_usdhc.o [1]
    .bss               zero     0x2000'0690      0x4  fsl_usdhc.o [1]
    .bss               zero     0x2000'0694   0x5820  SEEKFREE_MT9V03X.o [1]
    .bss               zero     0x2000'5eb4      0x4  SEEKFREE_MT9V03X.o [1]
    .bss               zero     0x2000'5eb8      0x1  SEEKFREE_MT9V03X.o [1]
    .bss               zero     0x2000'5eb9      0x1  SEEKFREE_MT9V03X.o [1]
    .bss               zero     0x2000'5ec0   0x4b00  SEEKFREE_MT9V03X_CSI.o [1]
    .bss               zero     0x2000'a9c0   0x4b00  SEEKFREE_MT9V03X_CSI.o [1]
    .bss               zero     0x2000'f4c0      0x4  SEEKFREE_MT9V03X_CSI.o [1]
    .bss               zero     0x2000'f4c4      0x1  SEEKFREE_MT9V03X_CSI.o [1]
    .bss               zero     0x2000'f4c8      0x8  SEEKFREE_MT9V03X_CSI.o [1]
    .bss               zero     0x2000'f4d0     0x30  SEEKFREE_MT9V03X_CSI.o [1]
    .bss               zero     0x2000'f500      0x1  SEEKFREE_MT9V03X_CSI.o [1]
    .bss               zero     0x2000'f504     0x1c  zf_camera.o [1]
    .bss               zero     0x2000'f520     0x1c  zf_csi.o [1]
    .bss               zero     0x2000'f53c      0x4  zf_csi.o [1]
    .bss               zero     0x2000'f540      0x1  zf_systick.o [1]
    .bss               zero     0x2000'f544     0x10  zf_usb_cdc.o [1]
  DTCM_VAR                      0x2000'f558   0x9600  <Block>
    NonCacheable       zero     0x2000'f558   0x9600  SEEKFREE_SCC8660.o [1]
                              - 0x2001'8b58  0x18a58

"P7":                                         0x1000
  CSTACK                        0x2006'f000   0x1000  <Block>
    CSTACK             uninit   0x2006'f000   0x1000  <Block tail>
                              - 0x2007'0000   0x1000

"A2":                                          0x200
  .boot_hdr.conf       const    0x7000'0000    0x200  evkmimxrt1064_flexspi_nor_config.o [1]
                              - 0x7000'0200    0x200

"A3":                                           0x20
  .boot_hdr.ivt        const    0x7000'1000     0x20  fsl_flexspi_nor_boot.o [1]
                              - 0x7000'1020     0x20

"A4":                                           0x10
  .boot_hdr.boot_data  const    0x7000'1020     0x10  fsl_flexspi_nor_boot.o [1]
                              - 0x7000'1030     0x10

"A5":                                          0x430
  .boot_hdr.dcd_data   const    0x7000'1030    0x430  evkmimxrt1064_sdram_ini_dcd.o [1]
                              - 0x7000'1460    0x430

"A0":                                          0x440
  .intvec              const    0x7000'2000    0x400  zf_vector.o [1]
  .intvec              ro code  0x7000'2400     0x40  vector_table_M.o [4]
                              - 0x7000'2440    0x440

"P1":                                         0xaa57
  .text                ro code  0x7000'2440    0x1f6  lz77_init.o [4]
  .text                ro code  0x7000'2636      0x6  abort.o [2]
  .text                ro code  0x7000'263c     0x14  exit.o [5]
  .text                ro code  0x7000'2650    0x17e  system_MIMXRT1064.o [1]
  .text                ro code  0x7000'27ce     0x3a  zero_init3.o [4]
  .text                ro code  0x7000'2808     0x6c  startup_MIMXRT1064.o [1]
  .text                ro code  0x7000'2874     0x28  data_init.o [4]
  .text                ro code  0x7000'289c     0x22  fpinit_M.o [3]
  .iar.init_table      const    0x7000'28c0     0x50  - Linker created -
  Veneer               ro code  0x7000'2910      0x8  - Linker created -
  Veneer               ro code  0x7000'2918      0x8  - Linker created -
  .text                ro code  0x7000'2920     0x1e  cmain.o [4]
  .text                ro code  0x7000'293e      0x4  low_level_init.o [2]
  .text                ro code  0x7000'2942      0xc  cstartup_M.o [4]
  .rodata              const    0x7000'294e      0x0  zero_init3.o [4]
  .rodata              const    0x7000'294e      0x0  lz77_init.o [4]
  Initializer bytes    const    0x7000'294e   0xa497  <for RW-1>
  Initializer bytes    const    0x7000'cde5     0xb2  <for P3-P5|P9 s0>
                              - 0x7000'ce97   0xaa57

"P2|P11":                                    0x12616
  RW                            0x8000'0400  0x12616  <Block>
    RW-1                        0x8000'0400  0x12616  <Init block>
      .rodata          inited   0x8000'0400    0x420  pow64.o [3]
      .rodata          inited   0x8000'0820     0x18  clock_config.o [1]
      .rodata          inited   0x8000'0838     0x44  clock_config.o [1]
      .rodata          inited   0x8000'087c      0xc  clock_config.o [1]
      .rodata          inited   0x8000'0888      0x8  clock_config.o [1]
      .rodata          inited   0x8000'0890     0x2c  fsl_assert.o [1]
      .rodata          inited   0x8000'08bc     0x10  fsl_clock.o [1]
      .rodata          inited   0x8000'08cc     0x44  fsl_clock.o [1]
      .rodata          inited   0x8000'0910     0x10  fsl_clock.o [1]
      .rodata          inited   0x8000'0920      0xc  fsl_csi.o [1]
      .rodata          inited   0x8000'092c     0x44  fsl_csi.o [1]
      .rodata          inited   0x8000'0970     0x3c  fsl_csi.o [1]
      .rodata          inited   0x8000'09ac     0x40  fsl_csi.o [1]
      .rodata          inited   0x8000'09ec      0x8  fsl_csi.o [1]
      .rodata          inited   0x8000'09f4      0x8  fsl_csi.o [1]
      .rodata          inited   0x8000'09fc      0x4  fsl_csi.o [1]
      .rodata          inited   0x8000'0a00      0x8  fsl_debug_console.o [1]
      .rodata          inited   0x8000'0a08     0x5c  fsl_debug_console.o [1]
      .rodata          inited   0x8000'0a64      0xc  fsl_debug_console.o [1]
      .rodata          inited   0x8000'0a70     0x28  fsl_debug_console.o [1]
      .rodata          inited   0x8000'0a98     0x10  fsl_debug_console.o [1]
      .rodata          inited   0x8000'0aa8     0x44  fsl_edma.o [1]
      .rodata          inited   0x8000'0aec     0x10  fsl_edma.o [1]
      .rodata          inited   0x8000'0afc      0xc  fsl_edma.o [1]
      .rodata          inited   0x8000'0b08     0x3c  fsl_enet.o [1]
      .rodata          inited   0x8000'0b44     0x44  fsl_enet.o [1]
      .rodata          inited   0x8000'0b88      0xc  fsl_enet.o [1]
      .rodata          inited   0x8000'0b94     0x44  fsl_flexcan.o [1]
      .rodata          inited   0x8000'0bd8     0x14  fsl_flexcan.o [1]
      .rodata          inited   0x8000'0bec     0x14  fsl_flexcan.o [1]
      .rodata          inited   0x8000'0c00     0x14  fsl_flexcan.o [1]
      .rodata          inited   0x8000'0c14      0xc  fsl_gpio.o [1]
      .rodata          inited   0x8000'0c20     0x44  fsl_gpio.o [1]
      .rodata          inited   0x8000'0c64     0x3c  fsl_gpio.o [1]
      .rodata          inited   0x8000'0ca0     0x44  fsl_gpio.o [1]
      .rodata          inited   0x8000'0ce4      0xc  fsl_gpio.o [1]
      .rodata          inited   0x8000'0cf0     0x28  fsl_gpio.o [1]
      .rodata          inited   0x8000'0d18      0xc  fsl_gpio.o [1]
      .rodata          inited   0x8000'0d24      0xc  fsl_gpt.o [1]
      .rodata          inited   0x8000'0d30     0x44  fsl_gpt.o [1]
      .rodata          inited   0x8000'0d74     0x18  fsl_gpt.o [1]
      .rodata          inited   0x8000'0d8c     0x40  fsl_gpt.o [1]
      .rodata          inited   0x8000'0dcc     0x3c  fsl_gpt.o [1]
      .rodata          inited   0x8000'0e08     0x40  fsl_gpt.o [1]
      .rodata          inited   0x8000'0e48      0xc  fsl_gpt.o [1]
      .rodata          inited   0x8000'0e54      0x8  fsl_gpt.o [1]
      .rodata          inited   0x8000'0e5c      0xc  fsl_gpt.o [1]
      .rodata          inited   0x8000'0e68      0x8  fsl_gpt.o [1]
      .rodata          inited   0x8000'0e70      0xc  fsl_lpspi.o [1]
      .rodata          inited   0x8000'0e7c     0x44  fsl_lpspi.o [1]
      .rodata          inited   0x8000'0ec0     0x40  fsl_lpspi.o [1]
      .rodata          inited   0x8000'0f00     0x44  fsl_lpspi.o [1]
      .rodata          inited   0x8000'0f44     0x10  fsl_lpspi.o [1]
      .rodata          inited   0x8000'0f54     0x14  fsl_lpspi.o [1]
      .rodata          inited   0x8000'0f68      0xc  fsl_lpspi.o [1]
      .rodata          inited   0x8000'0f74      0x8  fsl_lpspi.o [1]
      .rodata          inited   0x8000'0f7c      0x8  fsl_lpspi.o [1]
      .rodata          inited   0x8000'0f84     0x14  fsl_lpspi.o [1]
      .rodata          inited   0x8000'0f98     0x14  fsl_lpspi.o [1]
      .rodata          inited   0x8000'0fac     0x14  fsl_lpspi.o [1]
      .rodata          inited   0x8000'0fc0     0x14  fsl_lpspi.o [1]
      .rodata          inited   0x8000'0fd4      0x8  fsl_lpspi.o [1]
      .rodata          inited   0x8000'0fdc     0x14  fsl_lpspi.o [1]
      .rodata          inited   0x8000'0ff0      0xc  fsl_lpspi.o [1]
      .rodata          inited   0x8000'0ffc      0xc  fsl_lpuart.o [1]
      .rodata          inited   0x8000'1008     0x44  fsl_lpuart.o [1]
      .rodata          inited   0x8000'104c     0x40  fsl_lpuart.o [1]
      .rodata          inited   0x8000'108c     0x44  fsl_lpuart.o [1]
      .rodata          inited   0x8000'10d0      0x8  fsl_lpuart.o [1]
      .rodata          inited   0x8000'10d8      0x8  fsl_lpuart.o [1]
      .rodata          inited   0x8000'10e0      0x8  fsl_lpuart.o [1]
      .rodata          inited   0x8000'10e8     0x18  fsl_lpuart.o [1]
      .rodata          inited   0x8000'1100     0x20  fsl_lpuart.o [1]
      .rodata          inited   0x8000'1120     0x20  fsl_lpuart.o [1]
      .rodata          inited   0x8000'1140     0x24  fsl_lpuart.o [1]
      .rodata          inited   0x8000'1164     0x14  fsl_lpuart.o [1]
      .rodata          inited   0x8000'1178     0x14  fsl_lpuart.o [1]
      .rodata          inited   0x8000'118c      0xc  fsl_pit.o [1]
      .rodata          inited   0x8000'1198     0x44  fsl_pit.o [1]
      .rodata          inited   0x8000'11dc     0x3c  fsl_pit.o [1]
      .rodata          inited   0x8000'1218     0x40  fsl_pit.o [1]
      .rodata          inited   0x8000'1258      0x8  fsl_pit.o [1]
      .rodata          inited   0x8000'1260      0x4  fsl_pit.o [1]
      .rodata          inited   0x8000'1264      0xc  fsl_pwm.o [1]
      .rodata          inited   0x8000'1270     0x44  fsl_pwm.o [1]
      .rodata          inited   0x8000'12b4     0x3c  fsl_pwm.o [1]
      .rodata          inited   0x8000'12f0     0x40  fsl_pwm.o [1]
      .rodata          inited   0x8000'1330      0x8  fsl_pwm.o [1]
      .rodata          inited   0x8000'1338      0xc  fsl_pwm.o [1]
      .rodata          inited   0x8000'1344      0xc  fsl_pwm.o [1]
      .rodata          inited   0x8000'1350      0xc  fsl_pwm.o [1]
      .rodata          inited   0x8000'135c      0xc  fsl_pwm.o [1]
      .rodata          inited   0x8000'1368     0x28  fsl_pwm.o [1]
      .rodata          inited   0x8000'1390     0x1c  fsl_pwm.o [1]
      .rodata          inited   0x8000'13ac     0x10  fsl_pwm.o [1]
      .rodata          inited   0x8000'13bc     0x14  fsl_pwm.o [1]
      .rodata          inited   0x8000'13d0     0x28  fsl_pwm.o [1]
      .rodata          inited   0x8000'13f8      0xc  fsl_qtmr.o [1]
      .rodata          inited   0x8000'1404     0x44  fsl_qtmr.o [1]
      .rodata          inited   0x8000'1448     0x3c  fsl_qtmr.o [1]
      .rodata          inited   0x8000'1484     0x44  fsl_qtmr.o [1]
      .rodata          inited   0x8000'14c8      0x8  fsl_qtmr.o [1]
      .rodata          inited   0x8000'14d0     0x14  fsl_qtmr.o [1]
      .rodata          inited   0x8000'14e4      0xc  fsl_qtmr.o [1]
      .rodata          inited   0x8000'14f0     0x40  fsl_sai.o [1]
      .rodata          inited   0x8000'1530     0x14  fsl_sai.o [1]
      .rodata          inited   0x8000'1544     0x14  fsl_sai.o [1]
      .rodata          inited   0x8000'1558      0xc  fsl_usdhc.o [1]
      .rodata          inited   0x8000'1564      0x8  lpuart_adapter.o [1]
      .rodata          inited   0x8000'156c     0x50  lpuart_adapter.o [1]
      .rodata          inited   0x8000'15bc      0x8  lpuart_adapter.o [1]
      .rodata          inited   0x8000'15c4     0x4c  lpuart_adapter.o [1]
      .rodata          inited   0x8000'1610     0x28  lpuart_adapter.o [1]
      .rodata          inited   0x8000'1638      0x8  lpuart_adapter.o [1]
      .rodata          inited   0x8000'1640      0x8  lpuart_adapter.o [1]
      .rodata          inited   0x8000'1648     0x24  lpuart_adapter.o [1]
      .rodata          inited   0x8000'166c      0xc  SEEKFREE_18TFT.o [1]
      .rodata          inited   0x8000'1678     0x48  SEEKFREE_18TFT.o [1]
      .rodata          inited   0x8000'16c0      0xc  SEEKFREE_18TFT.o [1]
      .rodata          inited   0x8000'16cc      0xc  SEEKFREE_18TFT.o [1]
      .rodata          inited   0x8000'16d8      0xc  SEEKFREE_18TFT.o [1]
      .rodata          inited   0x8000'16e4      0xc  serial_manager.o [1]
      .rodata          inited   0x8000'16f0     0x5c  serial_manager.o [1]
      .rodata          inited   0x8000'174c      0x8  serial_manager.o [1]
      .rodata          inited   0x8000'1754      0x8  serial_manager.o [1]
      .rodata          inited   0x8000'175c      0x8  serial_manager.o [1]
      .rodata          inited   0x8000'1764      0xc  serial_manager.o [1]
      .rodata          inited   0x8000'1770      0x8  serial_manager.o [1]
      .rodata          inited   0x8000'1778     0x10  serial_manager.o [1]
      .rodata          inited   0x8000'1788     0x10  serial_port_uart.o [1]
      .rodata          inited   0x8000'1798     0x5c  serial_port_uart.o [1]
      .rodata          inited   0x8000'17f4     0x10  serial_port_uart.o [1]
      .rodata          inited   0x8000'1804      0x8  serial_port_uart.o [1]
      .rodata          inited   0x8000'180c      0x8  serial_port_uart.o [1]
      .rodata          inited   0x8000'1814     0x18  zf_csi.o [1]
      .rodata          inited   0x8000'182c     0x44  zf_csi.o [1]
      .rodata          inited   0x8000'1870     0x40  zf_csi.o [1]
      .rodata          inited   0x8000'18b0      0xc  zf_gpio.o [1]
      .rodata          inited   0x8000'18bc     0x60  zf_gpio.o [1]
      .rodata          inited   0x8000'191c      0xc  zf_iomuxc.o [1]
      .rodata          inited   0x8000'1928     0x44  zf_iomuxc.o [1]
      .rodata          inited   0x8000'196c     0x40  zf_iomuxc.o [1]
      .rodata          inited   0x8000'19ac      0x8  zf_pit.o [1]
      .rodata          inited   0x8000'19b4     0x60  zf_pit.o [1]
      .rodata          inited   0x8000'1a14     0x40  zf_pwm.o [1]
      .rodata          inited   0x8000'1a54     0x40  zf_qtimer.o [1]
      .rodata          inited   0x8000'1a94     0x18  zf_spi.o [1]
      .rodata          inited   0x8000'1aac     0x44  zf_spi.o [1]
      .rodata          inited   0x8000'1af0     0x40  zf_spi.o [1]
      .rodata          inited   0x8000'1b30      0xc  zf_spi.o [1]
      .rodata          inited   0x8000'1b3c     0x18  zf_systick.o [1]
      .rodata          inited   0x8000'1b54     0x60  zf_systick.o [1]
      .rodata          inited   0x8000'1bb4     0x28  zf_systick.o [1]
      .rodata          inited   0x8000'1bdc     0x40  zf_uart.o [1]
      .text            inited   0x8000'1c1c    0x338  board.o [1]
      .text            inited   0x8000'1f54    0x404  camera.o [1]
      .text            inited   0x8000'2358    0x6f4  clock_config.o [1]
      .text            inited   0x8000'2a4c     0xd8  driver.o [1]
      .text            inited   0x8000'2b24     0x1c  fsl_assert.o [1]
      .text            inited   0x8000'2b40    0x73c  fsl_clock.o [1]
      .text            inited   0x8000'327c    0x628  fsl_csi.o [1]
      .text            inited   0x8000'38a4    0x1cc  fsl_debug_console.o [1]
      .text            inited   0x8000'3a70    0x47c  fsl_edma.o [1]
      .text            inited   0x8000'3eec     0xec  fsl_enet.o [1]
      .text            inited   0x8000'3fd8     0x98  fsl_flexcan.o [1]
      .text            inited   0x8000'4070     0x64  fsl_flexio.o [1]
      .text            inited   0x8000'40d4     0x3c  fsl_flexio_camera.o [1]
      .text            inited   0x8000'4110    0x1f2  fsl_gpio.o [1]
      .text            inited   0x8000'4304    0x230  fsl_gpt.o [1]
      .text            inited   0x8000'4534     0x90  fsl_lpi2c.o [1]
      .text            inited   0x8000'45c4    0xb50  fsl_lpspi.o [1]
      .text            inited   0x8000'5114    0x9ec  fsl_lpuart.o [1]
      .text            inited   0x8000'5b00    0x144  fsl_pit.o [1]
      .text            inited   0x8000'5c44    0xa0c  fsl_pwm.o [1]
      .text            inited   0x8000'6650    0x1c4  fsl_qtmr.o [1]
      .text            inited   0x8000'6814    0x138  fsl_sai.o [1]
      .text            inited   0x8000'694c     0x44  fsl_spdif.o [1]
      .text            inited   0x8000'6990    0x964  fsl_str.o [1]
      .text            inited   0x8000'72f4     0x34  fsl_usdhc.o [1]
      .text            inited   0x8000'7328    0x10c  init.o [1]
      .text            inited   0x8000'7434    0x178  isr.o [1]
      .text            inited   0x8000'75ac    0x174  lpuart_adapter.o [1]
      .text            inited   0x8000'7720     0xcc  main.o [1]
      .text            inited   0x8000'77ec    0x4c0  SEEKFREE_18TFT.o [1]
      .text            inited   0x8000'7cac    0x11c  SEEKFREE_MT9V03X.o [1]
      .text            inited   0x8000'7dc8    0x184  SEEKFREE_MT9V03X_CSI.o [1]
      .text            inited   0x8000'7f4c     0x34  SEEKFREE_SCC8660.o [1]
      .text            inited   0x8000'7f80    0x1fc  serial_manager.o [1]
      .text            inited   0x8000'817c     0xd4  serial_port_uart.o [1]
      .text            inited   0x8000'8250    0x17a  usb_device_dci.o [1]
      .text            inited   0x8000'83cc    0x5e0  usb_device_ehci.o [1]
      .text            inited   0x8000'89ac     0x2c  zf_camera.o [1]
      .text            inited   0x8000'89d8    0x374  zf_csi.o [1]
      .text            inited   0x8000'8d4c    0x13c  zf_gpio.o [1]
      .text            inited   0x8000'8e88   0x6ab0  zf_iomuxc.o [1]
      .text            inited   0x8000'f938    0x160  zf_pit.o [1]
      .text            inited   0x8000'fa98    0x7ec  zf_pwm.o [1]
      .text            inited   0x8001'0284    0x768  zf_qtimer.o [1]
      .text            inited   0x8001'09ec    0x888  zf_spi.o [1]
      .text            inited   0x8001'1274    0x124  zf_systick.o [1]
      .text            inited   0x8001'1398    0x458  zf_uart.o [1]
      .text            inited   0x8001'17f0     0x20  zf_usb_cdc.o [1]
      .text            inited   0x8001'1810      0x6  ABImemclr4.o [4]
      .text            inited   0x8001'1818     0x66  ABImemset.o [4]
      .text            inited   0x8001'1880     0x86  ABImemcpy.o [4]
      .text            inited   0x8001'1908    0x274  I64DivMod.o [4]
      .text            inited   0x8001'1b7c     0x36  strlen.o [4]
      .text            inited   0x8001'1bb4     0x5c  DblToS64.o [3]
      .text            inited   0x8001'1c10     0x52  S64ToDbl.o [3]
      .text            inited   0x8001'1c64     0x9e  modf.o [3]
      .text            inited   0x8001'1d04    0x570  pow64.o [3]
      .text            inited   0x8001'2274     0x32  ABImemset48.o [4]
      .text            inited   0x8001'22a8      0x2  I64DivZer.o [4]
      .text            inited   0x8001'22ac    0x368  iar_Exp64.o [3]
      .text            inited   0x8001'2614     0x7c  frexp.o [3]
      .text            inited   0x8001'2690     0xf0  ldexp.o [3]
      Veneer           inited   0x8001'2780      0x8  - Linker created -
      .text            inited   0x8001'2788      0xa  cexit.o [4]
      .rodata          inited   0x8001'2792      0x2  fsl_csi.o [1]
      .rodata          inited   0x8001'2794      0x2  fsl_csi.o [1]
      .rodata          inited   0x8001'2796      0x2  fsl_pit.o [1]
      .text            inited   0x8001'2798     0x10  common.o [1]
      .text            inited   0x8001'27a8      0x2  zf_vector.o [1]
      .text            inited   0x8001'27aa      0x8  zf_vector.o [1]
      .text            inited   0x8001'27b2      0x8  zf_vector.o [1]
      .text            inited   0x8001'27ba      0x8  zf_vector.o [1]
      .text            inited   0x8001'27c2      0x8  zf_vector.o [1]
      .text            inited   0x8001'27ca      0x8  zf_vector.o [1]
      .text            inited   0x8001'27d2      0x8  zf_vector.o [1]
      .text            inited   0x8001'27da      0x8  zf_vector.o [1]
      .text            inited   0x8001'27e2      0x8  zf_vector.o [1]
      .text            inited   0x8001'27ea      0x8  zf_vector.o [1]
      .text            inited   0x8001'27f2      0x8  zf_vector.o [1]
      .text            inited   0x8001'27fa      0x8  zf_vector.o [1]
      .text            inited   0x8001'2802      0x8  zf_vector.o [1]
      .text            inited   0x8001'280a      0x8  zf_vector.o [1]
      .text            inited   0x8001'2812      0x8  zf_vector.o [1]
      .text            inited   0x8001'281a      0x8  zf_vector.o [1]
      .text            inited   0x8001'2822      0x8  zf_vector.o [1]
      .text            inited   0x8001'282a      0x8  zf_vector.o [1]
      .text            inited   0x8001'2832      0x2  zf_vector.o [1]
      .text            inited   0x8001'2834      0x2  zf_vector.o [1]
      .text            inited   0x8001'2836      0x2  zf_vector.o [1]
      .text            inited   0x8001'2838      0x8  zf_vector.o [1]
      .text            inited   0x8001'2840      0x8  zf_vector.o [1]
      .text            inited   0x8001'2848      0x8  zf_vector.o [1]
      .text            inited   0x8001'2850      0x8  zf_vector.o [1]
      .text            inited   0x8001'2858      0x8  zf_vector.o [1]
      .text            inited   0x8001'2860      0x8  zf_vector.o [1]
      .text            inited   0x8001'2868      0x8  zf_vector.o [1]
      .text            inited   0x8001'2870      0x8  zf_vector.o [1]
      .text            inited   0x8001'2878      0x8  zf_vector.o [1]
      .text            inited   0x8001'2880      0x8  zf_vector.o [1]
      .text            inited   0x8001'2888      0x8  zf_vector.o [1]
      .text            inited   0x8001'2890      0x8  zf_vector.o [1]
      .text            inited   0x8001'2898      0x8  zf_vector.o [1]
      .text            inited   0x8001'28a0      0x8  zf_vector.o [1]
      .text            inited   0x8001'28a8      0x8  zf_vector.o [1]
      .text            inited   0x8001'28b0      0x8  zf_vector.o [1]
      .text            inited   0x8001'28b8      0x8  zf_vector.o [1]
      .text            inited   0x8001'28c0      0x8  zf_vector.o [1]
      .text            inited   0x8001'28c8      0x2  zf_vector.o [1]
      .text            inited   0x8001'28ca      0x2  zf_vector.o [1]
      .text            inited   0x8001'28cc      0x2  zf_vector.o [1]
      .text            inited   0x8001'28ce      0x2  zf_vector.o [1]
      .text            inited   0x8001'28d0      0x2  zf_vector.o [1]
      .text            inited   0x8001'28d2      0x2  zf_vector.o [1]
      .text            inited   0x8001'28d4      0x2  zf_vector.o [1]
      .text            inited   0x8001'28d6      0x2  zf_vector.o [1]
      .text            inited   0x8001'28d8      0x2  zf_vector.o [1]
      .text            inited   0x8001'28da      0x2  zf_vector.o [1]
      .text            inited   0x8001'28dc      0x2  zf_vector.o [1]
      .text            inited   0x8001'28de      0x2  zf_vector.o [1]
      .text            inited   0x8001'28e0      0x2  zf_vector.o [1]
      .text            inited   0x8001'28e2      0x2  zf_vector.o [1]
      .text            inited   0x8001'28e4      0x2  zf_vector.o [1]
      .text            inited   0x8001'28e6      0x2  zf_vector.o [1]
      .text            inited   0x8001'28e8      0x2  zf_vector.o [1]
      .text            inited   0x8001'28ea      0x8  zf_vector.o [1]
      .text            inited   0x8001'28f2      0x8  zf_vector.o [1]
      .text            inited   0x8001'28fa      0x8  zf_vector.o [1]
      .text            inited   0x8001'2902      0x8  zf_vector.o [1]
      .text            inited   0x8001'290a      0x8  zf_vector.o [1]
      .text            inited   0x8001'2912      0x2  zf_vector.o [1]
      .text            inited   0x8001'2914      0x2  zf_vector.o [1]
      .text            inited   0x8001'2916      0x2  zf_vector.o [1]
      .text            inited   0x8001'2918      0x2  zf_vector.o [1]
      .text            inited   0x8001'291a      0x2  zf_vector.o [1]
      .text            inited   0x8001'291c      0x2  zf_vector.o [1]
      .text            inited   0x8001'291e      0x2  zf_vector.o [1]
      .text            inited   0x8001'2920      0x2  zf_vector.o [1]
      .text            inited   0x8001'2922      0x2  zf_vector.o [1]
      .text            inited   0x8001'2924      0x2  zf_vector.o [1]
      .text            inited   0x8001'2926      0x2  zf_vector.o [1]
      .text            inited   0x8001'2928      0x2  zf_vector.o [1]
      .text            inited   0x8001'292a      0x2  zf_vector.o [1]
      .text            inited   0x8001'292c      0x2  zf_vector.o [1]
      .text            inited   0x8001'292e      0x2  zf_vector.o [1]
      .text            inited   0x8001'2930      0x2  zf_vector.o [1]
      .text            inited   0x8001'2932      0x2  zf_vector.o [1]
      .text            inited   0x8001'2934      0x2  zf_vector.o [1]
      .text            inited   0x8001'2936      0x2  zf_vector.o [1]
      .text            inited   0x8001'2938      0x2  zf_vector.o [1]
      .text            inited   0x8001'293a      0x2  zf_vector.o [1]
      .text            inited   0x8001'293c      0x2  zf_vector.o [1]
      .text            inited   0x8001'293e      0x2  zf_vector.o [1]
      .text            inited   0x8001'2940      0x2  zf_vector.o [1]
      .text            inited   0x8001'2942      0x2  zf_vector.o [1]
      .text            inited   0x8001'2944      0x2  zf_vector.o [1]
      .text            inited   0x8001'2946      0x2  zf_vector.o [1]
      .text            inited   0x8001'2948      0x8  zf_vector.o [1]
      .text            inited   0x8001'2950      0x8  zf_vector.o [1]
      .text            inited   0x8001'2958      0x2  zf_vector.o [1]
      .text            inited   0x8001'295a      0x2  zf_vector.o [1]
      .text            inited   0x8001'295c      0x2  zf_vector.o [1]
      .text            inited   0x8001'295e      0x2  zf_vector.o [1]
      .text            inited   0x8001'2960      0x2  zf_vector.o [1]
      .text            inited   0x8001'2962      0x2  zf_vector.o [1]
      .text            inited   0x8001'2964      0x2  zf_vector.o [1]
      .text            inited   0x8001'2966      0x2  zf_vector.o [1]
      .text            inited   0x8001'2968      0x2  zf_vector.o [1]
      .text            inited   0x8001'296a      0x2  zf_vector.o [1]
      .text            inited   0x8001'296c      0x2  zf_vector.o [1]
      .text            inited   0x8001'296e      0x2  zf_vector.o [1]
      .text            inited   0x8001'2970      0x2  zf_vector.o [1]
      .text            inited   0x8001'2972      0x2  zf_vector.o [1]
      .text            inited   0x8001'2974      0x2  zf_vector.o [1]
      .text            inited   0x8001'2976      0x8  zf_vector.o [1]
      .text            inited   0x8001'297e      0x8  zf_vector.o [1]
      .text            inited   0x8001'2986      0x2  zf_vector.o [1]
      .text            inited   0x8001'2988      0x8  zf_vector.o [1]
      .text            inited   0x8001'2990      0x8  zf_vector.o [1]
      .text            inited   0x8001'2998      0x8  zf_vector.o [1]
      .text            inited   0x8001'29a0      0x2  zf_vector.o [1]
      .text            inited   0x8001'29a2      0x2  zf_vector.o [1]
      .text            inited   0x8001'29a4      0x2  zf_vector.o [1]
      .text            inited   0x8001'29a6      0x2  zf_vector.o [1]
      .text            inited   0x8001'29a8      0x2  zf_vector.o [1]
      .text            inited   0x8001'29aa      0x2  zf_vector.o [1]
      .text            inited   0x8001'29ac      0x2  zf_vector.o [1]
      .text            inited   0x8001'29ae      0x2  zf_vector.o [1]
      .text            inited   0x8001'29b0      0x2  zf_vector.o [1]
      .text            inited   0x8001'29b2      0x2  zf_vector.o [1]
      .text            inited   0x8001'29b4      0x2  zf_vector.o [1]
      .text            inited   0x8001'29b6      0x2  zf_vector.o [1]
      .text            inited   0x8001'29b8      0x2  zf_vector.o [1]
      .text            inited   0x8001'29ba      0x2  zf_vector.o [1]
      .text            inited   0x8001'29bc      0x2  zf_vector.o [1]
      .text            inited   0x8001'29be      0x2  zf_vector.o [1]
      .text            inited   0x8001'29c0      0x2  zf_vector.o [1]
      .text            inited   0x8001'29c2      0x2  zf_vector.o [1]
      .text            inited   0x8001'29c4      0x2  zf_vector.o [1]
      .text            inited   0x8001'29c6      0x2  zf_vector.o [1]
      .text            inited   0x8001'29c8      0x2  zf_vector.o [1]
      .text            inited   0x8001'29ca      0x2  zf_vector.o [1]
      .text            inited   0x8001'29cc      0x2  zf_vector.o [1]
      .text            inited   0x8001'29ce      0x2  zf_vector.o [1]
      .text            inited   0x8001'29d0      0x2  zf_vector.o [1]
      .text            inited   0x8001'29d2      0x2  zf_vector.o [1]
      .text            inited   0x8001'29d4      0x2  zf_vector.o [1]
      .text            inited   0x8001'29d6      0x2  zf_vector.o [1]
      .text            inited   0x8001'29d8      0x2  zf_vector.o [1]
      .text            inited   0x8001'29da      0x2  zf_vector.o [1]
      .text            inited   0x8001'29dc      0x2  zf_vector.o [1]
      .text            inited   0x8001'29de      0x2  zf_vector.o [1]
      .text            inited   0x8001'29e0      0x2  zf_vector.o [1]
      .text            inited   0x8001'29e2      0x2  zf_vector.o [1]
      .text            inited   0x8001'29e4      0x2  zf_vector.o [1]
      .text            inited   0x8001'29e6      0x8  zf_vector.o [1]
      .text            inited   0x8001'29ee      0x8  zf_vector.o [1]
      .text            inited   0x8001'29f6      0x8  zf_vector.o [1]
      .text            inited   0x8001'29fe      0x2  zf_vector.o [1]
      .text            inited   0x8001'2a00      0x8  zf_vector.o [1]
      .text            inited   0x8001'2a08      0x2  zf_vector.o [1]
      .text            inited   0x8001'2a0a      0x2  zf_vector.o [1]
      .text            inited   0x8001'2a0c      0x2  zf_vector.o [1]
      .text            inited   0x8001'2a0e      0x2  zf_vector.o [1]
      .text            inited   0x8001'2a10      0x2  zf_vector.o [1]
      .text            inited   0x8001'2a12      0x4  exit.o [2]
                              - 0x8001'2a16  0x12616

Unused ranges:

         From           To        Size
         ----           --        ----
  0x2000'00f6  0x2000'00ff         0xa
  0x2001'8b58  0x2006'efff    0x5'64a8
  0x7000'ce97  0x703f'ffff   0x3f'3169
  0x8000'0000  0x8000'03ff       0x400
  0x8001'2a16  0x81df'ffff  0x1de'd5ea


*******************************************************************************
*** INIT TABLE
***

          Address      Size
          -------      ----
Zero (__iar_zero_init3)
    2 destination ranges, total size 0x18a54:
          0x2000'0100   0xf454
          0x2000'f558   0x9600

Copy/lz77 (__iar_lz77_init3)
    1 source range, total size 0xa497 (55% of destination):
          0x7000'294e   0xa497
    1 destination range, total size 0x12616:
          0x8000'0400  0x12616

Copy/lz77 (__iar_lz77_init3)
    1 source range, total size 0xb2 (72% of destination):
          0x7000'cde5     0xb2
    1 destination range, total size 0xf6:
          0x2000'0000     0xf6



*******************************************************************************
*** MODULE SUMMARY
***

    Module                              ro code  rw code  ro data  rw data
    ------                              -------  -------  -------  -------
command line/config:
    ----------------------------------------------------------------------
    Total:

D:\STUDY\SmartCar\Demo\SmartCar\Project\IAR\program\nor_sdram_zf_dtcm\Obj: [1]
    SEEKFREE_18TFT.o                               1 216      748      120
    SEEKFREE_MT9V03X.o                               284      159   22 566
    SEEKFREE_MT9V03X_CSI.o                           388      266   38 530
    SEEKFREE_SCC8660.o                                52       29   38 400
    board.o                                          824      461
    camera.o                                       1 028      577      962
    clock_config.o                                 1 780    1 058      112
    common.o                                          16        9        1
    driver.o                                         216      147       60
    evkmimxrt1064_flexspi_nor_config.o                        512
    evkmimxrt1064_sdram_ini_dcd.o                           1 072
    fsl_assert.o                                      28       41       44
    fsl_clock.o                                    1 852    1 093      108
    fsl_csi.o                                      1 576    1 009      236
    fsl_debug_console.o                              460      351      200
    fsl_edma.o                                     1 148      696      224
    fsl_enet.o                                       236      211      164
    fsl_flexcan.o                                    152      157      148
    fsl_flexio.o                                     100       56       24
    fsl_flexio_camera.o                               60       33
    fsl_flexspi_nor_boot.o                                     48
    fsl_gpio.o                                       498      431      272
    fsl_gpt.o                                        560      500      332
    fsl_lpi2c.o                                      144       81       48
    fsl_lpspi.o                                    2 896    1 843      432
    fsl_lpuart.o                                   2 540    1 644      440
    fsl_pit.o                                        324      304      218
    fsl_pwm.o                                      2 572    1 665      404
    fsl_qtmr.o                                       452      392      248
    fsl_sai.o                                        312      233      144
    fsl_spdif.o                                       68       38       16
    fsl_str.o                                      2 404    1 345
    fsl_usdhc.o                                       52       36       28
    init.o                                           268      150
    isr.o                                            376      211
    lpuart_adapter.o                                 372      356      264
    main.o                                           204      114
    serial_manager.o                                 508      376      164
    serial_port_uart.o                               212      197      140
    startup_MIMXRT1064.o                    108
    system_MIMXRT1064.o                     382                 3        4
    usb_device_dci.o                                 378      211
    usb_device_ehci.o                              1 504      843
    zf_camera.o                                       44       25       28
    zf_csi.o                                         884      582      188
    zf_gpio.o                                        316      265      148
    zf_iomuxc.o                                   27 312   15 367      144
    zf_pit.o                                         352      255      104
    zf_pwm.o                                       2 028    1 185       84
    zf_qtimer.o                                    1 896    1 111       84
    zf_spi.o                                       2 184    1 331      188
    zf_systick.o                                     292      253      161
    zf_uart.o                                      1 112      685      100
    zf_usb_cdc.o                                      32       18       16
    zf_vector.o                                      618    1 370
    ----------------------------------------------------------------------
    Total:                                  490   65 130   42 153  106 298

dl7M_tln.a: [2]
    abort.o                                   6
    exit.o                                             4        3
    low_level_init.o                          4
    ----------------------------------------------------------------------
    Total:                                   10        4        3

m7M_tlv.a: [3]
    DblToS64.o                                        92       52
    S64ToDbl.o                                        82       46
    fpinit_M.o                               34
    frexp.o                                          124       70
    iar_Exp64.o                                      872      489
    ldexp.o                                          240      134
    modf.o                                           158       90
    pow64.o                                        1 392    1 371    1 056
    ----------------------------------------------------------------------
    Total:                                   34    2 960    2 252    1 056

rt7M_tl.a: [4]
    ABImemclr4.o                                       6        4
    ABImemcpy.o                                      134       76
    ABImemset.o                                      102       58
    ABImemset48.o                                     50       28
    I64DivMod.o                                      628      352
    I64DivZer.o                                        2        2
    cexit.o                                           10        6
    cmain.o                                  30
    cstartup_M.o                             12
    data_init.o                              40
    lz77_init.o                             502
    strlen.o                                          54       31
    vector_table_M.o                         64
    zero_init3.o                             58
    ----------------------------------------------------------------------
    Total:                                  706      986      557

shb_l.a: [5]
    exit.o                                   20
    ----------------------------------------------------------------------
    Total:                                   20

    Gaps                                              20        2       18
    Linker created                           16        8       84    4 096
--------------------------------------------------------------------------
    Grand Total:                          1 276   69 108   45 051  111 468


*******************************************************************************
*** ENTRY LIST
***

Entry                       Address    Size  Type      Object
-----                       -------    ----  ----      ------
.iar.init_table$$Base   0x7000'28c0           --   Gb  - Linker created -
.iar.init_table$$Limit  0x7000'2910           --   Gb  - Linker created -
?main                   0x7000'2921          Code  Gb  cmain.o [4]
ARM_MPU_Disable         0x8000'1c5f    0x20  Code  Lc  board.o [1]
ARM_MPU_Enable          0x8000'1c3f    0x20  Code  Lc  board.o [1]
BOARD_BootClockRUN      0x8000'24d9   0x448  Code  Gb  clock_config.o [1]
BOARD_ConfigMPU         0x8000'1e2b    0x7c  Code  Gb  board.o [1]
BOARD_DebugConsoleSrcFreq
                        0x8000'1dd9    0x3a  Code  Gb  board.o [1]
BOARD_InitDebugConsole  0x8000'1e13    0x18  Code  Gb  board.o [1]
BusFault_Handler        0x8001'279f     0x2  Code  Gb  common.o [1]
CAN1_DriverIRQHandler   0x8000'3fd9    0x26  Code  Gb  fsl_flexcan.o [1]
CAN2_DriverIRQHandler   0x8000'3fff    0x26  Code  Gb  fsl_flexcan.o [1]
CAN3_DriverIRQHandler   0x8000'4025    0x26  Code  Gb  fsl_flexcan.o [1]
CLOCK_ControlGate       0x8000'2445    0x48  Code  Lc  clock_config.o [1]
CLOCK_ControlGate       0x8000'329d    0x48  Code  Lc  fsl_csi.o [1]
CLOCK_ControlGate       0x8000'4111    0x42  Code  Lc  fsl_gpio.o [1]
CLOCK_ControlGate       0x8000'4305    0x42  Code  Lc  fsl_gpt.o [1]
CLOCK_ControlGate       0x8000'45c5    0x48  Code  Lc  fsl_lpspi.o [1]
CLOCK_ControlGate       0x8000'5135    0x48  Code  Lc  fsl_lpuart.o [1]
CLOCK_ControlGate       0x8000'5b01    0x42  Code  Lc  fsl_pit.o [1]
CLOCK_ControlGate       0x8000'5c45    0x48  Code  Lc  fsl_pwm.o [1]
CLOCK_ControlGate       0x8000'6651    0x42  Code  Lc  fsl_qtmr.o [1]
CLOCK_ControlGate       0x8000'8e89    0x42  Code  Lc  zf_iomuxc.o [1]
CLOCK_DeinitAudioPll    0x8000'2ead     0xc  Code  Gb  fsl_clock.o [1]
CLOCK_DeinitEnetPll     0x8000'2ec5     0xc  Code  Gb  fsl_clock.o [1]
CLOCK_DeinitUsb2Pll     0x8000'2ea3     0xa  Code  Gb  fsl_clock.o [1]
CLOCK_DeinitVideoPll    0x8000'2eb9     0xc  Code  Gb  fsl_clock.o [1]
CLOCK_DisableClock      0x8000'248d    0x10  Code  Lc  clock_config.o [1]
CLOCK_DisableClock      0x8000'4357    0x10  Code  Lc  fsl_gpt.o [1]
CLOCK_DisableClock      0x8000'518d    0x10  Code  Lc  fsl_lpuart.o [1]
CLOCK_DisableClock      0x8000'5b53    0x10  Code  Lc  fsl_pit.o [1]
CLOCK_DisableClock      0x8000'5c9d    0x10  Code  Lc  fsl_pwm.o [1]
CLOCK_DisableClock      0x8000'66a3    0x10  Code  Lc  fsl_qtmr.o [1]
CLOCK_EnableClock       0x8000'32e5    0x10  Code  Lc  fsl_csi.o [1]
CLOCK_EnableClock       0x8000'4153    0x10  Code  Lc  fsl_gpio.o [1]
CLOCK_EnableClock       0x8000'4347    0x10  Code  Lc  fsl_gpt.o [1]
CLOCK_EnableClock       0x8000'460d    0x10  Code  Lc  fsl_lpspi.o [1]
CLOCK_EnableClock       0x8000'517d    0x10  Code  Lc  fsl_lpuart.o [1]
CLOCK_EnableClock       0x8000'5b43    0x10  Code  Lc  fsl_pit.o [1]
CLOCK_EnableClock       0x8000'5c8d    0x10  Code  Lc  fsl_pwm.o [1]
CLOCK_EnableClock       0x8000'6693    0x10  Code  Lc  fsl_qtmr.o [1]
CLOCK_EnableClock       0x8000'8ed9    0x10  Code  Lc  zf_iomuxc.o [1]
CLOCK_GetAhbFreq        0x8000'2cc5    0x18  Code  Gb  fsl_clock.o [1]
CLOCK_GetDiv            0x8000'1d9d    0x2a  Code  Lc  board.o [1]
CLOCK_GetFreq           0x8000'2d4f   0x114  Code  Gb  fsl_clock.o [1]
CLOCK_GetIpgFreq        0x8000'2d11    0x18  Code  Gb  fsl_clock.o [1]
CLOCK_GetMux            0x8000'1d73    0x2a  Code  Lc  board.o [1]
CLOCK_GetOscFreq        0x8000'1dc7    0x12  Code  Lc  board.o [1]
CLOCK_GetOscFreq        0x8000'2b41    0x18  Code  Lc  fsl_clock.o [1]
CLOCK_GetPerClkFreq     0x8000'2d29    0x26  Code  Gb  fsl_clock.o [1]
CLOCK_GetPeriphClkFreq  0x8000'2ba7    0xaa  Code  Lc  fsl_clock.o [1]
CLOCK_GetPllBypassRefClk
                        0x8000'2b85    0x22  Code  Lc  fsl_clock.o [1]
CLOCK_GetPllFreq        0x8000'2ed1   0x23e  Code  Gb  fsl_clock.o [1]
CLOCK_GetRtcFreq        0x8000'2b59     0x6  Code  Lc  fsl_clock.o [1]
CLOCK_GetSemcFreq       0x8000'2cdd    0x34  Code  Gb  fsl_clock.o [1]
CLOCK_GetSysPfdFreq     0x8000'3119    0x60  Code  Gb  fsl_clock.o [1]
CLOCK_GetUsb1PfdFreq    0x8000'3185    0x60  Code  Gb  fsl_clock.o [1]
CLOCK_InitArmPll        0x8000'2e63    0x40  Code  Gb  fsl_clock.o [1]
CLOCK_InitExternalClk   0x8000'2c51    0x4a  Code  Gb  fsl_clock.o [1]
CLOCK_InitRcOsc24M      0x8000'2cb7     0xe  Code  Gb  fsl_clock.o [1]
CLOCK_IsPllBypassed     0x8000'2b5f    0x10  Code  Lc  fsl_clock.o [1]
CLOCK_IsPllEnabled      0x8000'2b6f    0x16  Code  Lc  fsl_clock.o [1]
CLOCK_SetDiv            0x8000'23cf    0x76  Code  Lc  clock_config.o [1]
CLOCK_SetDiv            0x8000'8a47    0x6e  Code  Lc  zf_csi.o [1]
CLOCK_SetDiv            0x8001'0a63    0x76  Code  Lc  zf_spi.o [1]
CLOCK_SetMux            0x8000'2359    0x76  Code  Lc  clock_config.o [1]
CLOCK_SetMux            0x8000'89d9    0x6e  Code  Lc  zf_csi.o [1]
CLOCK_SetMux            0x8001'09ed    0x76  Code  Lc  zf_spi.o [1]
CLOCK_SetPllBypass      0x8000'24ad    0x2c  Code  Lc  clock_config.o [1]
CLOCK_SetRtcXtalFreq    0x8000'24a5     0x8  Code  Lc  clock_config.o [1]
CLOCK_SetXtalFreq       0x8000'249d     0x8  Code  Lc  clock_config.o [1]
CLOCK_SwitchOsc         0x8000'2c9b    0x1c  Code  Gb  fsl_clock.o [1]
CSI_ClearFifo           0x8000'3583    0x30  Code  Gb  fsl_csi.o [1]
CSI_DriverIRQHandler    0x8000'3853    0x10  Code  Gb  fsl_csi.o [1]
CSI_EnableFifoDmaRequest
                        0x8000'35d3    0x2e  Code  Gb  fsl_csi.o [1]
CSI_EnableInterrupts    0x8000'3601    0x24  Code  Gb  fsl_csi.o [1]
CSI_GetDefaultConfig    0x8000'351f    0x54  Code  Gb  fsl_csi.o [1]
CSI_GetInstance         0x8000'3345    0x34  Code  Lc  fsl_csi.o [1]
CSI_IRQHandler          0x8000'7477     0xc  Code  Gb  isr.o [1]
CSI_Init                0x8000'33d5    0xfc  Code  Gb  fsl_csi.o [1]
CSI_ReflashFifoDma      0x8000'35b3    0x20  Code  Gb  fsl_csi.o [1]
CSI_Reset               0x8000'34d1    0x4e  Code  Gb  fsl_csi.o [1]
CSI_SetRxBufferAddr     0x8000'3573    0x10  Code  Gb  fsl_csi.o [1]
CSI_Start               0x8000'3315    0x18  Code  Lc  fsl_csi.o [1]
CSI_Stop                0x8000'332d    0x18  Code  Lc  fsl_csi.o [1]
CSI_TransferCreateHandle
                        0x8000'3625    0x5e  Code  Gb  fsl_csi.o [1]
CSI_TransferGetEmptyBufferCount
                        0x8000'3395    0x12  Code  Lc  fsl_csi.o [1]
CSI_TransferGetFullBuffer
                        0x8000'376f    0x36  Code  Gb  fsl_csi.o [1]
CSI_TransferGetQueueDelta
                        0x8000'3379     0xe  Code  Lc  fsl_csi.o [1]
CSI_TransferHandleIRQ   0x8000'37a9    0xaa  Code  Gb  fsl_csi.o [1]
CSI_TransferIncreaseQueueIdx
                        0x8000'3387     0xe  Code  Lc  fsl_csi.o [1]
CSI_TransferLoadBufferToDevice
                        0x8000'33a7    0x2e  Code  Lc  fsl_csi.o [1]
CSI_TransferStart       0x8000'3683    0x76  Code  Gb  fsl_csi.o [1]
CSI_TransferSubmitEmptyBuffer
                        0x8000'36f9    0x76  Code  Gb  fsl_csi.o [1]
CSTACK$$Base            0x2006'f000           --   Gb  - Linker created -
CSTACK$$Limit           0x2007'0000           --   Gb  - Linker created -
ConvertFloatRadixNumToString
                        0x8000'6ae1   0x19e  Code  Lc  fsl_str.o [1]
ConvertRadixNumToString
                        0x8000'6991   0x150  Code  Lc  fsl_str.o [1]
DMA0_DMA16_DriverIRQHandler
                        0x8000'3bc7    0x34  Code  Gb  fsl_edma.o [1]
DMA10_DMA26_DriverIRQHandler
                        0x8000'3dc5    0x30  Code  Gb  fsl_edma.o [1]
DMA11_DMA27_DriverIRQHandler
                        0x8000'3df5    0x2e  Code  Gb  fsl_edma.o [1]
DMA12_DMA28_DriverIRQHandler
                        0x8000'3e23    0x2e  Code  Gb  fsl_edma.o [1]
DMA13_DMA29_DriverIRQHandler
                        0x8000'3e51    0x2e  Code  Gb  fsl_edma.o [1]
DMA14_DMA30_DriverIRQHandler
                        0x8000'3e7f    0x2e  Code  Gb  fsl_edma.o [1]
DMA15_DMA31_DriverIRQHandler
                        0x8000'3ead    0x2e  Code  Gb  fsl_edma.o [1]
DMA1_DMA17_DriverIRQHandler
                        0x8000'3bfb    0x34  Code  Gb  fsl_edma.o [1]
DMA2_DMA18_DriverIRQHandler
                        0x8000'3c2f    0x34  Code  Gb  fsl_edma.o [1]
DMA3_DMA19_DriverIRQHandler
                        0x8000'3c63    0x34  Code  Gb  fsl_edma.o [1]
DMA4_DMA20_DriverIRQHandler
                        0x8000'3c97    0x34  Code  Gb  fsl_edma.o [1]
DMA5_DMA21_DriverIRQHandler
                        0x8000'3ccb    0x34  Code  Gb  fsl_edma.o [1]
DMA6_DMA22_DriverIRQHandler
                        0x8000'3cff    0x34  Code  Gb  fsl_edma.o [1]
DMA7_DMA23_DriverIRQHandler
                        0x8000'3d33    0x32  Code  Gb  fsl_edma.o [1]
DMA8_DMA24_DriverIRQHandler
                        0x8000'3d65    0x30  Code  Gb  fsl_edma.o [1]
DMA9_DMA25_DriverIRQHandler
                        0x8000'3d95    0x30  Code  Gb  fsl_edma.o [1]
DTCM_VAR$$Base          0x2000'f558           --   Gb  - Linker created -
DTCM_VAR$$Limit         0x2001'8b58           --   Gb  - Linker created -
DbgConsole_Init         0x8000'392b    0xe6  Code  Gb  fsl_debug_console.o [1]
DbgConsole_PrintCallback
                        0x8000'38ed    0x3e  Code  Lc  fsl_debug_console.o [1]
DbgConsole_Printf       0x8000'3a11    0x3a  Code  Gb  fsl_debug_console.o [1]
DbgConsole_SendData     0x8000'38a5    0x48  Code  Gb  fsl_debug_console.o [1]
DebugMon_Handler        0x8001'27a5     0x2  Code  Gb  common.o [1]
DefaultISR              0x7000'2871          Code  Wk  startup_MIMXRT1064.o [1]
DisableGlobalIRQ        0x8000'7721     0x8  Code  Lc  main.o [1]
DisableGlobalIRQ        0x8000'7dc9     0x8  Code  Lc  SEEKFREE_MT9V03X_CSI.o [1]
DisableGlobalIRQ        0x8000'8ab5     0x8  Code  Lc  zf_csi.o [1]
EDMA_GetChannelStatusFlags
                        0x8000'3a71    0x4a  Code  Gb  fsl_edma.o [1]
EDMA_HandleIRQ          0x8000'3ac5   0x102  Code  Gb  fsl_edma.o [1]
ENET2_DriverIRQHandler  0x8000'3fad     0xa  Code  Gb  fsl_enet.o [1]
ENET_1588_Timer_IRQHandler
                        0x8000'3f91    0x10  Code  Gb  fsl_enet.o [1]
ENET_CommonFrame0IRQHandler
                        0x8000'3f31    0x60  Code  Gb  fsl_enet.o [1]
ENET_DriverIRQHandler   0x8000'3fa1     0xa  Code  Gb  fsl_enet.o [1]
ENET_GetInstance        0x8000'3eed    0x36  Code  Gb  fsl_enet.o [1]
EnableGlobalIRQ         0x8000'7729     0x6  Code  Lc  main.o [1]
EnableGlobalIRQ         0x8000'7dd1     0x6  Code  Lc  SEEKFREE_MT9V03X_CSI.o [1]
EnableIRQ               0x8000'32f5    0x20  Code  Lc  fsl_csi.o [1]
EnableIRQ               0x8000'519d    0x20  Code  Lc  fsl_lpuart.o [1]
EnableIRQ               0x8000'f957    0x20  Code  Lc  zf_pit.o [1]
FLEXIO1_DriverIRQHandler
                        0x8000'40bd     0x8  Code  Gb  fsl_flexio.o [1]
FLEXIO2_DriverIRQHandler
                        0x8000'40c5     0x8  Code  Gb  fsl_flexio.o [1]
FLEXIO3_DriverIRQHandler
                        0x8000'40cd     0x8  Code  Gb  fsl_flexio.o [1]
FLEXIO_CAMERA_ClearStatusFlags
                        0x8000'40dd    0x34  Code  Gb  fsl_flexio_camera.o [1]
FLEXIO_ClearShifterErrorFlags
                        0x8000'40d9     0x4  Code  Lc  fsl_flexio_camera.o [1]
FLEXIO_ClearShifterStatusFlags
                        0x8000'40d5     0x4  Code  Lc  fsl_flexio_camera.o [1]
FLEXIO_CommonIRQHandler
                        0x8000'4071    0x3e  Code  Gb  fsl_flexio.o [1]
GET_CFG_CSI             0x2000'0070    0x20  Data  Gb  SEEKFREE_MT9V03X_CSI.o [1]
GPIO2_Combined_0_15_IRQHandler
                        0x8000'7559    0x3a  Code  Gb  isr.o [1]
GPIO2_Combined_16_31_IRQHandler
                        0x8000'753b    0x1e  Code  Gb  isr.o [1]
GPIO_ClearPinsInterruptFlags
                        0x8000'7467    0x10  Code  Lc  isr.o [1]
GPIO_ClearPinsInterruptFlags
                        0x8000'7cb1    0x10  Code  Lc  SEEKFREE_MT9V03X.o [1]
GPIO_ClearPinsInterruptFlags
                        0x8000'7f51    0x10  Code  Lc  SEEKFREE_SCC8660.o [1]
GPIO_ClearPinsOutput    0x8000'8d69    0x10  Code  Lc  zf_gpio.o [1]
GPIO_GetInstance        0x8000'4179    0x2e  Code  Lc  fsl_gpio.o [1]
GPIO_GetPinsInterruptFlags
                        0x8000'7457     0xc  Code  Lc  isr.o [1]
GPIO_PinInit            0x8000'41a7    0x58  Code  Gb  fsl_gpio.o [1]
GPIO_PinReadPadStatus   0x8000'8d79    0x26  Code  Lc  zf_gpio.o [1]
GPIO_PinSetInterruptConfig
                        0x8000'4259    0xaa  Code  Gb  fsl_gpio.o [1]
GPIO_PinWrite           0x8000'41ff    0x3a  Code  Gb  fsl_gpio.o [1]
GPIO_PortClear          0x8000'8d63     0x6  Code  Lc  zf_gpio.o [1]
GPIO_PortClearInterruptFlags
                        0x8000'7463     0x4  Code  Lc  isr.o [1]
GPIO_PortClearInterruptFlags
                        0x8000'7cad     0x4  Code  Lc  SEEKFREE_MT9V03X.o [1]
GPIO_PortClearInterruptFlags
                        0x8000'7f4d     0x4  Code  Lc  SEEKFREE_SCC8660.o [1]
GPIO_PortGetInterruptFlags
                        0x8000'7453     0x4  Code  Lc  isr.o [1]
GPIO_PortSet            0x8000'8d4d     0x6  Code  Lc  zf_gpio.o [1]
GPIO_ReadPadStatus      0x8000'8d9f    0x10  Code  Lc  zf_gpio.o [1]
GPIO_SetPinInterruptConfig
                        0x8000'4163    0x16  Code  Lc  fsl_gpio.o [1]
GPIO_SetPinsOutput      0x8000'8d53    0x10  Code  Lc  zf_gpio.o [1]
GPT_ClearStatusFlags    0x8001'12ed     0x8  Code  Lc  zf_systick.o [1]
GPT_Deinit              0x8000'44a7    0x1a  Code  Gb  fsl_gpt.o [1]
GPT_GetDefaultConfig    0x8000'44c1    0x48  Code  Gb  fsl_gpt.o [1]
GPT_GetInstance         0x8000'43dd    0x2e  Code  Lc  fsl_gpt.o [1]
GPT_GetStatusFlags      0x8001'12e3     0xa  Code  Lc  zf_systick.o [1]
GPT_Init                0x8000'440b    0x9c  Code  Gb  fsl_gpt.o [1]
GPT_SetClockDivider     0x8000'43af    0x2e  Code  Lc  fsl_gpt.o [1]
GPT_SetClockDivider     0x8001'1275    0x2e  Code  Lc  zf_systick.o [1]
GPT_SetClockSource      0x8000'4377    0x38  Code  Lc  fsl_gpt.o [1]
GPT_SetOutputCompareValue
                        0x8001'12b7    0x2c  Code  Lc  zf_systick.o [1]
GPT_SoftwareReset       0x8000'4367    0x10  Code  Lc  fsl_gpt.o [1]
GPT_StartTimer          0x8001'12a3     0xa  Code  Lc  zf_systick.o [1]
GPT_StopTimer           0x8001'12ad     0xa  Code  Lc  zf_systick.o [1]
HAL_UartGetStatus       0x8000'75ad    0x10  Code  Lc  lpuart_adapter.o [1]
HAL_UartInit            0x8000'75bd    0xe8  Code  Gb  lpuart_adapter.o [1]
HAL_UartSendBlocking    0x8000'76a5    0x5a  Code  Gb  lpuart_adapter.o [1]
HardFault_Handler       0x8001'279b     0x2  Code  Gb  common.o [1]
IOMUXC_SetPinConfig     0x8000'8f05    0x10  Code  Lc  zf_iomuxc.o [1]
IOMUXC_SetPinMux        0x8000'8ee9    0x1c  Code  Lc  zf_iomuxc.o [1]
InStream_Read           0x7000'2455    0x28  Code  Lc  lz77_init.o [4]
InStream_StepRegion     0x7000'2441    0x14  Code  Lc  lz77_init.o [4]
LPI2C1_DriverIRQHandler
                        0x8000'4573     0xc  Code  Gb  fsl_lpi2c.o [1]
LPI2C2_DriverIRQHandler
                        0x8000'457f     0xc  Code  Gb  fsl_lpi2c.o [1]
LPI2C3_DriverIRQHandler
                        0x8000'458b     0xc  Code  Gb  fsl_lpi2c.o [1]
LPI2C4_DriverIRQHandler
                        0x8000'4597     0xc  Code  Gb  fsl_lpi2c.o [1]
LPI2C_CommonIRQHandler  0x8000'4535    0x3e  Code  Lc  fsl_lpi2c.o [1]
LPSPI1_DriverIRQHandler
                        0x8000'5049    0x24  Code  Gb  fsl_lpspi.o [1]
LPSPI2_DriverIRQHandler
                        0x8000'506d    0x24  Code  Gb  fsl_lpspi.o [1]
LPSPI3_DriverIRQHandler
                        0x8000'5091    0x24  Code  Gb  fsl_lpspi.o [1]
LPSPI4_DriverIRQHandler
                        0x8000'50b5    0x24  Code  Gb  fsl_lpspi.o [1]
LPSPI_CheckTransferArgument
                        0x8000'4b19    0x76  Code  Gb  fsl_lpspi.o [1]
LPSPI_ClearStatusFlags  0x8000'4659     0x4  Code  Lc  fsl_lpspi.o [1]
LPSPI_ClearStatusFlags  0x8001'0af5     0x4  Code  Lc  zf_spi.o [1]
LPSPI_CombineWriteData  0x8000'4e49    0xf4  Code  Lc  fsl_lpspi.o [1]
LPSPI_CommonIRQHandler  0x8000'5021    0x28  Code  Lc  fsl_lpspi.o [1]
LPSPI_DisableInterrupts
                        0x8001'0af9     0x8  Code  Lc  zf_spi.o [1]
LPSPI_Enable            0x8000'461d    0x1c  Code  Lc  fsl_lpspi.o [1]
LPSPI_Enable            0x8001'0ad9    0x1c  Code  Lc  zf_spi.o [1]
LPSPI_FlushFifo         0x8000'4679    0x1a  Code  Lc  fsl_lpspi.o [1]
LPSPI_FlushFifo         0x8001'0b01    0x1a  Code  Lc  zf_spi.o [1]
LPSPI_GetInstance       0x8000'46af    0x44  Code  Gb  fsl_lpspi.o [1]
LPSPI_GetRxFifoCount    0x8000'4651     0x8  Code  Lc  fsl_lpspi.o [1]
LPSPI_GetRxFifoSize     0x8000'463d     0xc  Code  Lc  fsl_lpspi.o [1]
LPSPI_GetStatusFlags    0x8000'4639     0x4  Code  Lc  fsl_lpspi.o [1]
LPSPI_GetTxFifoCount    0x8000'4649     0x8  Code  Lc  fsl_lpspi.o [1]
LPSPI_IsMaster          0x8000'4671     0x8  Code  Lc  fsl_lpspi.o [1]
LPSPI_MasterGetDefaultConfig
                        0x8000'4801    0x7c  Code  Gb  fsl_lpspi.o [1]
LPSPI_MasterInit        0x8000'4707    0xfa  Code  Gb  fsl_lpspi.o [1]
LPSPI_MasterSetBaudRate
                        0x8000'48b9    0xbc  Code  Gb  fsl_lpspi.o [1]
LPSPI_MasterSetDelayScaler
                        0x8000'4975    0x50  Code  Gb  fsl_lpspi.o [1]
LPSPI_MasterSetDelayTimes
                        0x8000'49c5   0x154  Code  Gb  fsl_lpspi.o [1]
LPSPI_MasterTransferBlocking
                        0x8000'4b95   0x272  Code  Gb  fsl_lpspi.o [1]
LPSPI_ReadData          0x8000'46ab     0x4  Code  Lc  fsl_lpspi.o [1]
LPSPI_Reset             0x8000'487d    0x16  Code  Gb  fsl_lpspi.o [1]
LPSPI_SeparateReadData  0x8000'4f3d    0xe4  Code  Lc  fsl_lpspi.o [1]
LPSPI_SetDummyData      0x8000'46f3    0x14  Code  Gb  fsl_lpspi.o [1]
LPSPI_SetFifoWatermarks
                        0x8000'4693    0x14  Code  Lc  fsl_lpspi.o [1]
LPSPI_SetMasterSlaveMode
                        0x8000'465d    0x14  Code  Lc  fsl_lpspi.o [1]
LPSPI_SetOnePcsPolarity
                        0x8000'4893    0x26  Code  Lc  fsl_lpspi.o [1]
LPSPI_WriteData         0x8000'46a7     0x4  Code  Lc  fsl_lpspi.o [1]
LPUART1_DriverIRQHandler
                        0x8000'5a35    0x10  Code  Gb  fsl_lpuart.o [1]
LPUART2_DriverIRQHandler
                        0x8000'5a4d    0x10  Code  Gb  fsl_lpuart.o [1]
LPUART3_DriverIRQHandler
                        0x8000'5a5d    0x10  Code  Gb  fsl_lpuart.o [1]
LPUART4_DriverIRQHandler
                        0x8000'5a71    0x10  Code  Gb  fsl_lpuart.o [1]
LPUART5_DriverIRQHandler
                        0x8000'5a81    0x10  Code  Gb  fsl_lpuart.o [1]
LPUART6_DriverIRQHandler
                        0x8000'5a91    0x10  Code  Gb  fsl_lpuart.o [1]
LPUART7_DriverIRQHandler
                        0x8000'5aa1    0x10  Code  Gb  fsl_lpuart.o [1]
LPUART8_DriverIRQHandler
                        0x8000'5ab1    0x10  Code  Gb  fsl_lpuart.o [1]
LPUART_Deinit           0x8000'5553    0x3e  Code  Gb  fsl_lpuart.o [1]
LPUART_DisableInterrupts
                        0x8000'5625    0x2a  Code  Gb  fsl_lpuart.o [1]
LPUART_EnableInterrupts
                        0x8000'55fd    0x28  Code  Gb  fsl_lpuart.o [1]
LPUART_GetDefaultConfig
                        0x8000'5591    0x6c  Code  Gb  fsl_lpuart.o [1]
LPUART_GetEnabledInterrupts
                        0x8000'564f    0x1e  Code  Gb  fsl_lpuart.o [1]
LPUART_GetInstance      0x8000'51cf    0x34  Code  Gb  fsl_lpuart.o [1]
LPUART_GetStatusFlags   0x8000'566d    0x10  Code  Gb  fsl_lpuart.o [1]
LPUART_Init             0x8000'52f9   0x25a  Code  Gb  fsl_lpuart.o [1]
LPUART_ReadNonBlocking  0x8000'52a5    0x54  Code  Lc  fsl_lpuart.o [1]
LPUART_SoftwareReset    0x8000'51bd    0x12  Code  Lc  fsl_lpuart.o [1]
LPUART_TransferCreateHandle
                        0x8000'56b5    0x94  Code  Gb  fsl_lpuart.o [1]
LPUART_TransferGetRxRingBufferLength
                        0x8000'5203    0x3e  Code  Gb  fsl_lpuart.o [1]
LPUART_TransferHandleIRQ
                        0x8000'577d   0x2b8  Code  Gb  fsl_lpuart.o [1]
LPUART_TransferIsRxRingBufferFull
[...]
QTMR_GetDefaultConfig   0x8000'67af    0x44  Code  Gb  fsl_qtmr.o [1]
QTMR_GetInstance        0x8000'66b3    0x2e  Code  Lc  fsl_qtmr.o [1]
QTMR_Init               0x8000'66e1    0x9e  Code  Gb  fsl_qtmr.o [1]
QTMR_StartTimer         0x8001'028f    0x26  Code  Lc  zf_qtimer.o [1]
RW$$Base                0x8000'0400           --   Gb  - Linker created -
RW$$Limit               0x8001'2a16           --   Gb  - Linker created -
Region$$Table$$Base     0x7000'28c0           --   Gb  - Linker created -
Region$$Table$$Limit    0x7000'2910           --   Gb  - Linker created -
Reset_Handler           0x7000'2809          Code  Gb  startup_MIMXRT1064.o [1]
SAI1_DriverIRQHandler   0x8000'6815    0x5a  Code  Gb  fsl_sai.o [1]
SAI2_DriverIRQHandler   0x8000'686f    0x5a  Code  Gb  fsl_sai.o [1]
SAI3_RX_DriverIRQHandler
                        0x8000'68ef    0x26  Code  Gb  fsl_sai.o [1]
SAI3_TX_DriverIRQHandler
                        0x8000'68c9    0x26  Code  Gb  fsl_sai.o [1]
SCB_DisableDCache       0x8000'1d1f    0x54  Code  Lc  board.o [1]
SCB_DisableICache       0x8000'1ca9    0x22  Code  Lc  board.o [1]
SCB_EnableDCache        0x8000'1ccb    0x54  Code  Lc  board.o [1]
SCB_EnableDCache        0x7000'267b    0x54  Code  Lc  system_MIMXRT1064.o [1]
SCB_EnableICache        0x8000'1c7f    0x2a  Code  Lc  board.o [1]
SCB_EnableICache        0x7000'2651    0x2a  Code  Lc  system_MIMXRT1064.o [1]
SPDIF_DriverIRQHandler  0x8000'694d    0x32  Code  Gb  fsl_spdif.o [1]
SPIN                    0x2000'00b8    0x14  Data  Gb  zf_spi.o [1]
SVC_Handler             0x8001'27a3     0x2  Code  Gb  common.o [1]
SerialManager_Init      0x8000'8029    0x6c  Code  Gb  serial_manager.o [1]
SerialManager_OpenReadHandle
                        0x8000'80eb    0x5e  Code  Gb  serial_manager.o [1]
SerialManager_OpenWriteHandle
                        0x8000'8095    0x56  Code  Gb  serial_manager.o [1]
SerialManager_StartWriting
                        0x8000'7f81    0x34  Code  Lc  serial_manager.o [1]
SerialManager_Write     0x8000'7fb5    0x74  Code  Lc  serial_manager.o [1]
SerialManager_WriteBlocking
                        0x8000'8149    0x14  Code  Gb  serial_manager.o [1]
Serial_UartInit         0x8000'817d    0x6e  Code  Gb  serial_port_uart.o [1]
Serial_UartWrite        0x8000'81eb    0x52  Code  Gb  serial_port_uart.o [1]
StrFormatPrintf         0x8000'6c89   0x66c  Code  Gb  fsl_str.o [1]
Sys                     0x2000'04c4    0x18  Data  Gb  driver.o [1]
SysTick_Handler         0x8001'27a9     0x2  Code  Wk  zf_vector.o [1]
SystemCoreClock         0x2000'00f0     0x4  Data  Gb  system_MIMXRT1064.o [1]
SystemInit              0x7000'26cf    0xb0  Code  Gb  system_MIMXRT1064.o [1]
UARTN                   0x2000'004c    0x24  Data  Gb  zf_uart.o [1]
USB_DeviceControl       0x8000'8251    0x36  Code  Lc  usb_device_dci.o [1]
USB_DeviceEhciCancelControlPipe
                        0x8000'8459   0x10a  Code  Lc  usb_device_ehci.o [1]
USB_DeviceEhciFillSetupBuffer
                        0x8000'83cd    0x8c  Code  Lc  usb_device_ehci.o [1]
USB_DeviceEhciInterruptPortChange
                        0x8000'88a9    0x52  Code  Lc  usb_device_ehci.o [1]
USB_DeviceEhciInterruptReset
                        0x8000'88fb    0x66  Code  Lc  usb_device_ehci.o [1]
USB_DeviceEhciInterruptSof
                        0x8000'8961     0x2  Code  Lc  usb_device_ehci.o [1]
USB_DeviceEhciInterruptTokenDone
                        0x8000'8563   0x346  Code  Lc  usb_device_ehci.o [1]
USB_DeviceEhciIsrFunction
                        0x8000'8963    0x4a  Code  Gb  usb_device_ehci.o [1]
USB_DeviceNotification  0x8000'82e7    0xba  Code  Lc  usb_device_dci.o [1]
USB_DeviceNotificationTrigger
                        0x8000'83a1    0x2a  Code  Gb  usb_device_dci.o [1]
USB_DeviceResetNotification
                        0x8000'8287    0x60  Code  Lc  usb_device_dci.o [1]
USB_OTG1_IRQHandler     0x8001'17f1     0xe  Code  Gb  zf_usb_cdc.o [1]
USB_OTG2_IRQHandler     0x8001'17ff     0xe  Code  Gb  zf_usb_cdc.o [1]
USDHC1_DriverIRQHandler
                        0x8000'72f5    0x12  Code  Gb  fsl_usdhc.o [1]
USDHC2_DriverIRQHandler
                        0x8000'7307    0x12  Code  Gb  fsl_usdhc.o [1]
UsageFault_Handler      0x8001'27a1     0x2  Code  Gb  common.o [1]
ZI$$Base                0x2000'0100           --   Gb  - Linker created -
ZI$$Limit               0x2000'f554           --   Gb  - Linker created -
__CSTACK_ADDRESS {Abs}  0x2007'0000          Data  Gb  <internal module>
__NVIC_EnableIRQ        0x8000'327d    0x20  Code  Lc  fsl_csi.o [1]
__NVIC_EnableIRQ        0x8000'5115    0x20  Code  Lc  fsl_lpuart.o [1]
__NVIC_EnableIRQ        0x8000'f939    0x1e  Code  Lc  zf_pit.o [1]
__NVIC_SetPriority      0x8000'7329    0x2c  Code  Lc  init.o [1]
__NVIC_SetPriorityGrouping
                        0x8000'1c1d    0x22  Code  Lc  board.o [1]
__RAM_VECTOR_TABLE_SIZE {Abs}
                              0x400          Data  Gb  <internal module>
__VECTOR_RAM {Abs}      0x8000'0000          Data  Gb  <internal module>
__VECTOR_TABLE {Abs}    0x7000'2000          Data  Gb  <internal module>
__aeabi_assert          0x8000'2b25    0x1c  Code  Gb  fsl_assert.o [1]
__aeabi_d2lz            0x8001'1bb5          Code  Gb  DblToS64.o [3]
__aeabi_l2d             0x8001'1c11          Code  Gb  S64ToDbl.o [3]
__aeabi_ldiv0           0x8001'22a9          Code  Gb  I64DivZer.o [4]
__aeabi_ldivmod         0x8001'1909          Code  Gb  I64DivMod.o [4]
__aeabi_memclr4         0x8001'1811          Code  Gb  ABImemclr4.o [4]
__aeabi_memcpy4         0x8001'1881          Code  Gb  ABImemcpy.o [4]
__aeabi_memcpy8         0x8001'1881          Code  Gb  ABImemcpy.o [4]
__aeabi_memset          0x8001'1819          Code  Gb  ABImemset.o [4]
__aeabi_uldivmod        0x8001'194d          Code  Gb  I64DivMod.o [4]
__cmain                 0x7000'2921          Code  Gb  cmain.o [4]
__exit                  0x7000'263d    0x14  Code  Gb  exit.o [5]
__iar_Exp64             0x8001'22ad   0x368  Code  Gb  iar_Exp64.o [3]
__iar_Memset            0x8001'1819          Code  Gb  ABImemset.o [4]
__iar_Memset4_word      0x8001'2275          Code  Gb  ABImemset48.o [4]
__iar_Memset8_word      0x8001'2275          Code  Gb  ABImemset48.o [4]
__iar_Memset_word       0x8001'1821          Code  Gb  ABImemset.o [4]
__iar_Pow64             0x8001'1d05   0x4e4  Code  Lc  pow64.o [3]
__iar_data_init3        0x7000'2875    0x28  Code  Gb  data_init.o [4]
__iar_frexp             0x8001'262d          Code  Gb  frexp.o [3]
__iar_frexp64           0x8001'2615          Code  Gb  frexp.o [3]
__iar_frexpl            0x8001'262d          Code  Gb  frexp.o [3]
__iar_init_vfp          0x7000'289d          Code  Gb  fpinit_M.o [3]
__iar_ldexp64           0x8001'2691          Code  Gb  ldexp.o [3]
__iar_lz77_init3        0x7000'24bf   0x178  Code  Gb  lz77_init.o [4]
__iar_modf              0x8001'1c75          Code  Gb  modf.o [3]
__iar_modf64            0x8001'1c65          Code  Gb  modf.o [3]
__iar_modfl             0x8001'1c75          Code  Gb  modf.o [3]
__iar_pow64             0x8001'2271     0x4  Code  Gb  pow64.o [3]
__iar_pow_medium        0x8001'2271     0x4  Code  Gb  pow64.o [3]
__iar_pow_medium64      0x8001'2271     0x4  Code  Gb  pow64.o [3]
__iar_pow_mediuml       0x8001'2271     0x4  Code  Gb  pow64.o [3]
__iar_program_start     0x7000'2943          Code  Gb  cstartup_M.o [4]
__iar_scalbln64         0x8001'2691          Code  Gb  ldexp.o [3]
__iar_scalbn64          0x8001'2691          Code  Gb  ldexp.o [3]
__iar_zero_init3        0x7000'27cf    0x3a  Code  Gb  zero_init3.o [4]
__low_level_init        0x7000'293f     0x4  Code  Gb  low_level_init.o [2]
__vector_table          0x7000'2400          Data  Gb  vector_table_M.o [4]
__zf_vector_table       0x7000'2000   0x400  Data  Gb  zf_vector.o [1]
_call_main              0x7000'292d          Code  Gb  cmain.o [4]
_exit                   0x8001'2789          Code  Gb  cexit.o [4]
_main                   0x7000'293b          Code  Gb  cmain.o [4]
abort                   0x7000'2637     0x6  Code  Gb  abort.o [2]
armPllConfig_BOARD_BootClockRUN
                        0x8000'0888     0x8  Data  Gb  clock_config.o [1]
board_init              0x8000'1ea7    0x24  Code  Gb  board.o [1]
boot_data               0x7000'1020    0x10  Data  Gb  fsl_flexspi_nor_boot.o [1]
csi_add_empty_buffer    0x8000'8ced    0x12  Code  Gb  zf_csi.o [1]
csi_g_lpuartHandle      0x2000'f4d0    0x30  Data  Gb  SEEKFREE_MT9V03X_CSI.o [1]
csi_get_full_buffer     0x8000'8cff    0x1c  Code  Gb  zf_csi.o [1]
csi_handle              0x2000'f520    0x1c  Data  Gb  zf_csi.o [1]
csi_init                0x8000'8b79   0x174  Code  Gb  zf_csi.o [1]
csi_iomuxc              0x8000'8abd    0xbc  Code  Gb  zf_csi.o [1]
csi_isr                 0x8000'7e21    0x52  Code  Gb  SEEKFREE_MT9V03X_CSI.o [1]
csi_mt9v03x_uart_callback
                        0x8000'7dd7    0x4a  Code  Gb  SEEKFREE_MT9V03X_CSI.o [1]
csi_receivexfer         0x2000'f4c8     0x8  Data  Gb  SEEKFREE_MT9V03X_CSI.o [1]
csi_rx_buffer           0x2000'f4c4     0x1  Data  Gb  SEEKFREE_MT9V03X_CSI.o [1]
csi_start               0x8000'8d1b     0xe  Code  Gb  zf_csi.o [1]
dcd_data                0x7000'1030   0x430  Data  Gb  evkmimxrt1064_sdram_ini_dcd.o [1]
dma_restart             0x8000'89b9    0x14  Code  Gb  zf_camera.o [1]
encoder_init            0x8000'7355    0x56  Code  Gb  init.o [1]
exit                    0x8001'2a13     0x4  Code  Gb  exit.o [2]
find_line               0x8000'1f55   0x3e8  Code  Gb  camera.o [1]
flexio_camera_type      0x2000'04c0     0x1  Data  Gb  common.o [1]
flexio_flag_clear       0x8000'89ad     0xc  Code  Gb  zf_camera.o [1]
frexp                   0x8001'2615          Code  Gb  frexp.o [3]
frexpl                  0x8001'2615          Code  Gb  frexp.o [3]
fullCameraBufferAddr    0x2000'f53c     0x4  Data  Gb  zf_csi.o [1]
g_lpspiDummyData        0x2000'061c     0x8  Data  Gb  fsl_lpspi.o [1]
g_rtcXtalFreq           0x2000'04e0     0x4  Data  Gb  fsl_clock.o [1]
g_serialHandle          0x2000'0508     0x4  Data  Gb  fsl_debug_console.o [1]
g_xtalFreq              0x2000'04dc     0x4  Data  Gb  fsl_clock.o [1]
get_config              0x8000'7d3f    0x66  Code  Gb  SEEKFREE_MT9V03X.o [1]
get_speed               0x8000'2a4d    0x5c  Code  Gb  driver.o [1]
gpio_get                0x8000'8e5d    0x1e  Code  Gb  zf_gpio.o [1]
gpio_init               0x8000'8daf    0x6c  Code  Gb  zf_gpio.o [1]
gpio_set                0x8000'8e1b    0x42  Code  Gb  zf_gpio.o [1]
gpt_init                0x8001'12f5    0x36  Code  Gb  zf_systick.o [1]
gpt_init_flag           0x2000'f540     0x1  Data  Lc  zf_systick.o [1]
image_vector_table      0x7000'1000    0x20  Data  Gb  fsl_flexspi_nor_boot.o [1]
init                    0x8000'740d    0x28  Code  Gb  init.o [1]
iomuxc_pinconf          0x8000'8f15  0x694c  Code  Gb  zf_iomuxc.o [1]
last_mid                0x2000'00f4     0x2  Data  Gb  camera.o [1]
lcd_clear               0x8000'7911    0x38  Code  Gb  SEEKFREE_18TFT.o [1]
lcd_displayimage032_zoom
                        0x8000'7c09    0xa4  Code  Gb  SEEKFREE_18TFT.o [1]
lcd_drawpoint           0x8000'7bc9    0x26  Code  Gb  SEEKFREE_18TFT.o [1]
lcd_init                0x8000'7949   0x280  Code  Gb  SEEKFREE_18TFT.o [1]
lcd_set_region          0x8000'7863    0xae  Code  Gb  SEEKFREE_18TFT.o [1]
lcd_writeData           0x8000'780f    0x22  Code  Gb  SEEKFREE_18TFT.o [1]
lcd_writeIndex          0x8000'77ed    0x22  Code  Gb  SEEKFREE_18TFT.o [1]
lcd_writedata_16bit     0x8000'7831    0x32  Code  Gb  SEEKFREE_18TFT.o [1]
ldexp                   0x8001'2691          Code  Gb  ldexp.o [3]
ldexpl                  0x8001'2691          Code  Gb  ldexp.o [3]
left_line               0x2000'01f0    0xf0  Data  Gb  camera.o [1]
left_line_flag          0x2000'0448    0x78  Data  Gb  camera.o [1]
lnbias                  0x8000'0400   0x420  Data  Lc  pow64.o [3]
m_boot_hdr_conf_start {Abs}
                        0x7000'0000          Data  Gb  <internal module>
main                    0x8000'7795    0x42  Code  Gb  main.o [1]
mid_line                0x2000'02e0    0xf0  Data  Gb  camera.o [1]
modf                    0x8001'1c65          Code  Gb  modf.o [3]
modfl                   0x8001'1c65          Code  Gb  modf.o [3]
motor_init              0x8000'73ab    0x54  Code  Gb  init.o [1]
mt9v03x_csi1_image      0x2000'5ec0  0x4b00  Data  Gb  SEEKFREE_MT9V03X_CSI.o [1]
mt9v03x_csi2_image      0x2000'a9c0  0x4b00  Data  Gb  SEEKFREE_MT9V03X_CSI.o [1]
mt9v03x_csi_finish_flag
                        0x2000'f500     0x1  Data  Gb  SEEKFREE_MT9V03X_CSI.o [1]
mt9v03x_csi_image       0x2000'f4c0     0x4  Data  Gb  SEEKFREE_MT9V03X_CSI.o [1]
mt9v03x_csi_init        0x8000'7e73    0x98  Code  Gb  SEEKFREE_MT9V03X_CSI.o [1]
mt9v03x_image           0x2000'0694  0x5820  Data  Gb  SEEKFREE_MT9V03X.o [1]
mt9v03x_vsync           0x8000'7da5    0x14  Code  Gb  SEEKFREE_MT9V03X.o [1]
pit_init                0x8000'fa27    0x22  Code  Gb  zf_pit.o [1]
pit_interrupt           0x8000'fa49    0x3e  Code  Gb  zf_pit.o [1]
pow                     0x8001'2271     0x4  Code  Gb  pow64.o [3]
powl                    0x8001'2271     0x4  Code  Gb  pow64.o [3]
pwm_duty                0x8001'01e5    0x94  Code  Gb  zf_pwm.o [1]
pwm_init                0x8000'ffed   0x1f8  Code  Gb  zf_pwm.o [1]
pwm_iomuxc              0x8000'fae5   0x508  Code  Gb  zf_pwm.o [1]
qspiflash_config        0x7000'0000   0x200  Data  Gb  evkmimxrt1064_flexspi_nor_config.o [1]
qtimer_iomuxc           0x8001'02b5   0x628  Code  Gb  zf_qtimer.o [1]
qtimer_quad_clear       0x8001'09af    0x30  Code  Gb  zf_qtimer.o [1]
qtimer_quad_get         0x8001'097f    0x30  Code  Gb  zf_qtimer.o [1]
qtimer_quad_init        0x8001'08dd    0xa2  Code  Gb  zf_qtimer.o [1]
receive                 0x2000'5eb4     0x4  Data  Gb  SEEKFREE_MT9V03X.o [1]
receive_num             0x2000'5eb8     0x1  Data  Gb  SEEKFREE_MT9V03X.o [1]
right_line              0x2000'0100    0xf0  Data  Gb  camera.o [1]
right_line_flag         0x2000'03d0    0x78  Data  Gb  camera.o [1]
s_EDMAHandle            0x2000'050c    0x80  Data  Lc  fsl_edma.o [1]
s_ENETHandle            0x2000'058c     0x8  Data  Lc  fsl_enet.o [1]
s_FlexioCameraDevice    0x2000'f504    0x1c  Data  Lc  zf_camera.o [1]
s_LpuartAdapterBase     0x8000'1648    0x24  Data  Lc  lpuart_adapter.o [1]
s_baudratePrescaler     0x8000'0fd4     0x8  Data  Lc  fsl_lpspi.o [1]
s_cdcVcom               0x2000'f544    0x10  Data  Gb  zf_usb_cdc.o [1]
s_csiBases              0x8000'09fc     0x4  Data  Lc  fsl_csi.o [1]
s_csiClocks             0x8001'2792     0x2  Data  Lc  fsl_csi.o [1]
s_csiHandle             0x2000'04e4     0x4  Data  Lc  fsl_csi.o [1]
s_csiIRQ                0x8001'2794     0x2  Data  Lc  fsl_csi.o [1]
s_csiIsr                0x2000'04e8     0x4  Data  Lc  fsl_csi.o [1]
s_debugConsoleState     0x2000'04ec    0x1c  Data  Lc  fsl_debug_console.o [1]
s_enetBases             0x8000'0b88     0xc  Data  Lc  fsl_enet.o [1]
s_enetErrIsr            0x2000'059c     0x4  Data  Lc  fsl_enet.o [1]
s_enetRxIsr             0x2000'0598     0x4  Data  Lc  fsl_enet.o [1]
s_enetTsIsr             0x2000'05a0     0x4  Data  Lc  fsl_enet.o [1]
s_enetTxIsr             0x2000'0594     0x4  Data  Lc  fsl_enet.o [1]
s_flexcanHandle         0x2000'05a4    0x10  Data  Lc  fsl_flexcan.o [1]
s_flexcanIsr            0x2000'05b4     0x4  Data  Lc  fsl_flexcan.o [1]
s_flexioHandle          0x2000'05b8     0x8  Data  Lc  fsl_flexio.o [1]
s_flexioIsr             0x2000'05c8     0x8  Data  Lc  fsl_flexio.o [1]
s_flexioType            0x2000'05c0     0x8  Data  Lc  fsl_flexio.o [1]
s_gpioBases             0x8000'0cf0    0x28  Data  Lc  fsl_gpio.o [1]
s_gpioClock             0x8000'0d18     0xc  Data  Lc  fsl_gpio.o [1]
s_gptBases              0x8000'0e5c     0xc  Data  Lc  fsl_gpt.o [1]
s_gptClocks             0x8000'0e68     0x8  Data  Lc  fsl_gpt.o [1]
s_lpi2cMasterHandle     0x2000'05d4    0x14  Data  Lc  fsl_lpi2c.o [1]
s_lpi2cMasterIsr        0x2000'05d0     0x4  Data  Lc  fsl_lpi2c.o [1]
s_lpi2cSlaveHandle      0x2000'05ec    0x14  Data  Lc  fsl_lpi2c.o [1]
s_lpi2cSlaveIsr         0x2000'05e8     0x4  Data  Lc  fsl_lpi2c.o [1]
s_lpspiBases            0x8000'0fdc    0x14  Data  Lc  fsl_lpspi.o [1]
s_lpspiClocks           0x8000'0ff0     0xc  Data  Lc  fsl_lpspi.o [1]
s_lpspiHandle           0x2000'0600    0x14  Data  Lc  fsl_lpspi.o [1]
s_lpspiMasterIsr        0x2000'0614     0x4  Data  Lc  fsl_lpspi.o [1]
s_lpspiSlaveIsr         0x2000'0618     0x4  Data  Lc  fsl_lpspi.o [1]
s_lpuartBases           0x8000'1140    0x24  Data  Lc  fsl_lpuart.o [1]
s_lpuartClock           0x8000'1178    0x14  Data  Lc  fsl_lpuart.o [1]
s_lpuartHandle          0x2000'0624    0x24  Data  Lc  fsl_lpuart.o [1]
s_lpuartIRQ             0x8000'1164    0x14  Data  Lc  fsl_lpuart.o [1]
s_lpuartIsr             0x2000'0648     0x4  Data  Lc  fsl_lpuart.o [1]
s_pitBases              0x8000'1260     0x4  Data  Lc  fsl_pit.o [1]
s_pitClocks             0x8001'2796     0x2  Data  Lc  fsl_pit.o [1]
s_pwmBases              0x8000'13bc    0x14  Data  Lc  fsl_pwm.o [1]
s_pwmClocks             0x8000'13d0    0x28  Data  Lc  fsl_pwm.o [1]
s_qtmrBases             0x8000'14d0    0x14  Data  Lc  fsl_qtmr.o [1]
s_qtmrClocks            0x8000'14e4     0xc  Data  Lc  fsl_qtmr.o [1]
s_saiHandle             0x2000'064c    0x20  Data  Lc  fsl_sai.o [1]
s_saiRxIsr              0x2000'0670     0x4  Data  Lc  fsl_sai.o [1]
s_saiTxIsr              0x2000'066c     0x4  Data  Lc  fsl_sai.o [1]
s_spdifHandle           0x2000'0674     0x8  Data  Gb  fsl_spdif.o [1]
s_spdifRxIsr            0x2000'0680     0x4  Data  Lc  fsl_spdif.o [1]
s_spdifTxIsr            0x2000'067c     0x4  Data  Lc  fsl_spdif.o [1]
s_usdhcBase             0x8000'1558     0xc  Data  Lc  fsl_usdhc.o [1]
s_usdhcHandle           0x2000'0684     0xc  Data  Lc  fsl_usdhc.o [1]
s_usdhcIsr              0x2000'0690     0x4  Data  Lc  fsl_usdhc.o [1]
scalbln                 0x8001'2691          Code  Gb  ldexp.o [3]
scalblnl                0x8001'2691          Code  Gb  ldexp.o [3]
scalbn                  0x8001'2691          Code  Gb  ldexp.o [3]
scalbnl                 0x8001'2691          Code  Gb  ldexp.o [3]
scc8660_image           0x2000'f558  0x9600  Data  Gb  SEEKFREE_SCC8660.o [1]
scc8660_vsync           0x8000'7f61    0x14  Code  Gb  SEEKFREE_SCC8660.o [1]
servMoter_control       0x8000'772f    0x66  Code  Gb  main.o [1]
servMotor_PID           0x2000'00e4     0xc  Data  Gb  driver.o [1]
set_config              0x8000'7cc1    0x7e  Code  Gb  SEEKFREE_MT9V03X.o [1]
speedL_PID              0x2000'00cc     0xc  Data  Gb  driver.o [1]
speedR_PID              0x2000'00d8     0xc  Data  Gb  driver.o [1]
spi_init                0x8001'104d   0x174  Code  Gb  zf_spi.o [1]
spi_iomuxc              0x8001'0b1d   0x52c  Code  Gb  zf_spi.o [1]
spi_mosi                0x8001'11c1    0x86  Code  Gb  zf_spi.o [1]
strlen                  0x8001'1b7d          Code  Gb  strlen.o [4]
systick_delay           0x8001'132b    0x36  Code  Gb  zf_systick.o [1]
systick_delay_ms        0x8001'1361    0x24  Code  Gb  zf_systick.o [1]
uart_init               0x8001'16e7    0x6e  Code  Gb  zf_uart.o [1]
uart_iomuxc             0x8001'1399   0x34e  Code  Gb  zf_uart.o [1]
uart_putbuff            0x8001'1755    0x1c  Code  Gb  zf_uart.o [1]
uart_receive_flag       0x2000'5eb9     0x1  Data  Gb  SEEKFREE_MT9V03X.o [1]
uart_rx_irq             0x8001'1771    0x36  Code  Gb  zf_uart.o [1]
uart_set_handle         0x8001'17a7    0x3c  Code  Gb  zf_uart.o [1]


[1] = D:\STUDY\SmartCar\Demo\SmartCar\Project\IAR\program\nor_sdram_zf_dtcm\Obj
[2] = dl7M_tln.a
[3] = m7M_tlv.a
[4] = rt7M_tl.a
[5] = shb_l.a

    1 276 bytes of readonly  code memory
   69 108 bytes of readwrite code memory
   45 051 bytes of readonly  data memory
  111 468 bytes of readwrite data memory

Errors: none
Warnings: none
