###############################################################################
#
# IAR ELF Linker V8.32.3.193/W32 for ARM                  20/Mar/2020  11:36:01
# Copyright 2007-2019 IAR Systems AB.
#
#    Output file  =  
#        D:\STUDY\SmartCar\Demo\Project\IAR\program\nor_sdram_zf_dtcm\Exe\RT106X.out
#    Map file     =  
#        D:\STUDY\SmartCar\Demo\Project\IAR\program\nor_sdram_zf_dtcm\List\RT106X.map
#    Command line =  
#        -f C:\Users\Maxwell\AppData\Local\Temp\EWEDF1.tmp
#        (D:\STUDY\SmartCar\Demo\Project\IAR\program\nor_sdram_zf_dtcm\Obj\board.o
#        D:\STUDY\SmartCar\Demo\Project\IAR\program\nor_sdram_zf_dtcm\Obj\clock_config.o
#        D:\STUDY\SmartCar\Demo\Project\IAR\program\nor_sdram_zf_dtcm\Obj\common.o
#        D:\STUDY\SmartCar\Demo\Project\IAR\program\nor_sdram_zf_dtcm\Obj\driver.o
#        D:\STUDY\SmartCar\Demo\Project\IAR\program\nor_sdram_zf_dtcm\Obj\evkmimxrt1064_flexspi_nor_config.o
#        D:\STUDY\SmartCar\Demo\Project\IAR\program\nor_sdram_zf_dtcm\Obj\evkmimxrt1064_sdram_ini_dcd.o
#        D:\STUDY\SmartCar\Demo\Project\IAR\program\nor_sdram_zf_dtcm\Obj\fsl_adc.o
#        D:\STUDY\SmartCar\Demo\Project\IAR\program\nor_sdram_zf_dtcm\Obj\fsl_adc_etc.o
#        D:\STUDY\SmartCar\Demo\Project\IAR\program\nor_sdram_zf_dtcm\Obj\fsl_aipstz.o
#        D:\STUDY\SmartCar\Demo\Project\IAR\program\nor_sdram_zf_dtcm\Obj\fsl_aoi.o
#        D:\STUDY\SmartCar\Demo\Project\IAR\program\nor_sdram_zf_dtcm\Obj\fsl_assert.o
#        D:\STUDY\SmartCar\Demo\Project\IAR\program\nor_sdram_zf_dtcm\Obj\fsl_bee.o
#        D:\STUDY\SmartCar\Demo\Project\IAR\program\nor_sdram_zf_dtcm\Obj\fsl_cache.o
#        D:\STUDY\SmartCar\Demo\Project\IAR\program\nor_sdram_zf_dtcm\Obj\fsl_clock.o
#        D:\STUDY\SmartCar\Demo\Project\IAR\program\nor_sdram_zf_dtcm\Obj\fsl_cmp.o
#        D:\STUDY\SmartCar\Demo\Project\IAR\program\nor_sdram_zf_dtcm\Obj\fsl_common.o
#        D:\STUDY\SmartCar\Demo\Project\IAR\program\nor_sdram_zf_dtcm\Obj\fsl_csi.o
#        D:\STUDY\SmartCar\Demo\Project\IAR\program\nor_sdram_zf_dtcm\Obj\fsl_dcdc.o
#        D:\STUDY\SmartCar\Demo\Project\IAR\program\nor_sdram_zf_dtcm\Obj\fsl_dcp.o
#        D:\STUDY\SmartCar\Demo\Project\IAR\program\nor_sdram_zf_dtcm\Obj\fsl_debug_console.o
#        D:\STUDY\SmartCar\Demo\Project\IAR\program\nor_sdram_zf_dtcm\Obj\fsl_dmamux.o
#        D:\STUDY\SmartCar\Demo\Project\IAR\program\nor_sdram_zf_dtcm\Obj\fsl_edma.o
#        D:\STUDY\SmartCar\Demo\Project\IAR\program\nor_sdram_zf_dtcm\Obj\fsl_elcdif.o
#        D:\STUDY\SmartCar\Demo\Project\IAR\program\nor_sdram_zf_dtcm\Obj\fsl_enc.o
#        D:\STUDY\SmartCar\Demo\Project\IAR\program\nor_sdram_zf_dtcm\Obj\fsl_enet.o
#        D:\STUDY\SmartCar\Demo\Project\IAR\program\nor_sdram_zf_dtcm\Obj\fsl_ewm.o
#        D:\STUDY\SmartCar\Demo\Project\IAR\program\nor_sdram_zf_dtcm\Obj\fsl_flexcan.o
#        D:\STUDY\SmartCar\Demo\Project\IAR\program\nor_sdram_zf_dtcm\Obj\fsl_flexio.o
#        D:\STUDY\SmartCar\Demo\Project\IAR\program\nor_sdram_zf_dtcm\Obj\fsl_flexio_camera.o
#        D:\STUDY\SmartCar\Demo\Project\IAR\program\nor_sdram_zf_dtcm\Obj\fsl_flexio_i2c_master.o
#        D:\STUDY\SmartCar\Demo\Project\IAR\program\nor_sdram_zf_dtcm\Obj\fsl_flexio_i2s.o
#        D:\STUDY\SmartCar\Demo\Project\IAR\program\nor_sdram_zf_dtcm\Obj\fsl_flexio_i2s_edma.o
#        D:\STUDY\SmartCar\Demo\Project\IAR\program\nor_sdram_zf_dtcm\Obj\fsl_flexio_spi.o
#        D:\STUDY\SmartCar\Demo\Project\IAR\program\nor_sdram_zf_dtcm\Obj\fsl_flexio_spi_edma.o
#        D:\STUDY\SmartCar\Demo\Project\IAR\program\nor_sdram_zf_dtcm\Obj\fsl_flexio_uart.o
#        D:\STUDY\SmartCar\Demo\Project\IAR\program\nor_sdram_zf_dtcm\Obj\fsl_flexio_uart_edma.o
#        D:\STUDY\SmartCar\Demo\Project\IAR\program\nor_sdram_zf_dtcm\Obj\fsl_flexram.o
#        D:\STUDY\SmartCar\Demo\Project\IAR\program\nor_sdram_zf_dtcm\Obj\fsl_flexspi.o
#        D:\STUDY\SmartCar\Demo\Project\IAR\program\nor_sdram_zf_dtcm\Obj\fsl_flexspi_nor_boot.o
#        D:\STUDY\SmartCar\Demo\Project\IAR\program\nor_sdram_zf_dtcm\Obj\fsl_gpc.o
#        D:\STUDY\SmartCar\Demo\Project\IAR\program\nor_sdram_zf_dtcm\Obj\fsl_gpio.o
#        D:\STUDY\SmartCar\Demo\Project\IAR\program\nor_sdram_zf_dtcm\Obj\fsl_gpt.o
#        D:\STUDY\SmartCar\Demo\Project\IAR\program\nor_sdram_zf_dtcm\Obj\fsl_kpp.o
#        D:\STUDY\SmartCar\Demo\Project\IAR\program\nor_sdram_zf_dtcm\Obj\fsl_lpi2c.o
#        D:\STUDY\SmartCar\Demo\Project\IAR\program\nor_sdram_zf_dtcm\Obj\fsl_lpi2c_edma.o
#        D:\STUDY\SmartCar\Demo\Project\IAR\program\nor_sdram_zf_dtcm\Obj\fsl_lpspi.o
#        D:\STUDY\SmartCar\Demo\Project\IAR\program\nor_sdram_zf_dtcm\Obj\fsl_lpspi_edma.o
#        D:\STUDY\SmartCar\Demo\Project\IAR\program\nor_sdram_zf_dtcm\Obj\fsl_lpuart.o
#        D:\STUDY\SmartCar\Demo\Project\IAR\program\nor_sdram_zf_dtcm\Obj\fsl_lpuart_edma.o
#        D:\STUDY\SmartCar\Demo\Project\IAR\program\nor_sdram_zf_dtcm\Obj\fsl_notifier.o
#        D:\STUDY\SmartCar\Demo\Project\IAR\program\nor_sdram_zf_dtcm\Obj\fsl_ocotp.o
#        D:\STUDY\SmartCar\Demo\Project\IAR\program\nor_sdram_zf_dtcm\Obj\fsl_pit.o
#        D:\STUDY\SmartCar\Demo\Project\IAR\program\nor_sdram_zf_dtcm\Obj\fsl_pmu.o
#        D:\STUDY\SmartCar\Demo\Project\IAR\program\nor_sdram_zf_dtcm\Obj\fsl_pwm.o
#        D:\STUDY\SmartCar\Demo\Project\IAR\program\nor_sdram_zf_dtcm\Obj\fsl_pxp.o
#        D:\STUDY\SmartCar\Demo\Project\IAR\program\nor_sdram_zf_dtcm\Obj\fsl_qtmr.o
#        D:\STUDY\SmartCar\Demo\Project\IAR\program\nor_sdram_zf_dtcm\Obj\fsl_rtwdog.o
#        D:\STUDY\SmartCar\Demo\Project\IAR\program\nor_sdram_zf_dtcm\Obj\fsl_sai.o
#        D:\STUDY\SmartCar\Demo\Project\IAR\program\nor_sdram_zf_dtcm\Obj\fsl_sai_edma.o
#        D:\STUDY\SmartCar\Demo\Project\IAR\program\nor_sdram_zf_dtcm\Obj\fsl_sbrk.o
#        D:\STUDY\SmartCar\Demo\Project\IAR\program\nor_sdram_zf_dtcm\Obj\fsl_semc.o
#        D:\STUDY\SmartCar\Demo\Project\IAR\program\nor_sdram_zf_dtcm\Obj\fsl_shell.o
#        D:\STUDY\SmartCar\Demo\Project\IAR\program\nor_sdram_zf_dtcm\Obj\fsl_snvs_hp.o
#        D:\STUDY\SmartCar\Demo\Project\IAR\program\nor_sdram_zf_dtcm\Obj\fsl_snvs_lp.o
#        D:\STUDY\SmartCar\Demo\Project\IAR\program\nor_sdram_zf_dtcm\Obj\fsl_spdif.o
#        D:\STUDY\SmartCar\Demo\Project\IAR\program\nor_sdram_zf_dtcm\Obj\fsl_spdif_edma.o
#        D:\STUDY\SmartCar\Demo\Project\IAR\program\nor_sdram_zf_dtcm\Obj\fsl_src.o
#        D:\STUDY\SmartCar\Demo\Project\IAR\program\nor_sdram_zf_dtcm\Obj\fsl_str.o
#        D:\STUDY\SmartCar\Demo\Project\IAR\program\nor_sdram_zf_dtcm\Obj\fsl_tempmon.o
#        D:\STUDY\SmartCar\Demo\Project\IAR\program\nor_sdram_zf_dtcm\Obj\fsl_trng.o
#        D:\STUDY\SmartCar\Demo\Project\IAR\program\nor_sdram_zf_dtcm\Obj\fsl_tsc.o
#        D:\STUDY\SmartCar\Demo\Project\IAR\program\nor_sdram_zf_dtcm\Obj\fsl_usdhc.o
#        D:\STUDY\SmartCar\Demo\Project\IAR\program\nor_sdram_zf_dtcm\Obj\fsl_wdog.o
#        D:\STUDY\SmartCar\Demo\Project\IAR\program\nor_sdram_zf_dtcm\Obj\fsl_xbara.o
#        D:\STUDY\SmartCar\Demo\Project\IAR\program\nor_sdram_zf_dtcm\Obj\fsl_xbarb.o
#        D:\STUDY\SmartCar\Demo\Project\IAR\program\nor_sdram_zf_dtcm\Obj\generic_list.o
#        D:\STUDY\SmartCar\Demo\Project\IAR\program\nor_sdram_zf_dtcm\Obj\init.o
#        D:\STUDY\SmartCar\Demo\Project\IAR\program\nor_sdram_zf_dtcm\Obj\isr.o
#        D:\STUDY\SmartCar\Demo\Project\IAR\program\nor_sdram_zf_dtcm\Obj\lpuart_adapter.o
#        D:\STUDY\SmartCar\Demo\Project\IAR\program\nor_sdram_zf_dtcm\Obj\main.o
#        D:\STUDY\SmartCar\Demo\Project\IAR\program\nor_sdram_zf_dtcm\Obj\pin_mux.o
#        D:\STUDY\SmartCar\Demo\Project\IAR\program\nor_sdram_zf_dtcm\Obj\SEEKFREE_18TFT.o
#        D:\STUDY\SmartCar\Demo\Project\IAR\program\nor_sdram_zf_dtcm\Obj\SEEKFREE_FONT.o
#        D:\STUDY\SmartCar\Demo\Project\IAR\program\nor_sdram_zf_dtcm\Obj\SEEKFREE_FUN.o
#        D:\STUDY\SmartCar\Demo\Project\IAR\program\nor_sdram_zf_dtcm\Obj\SEEKFREE_ICM20602.o
#        D:\STUDY\SmartCar\Demo\Project\IAR\program\nor_sdram_zf_dtcm\Obj\SEEKFREE_IIC.o
#        D:\STUDY\SmartCar\Demo\Project\IAR\program\nor_sdram_zf_dtcm\Obj\SEEKFREE_IPS114_SPI.o
#        D:\STUDY\SmartCar\Demo\Project\IAR\program\nor_sdram_zf_dtcm\Obj\SEEKFREE_IPS200_PARALLEL8.o
#        D:\STUDY\SmartCar\Demo\Project\IAR\program\nor_sdram_zf_dtcm\Obj\SEEKFREE_L3G4200D.o
#        D:\STUDY\SmartCar\Demo\Project\IAR\program\nor_sdram_zf_dtcm\Obj\SEEKFREE_MMA8451.o
#        D:\STUDY\SmartCar\Demo\Project\IAR\program\nor_sdram_zf_dtcm\Obj\SEEKFREE_MPU6050.o
#        D:\STUDY\SmartCar\Demo\Project\IAR\program\nor_sdram_zf_dtcm\Obj\SEEKFREE_MT9V03X.o
#        D:\STUDY\SmartCar\Demo\Project\IAR\program\nor_sdram_zf_dtcm\Obj\SEEKFREE_MT9V03X_CSI.o
#        D:\STUDY\SmartCar\Demo\Project\IAR\program\nor_sdram_zf_dtcm\Obj\SEEKFREE_NRF24L01.o
#        D:\STUDY\SmartCar\Demo\Project\IAR\program\nor_sdram_zf_dtcm\Obj\SEEKFREE_OLED.o
#        D:\STUDY\SmartCar\Demo\Project\IAR\program\nor_sdram_zf_dtcm\Obj\SEEKFREE_PRINTF.o
#        D:\STUDY\SmartCar\Demo\Project\IAR\program\nor_sdram_zf_dtcm\Obj\SEEKFREE_SCC8660.o
#        D:\STUDY\SmartCar\Demo\Project\IAR\program\nor_sdram_zf_dtcm\Obj\SEEKFREE_SCC8660_CSI.o
#        D:\STUDY\SmartCar\Demo\Project\IAR\program\nor_sdram_zf_dtcm\Obj\SEEKFREE_VIRSCO.o
#        D:\STUDY\SmartCar\Demo\Project\IAR\program\nor_sdram_zf_dtcm\Obj\SEEKFREE_W25QXXJV.o
#        D:\STUDY\SmartCar\Demo\Project\IAR\program\nor_sdram_zf_dtcm\Obj\SEEKFREE_WIRELESS.o
#        D:\STUDY\SmartCar\Demo\Project\IAR\program\nor_sdram_zf_dtcm\Obj\serial_manager.o
#        D:\STUDY\SmartCar\Demo\Project\IAR\program\nor_sdram_zf_dtcm\Obj\serial_port_uart.o
#        D:\STUDY\SmartCar\Demo\Project\IAR\program\nor_sdram_zf_dtcm\Obj\startup_MIMXRT1064.o
#        D:\STUDY\SmartCar\Demo\Project\IAR\program\nor_sdram_zf_dtcm\Obj\system_MIMXRT1064.o
#        D:\STUDY\SmartCar\Demo\Project\IAR\program\nor_sdram_zf_dtcm\Obj\usb_device_cdc_acm.o
#        D:\STUDY\SmartCar\Demo\Project\IAR\program\nor_sdram_zf_dtcm\Obj\usb_device_ch9.o
#        D:\STUDY\SmartCar\Demo\Project\IAR\program\nor_sdram_zf_dtcm\Obj\usb_device_class.o
#        D:\STUDY\SmartCar\Demo\Project\IAR\program\nor_sdram_zf_dtcm\Obj\usb_device_dci.o
#        D:\STUDY\SmartCar\Demo\Project\IAR\program\nor_sdram_zf_dtcm\Obj\usb_device_descriptor.o
#        D:\STUDY\SmartCar\Demo\Project\IAR\program\nor_sdram_zf_dtcm\Obj\usb_device_ehci.o
#        D:\STUDY\SmartCar\Demo\Project\IAR\program\nor_sdram_zf_dtcm\Obj\usb_osa_bm.o
#        D:\STUDY\SmartCar\Demo\Project\IAR\program\nor_sdram_zf_dtcm\Obj\usb_phy.o
#        D:\STUDY\SmartCar\Demo\Project\IAR\program\nor_sdram_zf_dtcm\Obj\zf_adc.o
#        D:\STUDY\SmartCar\Demo\Project\IAR\program\nor_sdram_zf_dtcm\Obj\zf_camera.o
#        D:\STUDY\SmartCar\Demo\Project\IAR\program\nor_sdram_zf_dtcm\Obj\zf_csi.o
#        D:\STUDY\SmartCar\Demo\Project\IAR\program\nor_sdram_zf_dtcm\Obj\zf_flash.o
#        D:\STUDY\SmartCar\Demo\Project\IAR\program\nor_sdram_zf_dtcm\Obj\zf_gpio.o
#        D:\STUDY\SmartCar\Demo\Project\IAR\program\nor_sdram_zf_dtcm\Obj\zf_iic.o
#        D:\STUDY\SmartCar\Demo\Project\IAR\program\nor_sdram_zf_dtcm\Obj\zf_iomuxc.o
#        D:\STUDY\SmartCar\Demo\Project\IAR\program\nor_sdram_zf_dtcm\Obj\zf_pit.o
#        D:\STUDY\SmartCar\Demo\Project\IAR\program\nor_sdram_zf_dtcm\Obj\zf_pwm.o
#        D:\STUDY\SmartCar\Demo\Project\IAR\program\nor_sdram_zf_dtcm\Obj\zf_qtimer.o
#        D:\STUDY\SmartCar\Demo\Project\IAR\program\nor_sdram_zf_dtcm\Obj\zf_rom_api.o
#        D:\STUDY\SmartCar\Demo\Project\IAR\program\nor_sdram_zf_dtcm\Obj\zf_spi.o
#        D:\STUDY\SmartCar\Demo\Project\IAR\program\nor_sdram_zf_dtcm\Obj\zf_systick.o
#        D:\STUDY\SmartCar\Demo\Project\IAR\program\nor_sdram_zf_dtcm\Obj\zf_uart.o
#        D:\STUDY\SmartCar\Demo\Project\IAR\program\nor_sdram_zf_dtcm\Obj\zf_usb_cdc.o
#        D:\STUDY\SmartCar\Demo\Project\IAR\program\nor_sdram_zf_dtcm\Obj\zf_vector.o
#        --no_out_extension -o
#        D:\STUDY\SmartCar\Demo\Project\IAR\program\nor_sdram_zf_dtcm\Exe\RT106X.out
#        --map
#        D:\STUDY\SmartCar\Demo\Project\IAR\program\nor_sdram_zf_dtcm\List\RT106X.map
#        --config
#        D:\STUDY\SmartCar\Demo\Project\IAR\program\..\..\IAR\icf\MIMXRT1064xxxxx_flexspi_nor.icf
#        --semihosting --entry __iar_program_start --vfe --text_out locale)
#
###############################################################################

*******************************************************************************
*** RUNTIME MODEL ATTRIBUTES
***

CppFlavor       = *
__Heap_Handler  = DLMalloc
__SystemLibrary = DLib
__dlib_version  = 6


*******************************************************************************
*** HEAP SELECTION
***

The advanced heap was selected because the application calls memory
allocation functions outside of system library functions, and there
are calls to deallocation functions in the application.


*******************************************************************************
*** PLACEMENT SUMMARY
***

"A0":  place at 0x7000'2000 { ro section .intvec };
"A2":  place at 0x7000'0000 { section .boot_hdr.conf };
"A3":  place at 0x7000'1000 { section .boot_hdr.ivt };
"A4":  place at 0x7000'1020 { ro section .boot_hdr.boot_data };
"A5":  place at 0x7000'1030 { ro section .boot_hdr.dcd_data };
"P1":  place in [from 0x7000'2000 to 0x7000'23ff] |
                [from 0x7000'2400 to 0x703f'ffff] { ro };
define block RW { first rw, section m_usb_dma_init_data };
"P2":  place in [from 0x8000'0000 to 0x8000'03ff] |
                [from 0x8000'0400 to 0x81df'ffff] { block RW };
define block SDRAM_VAR
   with alignment = 8 { section SDRAM_CACHE, section SDRAM_CACHE.init };
"P11": place in [from 0x8000'0000 to 0x8000'03ff] |
                [from 0x8000'0400 to 0x81df'ffff] { block SDRAM_VAR };
define block ZI
   with alignment = 32 { first zi, section m_usb_dma_noninit_data };
"P3":  place in [from 0x2000'0000 to 0x2006'efff] { block ZI };
"P4":  place in [from 0x2000'0000 to 0x2006'efff] { section .data };
"P5":  place in [from 0x2000'0000 to 0x2006'efff] { section .textrw };
define block DTCM_VAR
   with alignment = 8 { section NonCacheable, section NonCacheable.init };
"P9":  place in [from 0x2000'0000 to 0x2006'efff] { block DTCM_VAR };
define block CSTACK with size = 4K, alignment = 8 { };
"P7":  place in [from 0x2006'f000 to 0x2006'ffff] { block CSTACK };
initialize by copy { rw, section .textrw };
initialize by copy { ro }
   except {
      ro section .intvec, ro object system_MIMXRT1064.o,
      ro object startup_MIMXRT1064.o, section .boot_hdr.conf,
      section .boot_hdr.ivt, section .boot_hdr.boot_data,
      section .boot_hdr.dcd_data };
keep {
   section .boot_hdr.conf, section .boot_hdr.ivt, section .boot_hdr.boot_data,
   section .boot_hdr.dcd_data };

No sections matched the following patterns:

  section .intvec_RAM              in "A1"
  section .textrw                  in "P3-P5|P9"
  section ITCM_NonCacheable        in block ITCM_VAR
  section ITCM_NonCacheable.init   in block ITCM_VAR
  section NonCacheable.init        in block DTCM_VAR
  section OCRAM_CACHE              in block OCRAM_VAR
  section OCRAM_CACHE.init         in block OCRAM_VAR
  section SDRAM_CACHE              in block SDRAM_VAR
  section SDRAM_CACHE.init         in block SDRAM_VAR
  section SDRAM_NonCacheable       in block SDRAM_NCACHE_VAR
  section SDRAM_NonCacheable.init  in block SDRAM_NCACHE_VAR
  section m_usb_dma_init_data      in block RW
  section m_usb_dma_noninit_data   in block ZI


  Section              Kind         Address    Size  Object
  -------              ----         -------    ----  ------
"P3-P5|P9", part 1 of 2:                       0x84
  P3-P5|P9 s0                   0x2000'0000    0x84  <Init block>
    .data              inited   0x2000'0000    0x28  zf_gpio.o [1]
    .data              inited   0x2000'0028    0x24  zf_uart.o [1]
    .data              inited   0x2000'004c    0x14  zf_pwm.o [1]
    .data              inited   0x2000'0060    0x14  zf_qtimer.o [1]
    .data              inited   0x2000'0074     0xc  driver.o [1]
    .data              inited   0x2000'0080     0x4  system_MIMXRT1064.o [1]
                              - 0x2000'0084    0x84

"P3-P5|P9", part 2 of 2:                     0xf02c
  DTCM_VAR                      0x2000'0088  0x9600  <Block>
    NonCacheable       zero     0x2000'0088  0x9600  SEEKFREE_SCC8660.o [1]
  ZI                            0x2000'96a0  0x5a14  <Block>
    .bss               zero     0x2000'96a0     0x1  common.o [1]
    .bss               zero     0x2000'96a4    0x10  driver.o [1]
    .bss               zero     0x2000'96b4     0x4  fsl_clock.o [1]
    .bss               zero     0x2000'96b8     0x4  fsl_clock.o [1]
    .bss               zero     0x2000'96bc     0x4  fsl_csi.o [1]
    .bss               zero     0x2000'96c0     0x4  fsl_csi.o [1]
    .bss               zero     0x2000'96c4    0x1c  fsl_debug_console.o [1]
    .bss               zero     0x2000'96e0     0x4  fsl_debug_console.o [1]
    .bss               zero     0x2000'96e4    0x80  fsl_edma.o [1]
    .bss               zero     0x2000'9764     0x8  fsl_enet.o [1]
    .bss               zero     0x2000'976c     0x4  fsl_enet.o [1]
    .bss               zero     0x2000'9770     0x4  fsl_enet.o [1]
    .bss               zero     0x2000'9774     0x4  fsl_enet.o [1]
    .bss               zero     0x2000'9778     0x4  fsl_enet.o [1]
    .bss               zero     0x2000'977c    0x10  fsl_flexcan.o [1]
    .bss               zero     0x2000'978c     0x4  fsl_flexcan.o [1]
    .bss               zero     0x2000'9790     0x8  fsl_flexio.o [1]
    .bss               zero     0x2000'9798     0x8  fsl_flexio.o [1]
    .bss               zero     0x2000'97a0     0x8  fsl_flexio.o [1]
    .bss               zero     0x2000'97a8     0x4  fsl_lpi2c.o [1]
    .bss               zero     0x2000'97ac    0x14  fsl_lpi2c.o [1]
    .bss               zero     0x2000'97c0     0x4  fsl_lpi2c.o [1]
    .bss               zero     0x2000'97c4    0x14  fsl_lpi2c.o [1]
    .bss               zero     0x2000'97d8    0x14  fsl_lpspi.o [1]
    .bss               zero     0x2000'97ec     0x4  fsl_lpspi.o [1]
    .bss               zero     0x2000'97f0     0x4  fsl_lpspi.o [1]
    .bss               zero     0x2000'97f4    0x24  fsl_lpuart.o [1]
    .bss               zero     0x2000'9818     0x4  fsl_lpuart.o [1]
    .bss               zero     0x2000'981c    0x20  fsl_sai.o [1]
    .bss               zero     0x2000'983c     0x4  fsl_sai.o [1]
    .bss               zero     0x2000'9840     0x4  fsl_sai.o [1]
    .bss               zero     0x2000'9844     0x8  fsl_spdif.o [1]
    .bss               zero     0x2000'984c     0x4  fsl_spdif.o [1]
    .bss               zero     0x2000'9850     0x4  fsl_spdif.o [1]
    .bss               zero     0x2000'9854     0xc  fsl_usdhc.o [1]
    .bss               zero     0x2000'9860     0x4  fsl_usdhc.o [1]
    .bss               zero     0x2000'9864  0x5820  SEEKFREE_MT9V03X.o [1]
    .bss               zero     0x2000'f084    0x1c  zf_camera.o [1]
    .bss               zero     0x2000'f0a0     0x1  zf_systick.o [1]
    .bss               zero     0x2000'f0a4    0x10  zf_usb_cdc.o [1]
                              - 0x2000'f0b4  0xf02c

"P7":                                        0x1000
  CSTACK                        0x2006'f000  0x1000  <Block>
    CSTACK             uninit   0x2006'f000  0x1000  <Block tail>
                              - 0x2007'0000  0x1000

"A2":                                         0x200
  .boot_hdr.conf       const    0x7000'0000   0x200  evkmimxrt1064_flexspi_nor_config.o [1]
                              - 0x7000'0200   0x200

"A3":                                          0x20
  .boot_hdr.ivt        const    0x7000'1000    0x20  fsl_flexspi_nor_boot.o [1]
                              - 0x7000'1020    0x20

"A4":                                          0x10
  .boot_hdr.boot_data  const    0x7000'1020    0x10  fsl_flexspi_nor_boot.o [1]
                              - 0x7000'1030    0x10

"A5":                                         0x430
  .boot_hdr.dcd_data   const    0x7000'1030   0x430  evkmimxrt1064_sdram_ini_dcd.o [1]
                              - 0x7000'1460   0x430

"A0":                                         0x440
  .intvec              const    0x7000'2000   0x400  zf_vector.o [1]
  .intvec              ro code  0x7000'2400    0x40  vector_table_M.o [4]
                              - 0x7000'2440   0x440

"P1":                                        0x8f46
  .text                ro code  0x7000'2440   0x1f6  lz77_init.o [4]
  .text                ro code  0x7000'2636     0x6  abort.o [2]
  .text                ro code  0x7000'263c    0x14  exit.o [5]
  .text                ro code  0x7000'2650   0x17e  system_MIMXRT1064.o [1]
  .text                ro code  0x7000'27ce    0x3a  zero_init3.o [4]
  .text                ro code  0x7000'2808    0x6c  startup_MIMXRT1064.o [1]
  .text                ro code  0x7000'2874    0x28  data_init.o [4]
  .text                ro code  0x7000'289c    0x22  fpinit_M.o [3]
  .iar.init_table      const    0x7000'28c0    0x50  - Linker created -
  Veneer               ro code  0x7000'2910     0x8  - Linker created -
  Veneer               ro code  0x7000'2918     0x8  - Linker created -
  .text                ro code  0x7000'2920    0x1e  cmain.o [4]
  .text                ro code  0x7000'293e     0x4  low_level_init.o [2]
  .text                ro code  0x7000'2942     0xc  cstartup_M.o [4]
  .rodata              const    0x7000'294e     0x0  zero_init3.o [4]
  .rodata              const    0x7000'294e     0x0  lz77_init.o [4]
  Initializer bytes    const    0x7000'294e  0x89cd  <for RW-1>
  Initializer bytes    const    0x7000'b31b    0x6b  <for P3-P5|P9 s0>
                              - 0x7000'b386  0x8f46

"P2|P11":                                    0xfbce
  RW                            0x8000'0400  0xfbce  <Block>
    RW-1                        0x8000'0400  0xfbce  <Init block>
      .rodata          inited   0x8000'0400   0x420  pow64.o [3]
      .rodata          inited   0x8000'0820    0x18  clock_config.o [1]
      .rodata          inited   0x8000'0838    0x44  clock_config.o [1]
      .rodata          inited   0x8000'087c     0xc  clock_config.o [1]
      .rodata          inited   0x8000'0888     0x8  clock_config.o [1]
      .rodata          inited   0x8000'0890    0x2c  fsl_assert.o [1]
      .rodata          inited   0x8000'08bc    0x10  fsl_clock.o [1]
      .rodata          inited   0x8000'08cc    0x44  fsl_clock.o [1]
      .rodata          inited   0x8000'0910    0x10  fsl_clock.o [1]
      .rodata          inited   0x8000'0920     0x8  fsl_debug_console.o [1]
      .rodata          inited   0x8000'0928    0x5c  fsl_debug_console.o [1]
      .rodata          inited   0x8000'0984     0xc  fsl_debug_console.o [1]
      .rodata          inited   0x8000'0990    0x28  fsl_debug_console.o [1]
      .rodata          inited   0x8000'09b8    0x10  fsl_debug_console.o [1]
      .rodata          inited   0x8000'09c8    0x44  fsl_edma.o [1]
      .rodata          inited   0x8000'0a0c    0x10  fsl_edma.o [1]
      .rodata          inited   0x8000'0a1c     0xc  fsl_edma.o [1]
      .rodata          inited   0x8000'0a28    0x3c  fsl_enet.o [1]
      .rodata          inited   0x8000'0a64    0x44  fsl_enet.o [1]
      .rodata          inited   0x8000'0aa8     0xc  fsl_enet.o [1]
      .rodata          inited   0x8000'0ab4    0x44  fsl_flexcan.o [1]
      .rodata          inited   0x8000'0af8    0x14  fsl_flexcan.o [1]
      .rodata          inited   0x8000'0b0c    0x14  fsl_flexcan.o [1]
      .rodata          inited   0x8000'0b20    0x14  fsl_flexcan.o [1]
      .rodata          inited   0x8000'0b34     0xc  fsl_gpio.o [1]
      .rodata          inited   0x8000'0b40    0x44  fsl_gpio.o [1]
      .rodata          inited   0x8000'0b84    0x3c  fsl_gpio.o [1]
      .rodata          inited   0x8000'0bc0    0x44  fsl_gpio.o [1]
      .rodata          inited   0x8000'0c04     0xc  fsl_gpio.o [1]
      .rodata          inited   0x8000'0c10    0x28  fsl_gpio.o [1]
      .rodata          inited   0x8000'0c38     0xc  fsl_gpio.o [1]
      .rodata          inited   0x8000'0c44     0xc  fsl_gpt.o [1]
      .rodata          inited   0x8000'0c50    0x44  fsl_gpt.o [1]
      .rodata          inited   0x8000'0c94    0x18  fsl_gpt.o [1]
      .rodata          inited   0x8000'0cac    0x40  fsl_gpt.o [1]
      .rodata          inited   0x8000'0cec    0x3c  fsl_gpt.o [1]
      .rodata          inited   0x8000'0d28    0x40  fsl_gpt.o [1]
      .rodata          inited   0x8000'0d68     0xc  fsl_gpt.o [1]
      .rodata          inited   0x8000'0d74     0x8  fsl_gpt.o [1]
      .rodata          inited   0x8000'0d7c     0xc  fsl_gpt.o [1]
      .rodata          inited   0x8000'0d88     0x8  fsl_gpt.o [1]
      .rodata          inited   0x8000'0d90    0x44  fsl_lpspi.o [1]
      .rodata          inited   0x8000'0dd4    0x14  fsl_lpspi.o [1]
      .rodata          inited   0x8000'0de8    0x14  fsl_lpspi.o [1]
      .rodata          inited   0x8000'0dfc    0x14  fsl_lpspi.o [1]
      .rodata          inited   0x8000'0e10    0x14  fsl_lpspi.o [1]
      .rodata          inited   0x8000'0e24     0xc  fsl_lpuart.o [1]
      .rodata          inited   0x8000'0e30    0x44  fsl_lpuart.o [1]
      .rodata          inited   0x8000'0e74    0x40  fsl_lpuart.o [1]
      .rodata          inited   0x8000'0eb4    0x44  fsl_lpuart.o [1]
      .rodata          inited   0x8000'0ef8     0x8  fsl_lpuart.o [1]
      .rodata          inited   0x8000'0f00     0x8  fsl_lpuart.o [1]
      .rodata          inited   0x8000'0f08    0x18  fsl_lpuart.o [1]
      .rodata          inited   0x8000'0f20    0x20  fsl_lpuart.o [1]
      .rodata          inited   0x8000'0f40    0x20  fsl_lpuart.o [1]
      .rodata          inited   0x8000'0f60    0x24  fsl_lpuart.o [1]
      .rodata          inited   0x8000'0f84    0x14  fsl_lpuart.o [1]
      .rodata          inited   0x8000'0f98     0xc  fsl_pit.o [1]
      .rodata          inited   0x8000'0fa4    0x44  fsl_pit.o [1]
      .rodata          inited   0x8000'0fe8    0x3c  fsl_pit.o [1]
      .rodata          inited   0x8000'1024    0x40  fsl_pit.o [1]
      .rodata          inited   0x8000'1064     0x8  fsl_pit.o [1]
      .rodata          inited   0x8000'106c     0x4  fsl_pit.o [1]
      .rodata          inited   0x8000'1070     0xc  fsl_pwm.o [1]
      .rodata          inited   0x8000'107c    0x44  fsl_pwm.o [1]
      .rodata          inited   0x8000'10c0    0x3c  fsl_pwm.o [1]
      .rodata          inited   0x8000'10fc    0x40  fsl_pwm.o [1]
      .rodata          inited   0x8000'113c     0x8  fsl_pwm.o [1]
      .rodata          inited   0x8000'1144     0xc  fsl_pwm.o [1]
      .rodata          inited   0x8000'1150     0xc  fsl_pwm.o [1]
      .rodata          inited   0x8000'115c     0xc  fsl_pwm.o [1]
      .rodata          inited   0x8000'1168     0xc  fsl_pwm.o [1]
      .rodata          inited   0x8000'1174    0x28  fsl_pwm.o [1]
      .rodata          inited   0x8000'119c    0x1c  fsl_pwm.o [1]
      .rodata          inited   0x8000'11b8    0x10  fsl_pwm.o [1]
      .rodata          inited   0x8000'11c8    0x14  fsl_pwm.o [1]
      .rodata          inited   0x8000'11dc    0x28  fsl_pwm.o [1]
      .rodata          inited   0x8000'1204     0xc  fsl_qtmr.o [1]
      .rodata          inited   0x8000'1210    0x44  fsl_qtmr.o [1]
      .rodata          inited   0x8000'1254    0x3c  fsl_qtmr.o [1]
      .rodata          inited   0x8000'1290    0x44  fsl_qtmr.o [1]
      .rodata          inited   0x8000'12d4     0x8  fsl_qtmr.o [1]
      .rodata          inited   0x8000'12dc    0x14  fsl_qtmr.o [1]
      .rodata          inited   0x8000'12f0     0xc  fsl_qtmr.o [1]
      .rodata          inited   0x8000'12fc    0x40  fsl_sai.o [1]
      .rodata          inited   0x8000'133c    0x14  fsl_sai.o [1]
      .rodata          inited   0x8000'1350    0x14  fsl_sai.o [1]
      .rodata          inited   0x8000'1364     0xc  fsl_usdhc.o [1]
      .rodata          inited   0x8000'1370     0x8  lpuart_adapter.o [1]
      .rodata          inited   0x8000'1378    0x50  lpuart_adapter.o [1]
      .rodata          inited   0x8000'13c8     0x8  lpuart_adapter.o [1]
      .rodata          inited   0x8000'13d0    0x4c  lpuart_adapter.o [1]
      .rodata          inited   0x8000'141c    0x28  lpuart_adapter.o [1]
      .rodata          inited   0x8000'1444     0x8  lpuart_adapter.o [1]
      .rodata          inited   0x8000'144c     0x8  lpuart_adapter.o [1]
      .rodata          inited   0x8000'1454    0x24  lpuart_adapter.o [1]
      .rodata          inited   0x8000'1478   0x228  SEEKFREE_FONT.o [1]
      .rodata          inited   0x8000'16a0     0x8  SEEKFREE_OLED.o [1]
      .rodata          inited   0x8000'16a8    0x48  SEEKFREE_OLED.o [1]
      .rodata          inited   0x8000'16f0     0xc  SEEKFREE_OLED.o [1]
      .rodata          inited   0x8000'16fc     0xc  serial_manager.o [1]
      .rodata          inited   0x8000'1708    0x5c  serial_manager.o [1]
      .rodata          inited   0x8000'1764     0x8  serial_manager.o [1]
      .rodata          inited   0x8000'176c     0x8  serial_manager.o [1]
      .rodata          inited   0x8000'1774     0x8  serial_manager.o [1]
      .rodata          inited   0x8000'177c     0xc  serial_manager.o [1]
      .rodata          inited   0x8000'1788     0x8  serial_manager.o [1]
      .rodata          inited   0x8000'1790    0x10  serial_manager.o [1]
      .rodata          inited   0x8000'17a0    0x10  serial_port_uart.o [1]
      .rodata          inited   0x8000'17b0    0x5c  serial_port_uart.o [1]
      .rodata          inited   0x8000'180c    0x10  serial_port_uart.o [1]
      .rodata          inited   0x8000'181c     0x8  serial_port_uart.o [1]
      .rodata          inited   0x8000'1824     0x8  serial_port_uart.o [1]
      .rodata          inited   0x8000'182c     0xc  zf_gpio.o [1]
      .rodata          inited   0x8000'1838    0x60  zf_gpio.o [1]
      .rodata          inited   0x8000'1898     0xc  zf_iomuxc.o [1]
      .rodata          inited   0x8000'18a4    0x44  zf_iomuxc.o [1]
      .rodata          inited   0x8000'18e8    0x40  zf_iomuxc.o [1]
      .rodata          inited   0x8000'1928     0x8  zf_pit.o [1]
      .rodata          inited   0x8000'1930    0x60  zf_pit.o [1]
      .rodata          inited   0x8000'1990    0x40  zf_pwm.o [1]
      .rodata          inited   0x8000'19d0    0x40  zf_qtimer.o [1]
      .rodata          inited   0x8000'1a10    0x18  zf_systick.o [1]
      .rodata          inited   0x8000'1a28    0x60  zf_systick.o [1]
      .rodata          inited   0x8000'1a88    0x28  zf_systick.o [1]
      .rodata          inited   0x8000'1ab0    0x40  zf_uart.o [1]
      .text            inited   0x8000'1af0   0x338  board.o [1]
      .text            inited   0x8000'1e28   0x6f4  clock_config.o [1]
      .text            inited   0x8000'251c    0xa6  driver.o [1]
      .text            inited   0x8000'25c4    0x1c  fsl_assert.o [1]
      .text            inited   0x8000'25e0   0x73c  fsl_clock.o [1]
      .text            inited   0x8000'2d1c    0x20  fsl_csi.o [1]
      .text            inited   0x8000'2d3c   0x1cc  fsl_debug_console.o [1]
      .text            inited   0x8000'2f08   0x47c  fsl_edma.o [1]
      .text            inited   0x8000'3384    0xec  fsl_enet.o [1]
      .text            inited   0x8000'3470    0x98  fsl_flexcan.o [1]
      .text            inited   0x8000'3508    0x64  fsl_flexio.o [1]
      .text            inited   0x8000'356c    0x3c  fsl_flexio_camera.o [1]
      .text            inited   0x8000'35a8   0x1f2  fsl_gpio.o [1]
      .text            inited   0x8000'379c   0x230  fsl_gpt.o [1]
      .text            inited   0x8000'39cc    0x90  fsl_lpi2c.o [1]
      .text            inited   0x8000'3a5c    0xf0  fsl_lpspi.o [1]
      .text            inited   0x8000'3b4c   0x4d0  fsl_lpuart.o [1]
      .text            inited   0x8000'401c   0x144  fsl_pit.o [1]
      .text            inited   0x8000'4160   0xa0c  fsl_pwm.o [1]
      .text            inited   0x8000'4b6c   0x1c4  fsl_qtmr.o [1]
      .text            inited   0x8000'4d30   0x138  fsl_sai.o [1]
      .text            inited   0x8000'4e68    0x44  fsl_spdif.o [1]
      .text            inited   0x8000'4eac   0x964  fsl_str.o [1]
      .text            inited   0x8000'5810    0x34  fsl_usdhc.o [1]
      .text            inited   0x8000'5844    0xc4  init.o [1]
      .text            inited   0x8000'5908   0x114  isr.o [1]
      .text            inited   0x8000'5a1c   0x174  lpuart_adapter.o [1]
      .text            inited   0x8000'5b90    0xe8  main.o [1]
      .text            inited   0x8000'5c78    0x30  SEEKFREE_MT9V03X.o [1]
      .text            inited   0x8000'5ca8   0x390  SEEKFREE_OLED.o [1]
      .text            inited   0x8000'6038    0x34  SEEKFREE_SCC8660.o [1]
      .text            inited   0x8000'606c   0x1fc  serial_manager.o [1]
      .text            inited   0x8000'6268    0xd4  serial_port_uart.o [1]
      .text            inited   0x8000'633c   0x17a  usb_device_dci.o [1]
      .text            inited   0x8000'64b8   0x5e0  usb_device_ehci.o [1]
      .text            inited   0x8000'6a98    0x2c  zf_camera.o [1]
      .text            inited   0x8000'6ac4   0x13c  zf_gpio.o [1]
      .text            inited   0x8000'6c00  0x6ab0  zf_iomuxc.o [1]
      .text            inited   0x8000'd6b0   0x1ec  zf_pit.o [1]
      .text            inited   0x8000'd89c   0x7ec  zf_pwm.o [1]
      .text            inited   0x8000'e088   0x768  zf_qtimer.o [1]
      .text            inited   0x8000'e7f0   0x124  zf_systick.o [1]
      .text            inited   0x8000'e914   0x3e4  zf_uart.o [1]
      .text            inited   0x8000'ecf8    0x20  zf_usb_cdc.o [1]
      .text            inited   0x8000'ed18    0x66  ABImemset.o [4]
      .text            inited   0x8000'ed80    0x86  ABImemcpy.o [4]
      .text            inited   0x8000'ee08     0x6  ABImemclr4.o [4]
      .text            inited   0x8000'ee10   0x274  I64DivMod.o [4]
      .text            inited   0x8000'f084    0x36  strlen.o [4]
      .text            inited   0x8000'f0bc    0x5c  DblToS64.o [3]
      .text            inited   0x8000'f118    0x52  S64ToDbl.o [3]
      .text            inited   0x8000'f16c    0x9e  modf.o [3]
      .text            inited   0x8000'f20c   0x570  pow64.o [3]
      .text            inited   0x8000'f77c    0x32  ABImemset48.o [4]
      .text            inited   0x8000'f7b0     0x2  I64DivZer.o [4]
      .text            inited   0x8000'f7b4   0x368  iar_Exp64.o [3]
      .text            inited   0x8000'fb1c    0x7c  frexp.o [3]
      .text            inited   0x8000'fb98    0xf0  ldexp.o [3]
      Veneer           inited   0x8000'fc88     0x8  - Linker created -
      .text            inited   0x8000'fc90     0xa  cexit.o [4]
      .rodata          inited   0x8000'fc9a     0x2  fsl_pit.o [1]
      .text            inited   0x8000'fc9c    0x10  common.o [1]
      .text            inited   0x8000'fcac    0xb4  SEEKFREE_VIRSCO.o [1]
      .text            inited   0x8000'fd60     0x2  zf_vector.o [1]
      .text            inited   0x8000'fd62     0x8  zf_vector.o [1]
      .text            inited   0x8000'fd6a     0x8  zf_vector.o [1]
      .text            inited   0x8000'fd72     0x8  zf_vector.o [1]
      .text            inited   0x8000'fd7a     0x8  zf_vector.o [1]
      .text            inited   0x8000'fd82     0x8  zf_vector.o [1]
      .text            inited   0x8000'fd8a     0x8  zf_vector.o [1]
      .text            inited   0x8000'fd92     0x8  zf_vector.o [1]
      .text            inited   0x8000'fd9a     0x8  zf_vector.o [1]
      .text            inited   0x8000'fda2     0x8  zf_vector.o [1]
      .text            inited   0x8000'fdaa     0x8  zf_vector.o [1]
      .text            inited   0x8000'fdb2     0x8  zf_vector.o [1]
      .text            inited   0x8000'fdba     0x8  zf_vector.o [1]
      .text            inited   0x8000'fdc2     0x8  zf_vector.o [1]
      .text            inited   0x8000'fdca     0x8  zf_vector.o [1]
      .text            inited   0x8000'fdd2     0x8  zf_vector.o [1]
      .text            inited   0x8000'fdda     0x8  zf_vector.o [1]
      .text            inited   0x8000'fde2     0x8  zf_vector.o [1]
      .text            inited   0x8000'fdea     0x2  zf_vector.o [1]
      .text            inited   0x8000'fdec     0x2  zf_vector.o [1]
      .text            inited   0x8000'fdee     0x2  zf_vector.o [1]
      .text            inited   0x8000'fdf0     0x8  zf_vector.o [1]
      .text            inited   0x8000'fdf8     0x8  zf_vector.o [1]
      .text            inited   0x8000'fe00     0x8  zf_vector.o [1]
      .text            inited   0x8000'fe08     0x8  zf_vector.o [1]
      .text            inited   0x8000'fe10     0x8  zf_vector.o [1]
      .text            inited   0x8000'fe18     0x8  zf_vector.o [1]
      .text            inited   0x8000'fe20     0x8  zf_vector.o [1]
      .text            inited   0x8000'fe28     0x8  zf_vector.o [1]
      .text            inited   0x8000'fe30     0x8  zf_vector.o [1]
      .text            inited   0x8000'fe38     0x8  zf_vector.o [1]
      .text            inited   0x8000'fe40     0x8  zf_vector.o [1]
      .text            inited   0x8000'fe48     0x8  zf_vector.o [1]
      .text            inited   0x8000'fe50     0x8  zf_vector.o [1]
      .text            inited   0x8000'fe58     0x8  zf_vector.o [1]
      .text            inited   0x8000'fe60     0x8  zf_vector.o [1]
      .text            inited   0x8000'fe68     0x8  zf_vector.o [1]
      .text            inited   0x8000'fe70     0x8  zf_vector.o [1]
      .text            inited   0x8000'fe78     0x8  zf_vector.o [1]
      .text            inited   0x8000'fe80     0x2  zf_vector.o [1]
      .text            inited   0x8000'fe82     0x2  zf_vector.o [1]
      .text            inited   0x8000'fe84     0x2  zf_vector.o [1]
      .text            inited   0x8000'fe86     0x2  zf_vector.o [1]
      .text            inited   0x8000'fe88     0x2  zf_vector.o [1]
      .text            inited   0x8000'fe8a     0x2  zf_vector.o [1]
      .text            inited   0x8000'fe8c     0x2  zf_vector.o [1]
      .text            inited   0x8000'fe8e     0x2  zf_vector.o [1]
      .text            inited   0x8000'fe90     0x2  zf_vector.o [1]
      .text            inited   0x8000'fe92     0x2  zf_vector.o [1]
      .text            inited   0x8000'fe94     0x2  zf_vector.o [1]
      .text            inited   0x8000'fe96     0x2  zf_vector.o [1]
      .text            inited   0x8000'fe98     0x2  zf_vector.o [1]
      .text            inited   0x8000'fe9a     0x2  zf_vector.o [1]
      .text            inited   0x8000'fe9c     0x2  zf_vector.o [1]
      .text            inited   0x8000'fe9e     0x2  zf_vector.o [1]
      .text            inited   0x8000'fea0     0x2  zf_vector.o [1]
      .text            inited   0x8000'fea2     0x8  zf_vector.o [1]
      .text            inited   0x8000'feaa     0x8  zf_vector.o [1]
      .text            inited   0x8000'feb2     0x8  zf_vector.o [1]
      .text            inited   0x8000'feba     0x8  zf_vector.o [1]
      .text            inited   0x8000'fec2     0x8  zf_vector.o [1]
      .text            inited   0x8000'feca     0x2  zf_vector.o [1]
      .text            inited   0x8000'fecc     0x2  zf_vector.o [1]
      .text            inited   0x8000'fece     0x2  zf_vector.o [1]
      .text            inited   0x8000'fed0     0x2  zf_vector.o [1]
      .text            inited   0x8000'fed2     0x2  zf_vector.o [1]
      .text            inited   0x8000'fed4     0x2  zf_vector.o [1]
      .text            inited   0x8000'fed6     0x2  zf_vector.o [1]
      .text            inited   0x8000'fed8     0x2  zf_vector.o [1]
      .text            inited   0x8000'feda     0x2  zf_vector.o [1]
      .text            inited   0x8000'fedc     0x2  zf_vector.o [1]
      .text            inited   0x8000'fede     0x2  zf_vector.o [1]
      .text            inited   0x8000'fee0     0x2  zf_vector.o [1]
      .text            inited   0x8000'fee2     0x2  zf_vector.o [1]
      .text            inited   0x8000'fee4     0x2  zf_vector.o [1]
      .text            inited   0x8000'fee6     0x2  zf_vector.o [1]
      .text            inited   0x8000'fee8     0x2  zf_vector.o [1]
      .text            inited   0x8000'feea     0x2  zf_vector.o [1]
      .text            inited   0x8000'feec     0x2  zf_vector.o [1]
      .text            inited   0x8000'feee     0x2  zf_vector.o [1]
      .text            inited   0x8000'fef0     0x2  zf_vector.o [1]
      .text            inited   0x8000'fef2     0x2  zf_vector.o [1]
      .text            inited   0x8000'fef4     0x2  zf_vector.o [1]
      .text            inited   0x8000'fef6     0x2  zf_vector.o [1]
      .text            inited   0x8000'fef8     0x2  zf_vector.o [1]
      .text            inited   0x8000'fefa     0x2  zf_vector.o [1]
      .text            inited   0x8000'fefc     0x2  zf_vector.o [1]
      .text            inited   0x8000'fefe     0x2  zf_vector.o [1]
      .text            inited   0x8000'ff00     0x8  zf_vector.o [1]
      .text            inited   0x8000'ff08     0x8  zf_vector.o [1]
      .text            inited   0x8000'ff10     0x2  zf_vector.o [1]
      .text            inited   0x8000'ff12     0x2  zf_vector.o [1]
      .text            inited   0x8000'ff14     0x2  zf_vector.o [1]
      .text            inited   0x8000'ff16     0x2  zf_vector.o [1]
      .text            inited   0x8000'ff18     0x2  zf_vector.o [1]
      .text            inited   0x8000'ff1a     0x2  zf_vector.o [1]
      .text            inited   0x8000'ff1c     0x2  zf_vector.o [1]
      .text            inited   0x8000'ff1e     0x2  zf_vector.o [1]
      .text            inited   0x8000'ff20     0x2  zf_vector.o [1]
      .text            inited   0x8000'ff22     0x2  zf_vector.o [1]
      .text            inited   0x8000'ff24     0x2  zf_vector.o [1]
      .text            inited   0x8000'ff26     0x2  zf_vector.o [1]
      .text            inited   0x8000'ff28     0x2  zf_vector.o [1]
      .text            inited   0x8000'ff2a     0x2  zf_vector.o [1]
      .text            inited   0x8000'ff2c     0x2  zf_vector.o [1]
      .text            inited   0x8000'ff2e     0x8  zf_vector.o [1]
      .text            inited   0x8000'ff36     0x8  zf_vector.o [1]
      .text            inited   0x8000'ff3e     0x2  zf_vector.o [1]
      .text            inited   0x8000'ff40     0x8  zf_vector.o [1]
      .text            inited   0x8000'ff48     0x8  zf_vector.o [1]
      .text            inited   0x8000'ff50     0x8  zf_vector.o [1]
      .text            inited   0x8000'ff58     0x2  zf_vector.o [1]
      .text            inited   0x8000'ff5a     0x2  zf_vector.o [1]
      .text            inited   0x8000'ff5c     0x2  zf_vector.o [1]
      .text            inited   0x8000'ff5e     0x2  zf_vector.o [1]
      .text            inited   0x8000'ff60     0x2  zf_vector.o [1]
      .text            inited   0x8000'ff62     0x2  zf_vector.o [1]
      .text            inited   0x8000'ff64     0x2  zf_vector.o [1]
      .text            inited   0x8000'ff66     0x2  zf_vector.o [1]
      .text            inited   0x8000'ff68     0x2  zf_vector.o [1]
      .text            inited   0x8000'ff6a     0x2  zf_vector.o [1]
      .text            inited   0x8000'ff6c     0x2  zf_vector.o [1]
      .text            inited   0x8000'ff6e     0x2  zf_vector.o [1]
      .text            inited   0x8000'ff70     0x2  zf_vector.o [1]
      .text            inited   0x8000'ff72     0x2  zf_vector.o [1]
      .text            inited   0x8000'ff74     0x2  zf_vector.o [1]
      .text            inited   0x8000'ff76     0x2  zf_vector.o [1]
      .text            inited   0x8000'ff78     0x2  zf_vector.o [1]
      .text            inited   0x8000'ff7a     0x2  zf_vector.o [1]
      .text            inited   0x8000'ff7c     0x2  zf_vector.o [1]
      .text            inited   0x8000'ff7e     0x2  zf_vector.o [1]
      .text            inited   0x8000'ff80     0x2  zf_vector.o [1]
      .text            inited   0x8000'ff82     0x2  zf_vector.o [1]
      .text            inited   0x8000'ff84     0x2  zf_vector.o [1]
      .text            inited   0x8000'ff86     0x2  zf_vector.o [1]
      .text            inited   0x8000'ff88     0x2  zf_vector.o [1]
      .text            inited   0x8000'ff8a     0x2  zf_vector.o [1]
      .text            inited   0x8000'ff8c     0x2  zf_vector.o [1]
      .text            inited   0x8000'ff8e     0x2  zf_vector.o [1]
      .text            inited   0x8000'ff90     0x2  zf_vector.o [1]
      .text            inited   0x8000'ff92     0x2  zf_vector.o [1]
      .text            inited   0x8000'ff94     0x2  zf_vector.o [1]
      .text            inited   0x8000'ff96     0x2  zf_vector.o [1]
      .text            inited   0x8000'ff98     0x2  zf_vector.o [1]
      .text            inited   0x8000'ff9a     0x2  zf_vector.o [1]
      .text            inited   0x8000'ff9c     0x2  zf_vector.o [1]
      .text            inited   0x8000'ff9e     0x8  zf_vector.o [1]
      .text            inited   0x8000'ffa6     0x8  zf_vector.o [1]
      .text            inited   0x8000'ffae     0x8  zf_vector.o [1]
      .text            inited   0x8000'ffb6     0x2  zf_vector.o [1]
      .text            inited   0x8000'ffb8     0x8  zf_vector.o [1]
      .text            inited   0x8000'ffc0     0x2  zf_vector.o [1]
      .text            inited   0x8000'ffc2     0x2  zf_vector.o [1]
      .text            inited   0x8000'ffc4     0x2  zf_vector.o [1]
      .text            inited   0x8000'ffc6     0x2  zf_vector.o [1]
      .text            inited   0x8000'ffc8     0x2  zf_vector.o [1]
      .text            inited   0x8000'ffca     0x4  exit.o [2]
                              - 0x8000'ffce  0xfbce

Unused ranges:

         From           To        Size
         ----           --        ----
  0x2000'0084  0x2000'0087         0x4
  0x2000'f0b4  0x2006'efff    0x5'ff4c
  0x7000'b386  0x703f'ffff   0x3f'4c7a
  0x8000'0000  0x8000'03ff       0x400
  0x8000'ffce  0x81df'ffff  0x1df'0032


*******************************************************************************
*** INIT TABLE
***

          Address      Size
          -------      ----
Zero (__iar_zero_init3)
    2 destination ranges, total size 0xf014:
          0x2000'0088  0x9600
          0x2000'96a0  0x5a14

Copy/lz77 (__iar_lz77_init3)
    1 source range, total size 0x89cd (54% of destination):
          0x7000'294e  0x89cd
    1 destination range, total size 0xfbce:
          0x8000'0400  0xfbce

Copy/lz77 (__iar_lz77_init3)
    1 source range, total size 0x6b (81% of destination):
          0x7000'b31b    0x6b
    1 destination range, total size 0x84:
          0x2000'0000    0x84



*******************************************************************************
*** MODULE SUMMARY
***

    Module                              ro code  rw code  ro data  rw data
    ------                              -------  -------  -------  -------
command line/config:
    ----------------------------------------------------------------------
    Total:

D:\STUDY\SmartCar\Demo\Project\IAR\program\nor_sdram_zf_dtcm\Obj: [1]
    SEEKFREE_FONT.o                                           302      552
    SEEKFREE_MT9V03X.o                                48       26   22 560
    SEEKFREE_OLED.o                                  912      549       92
    SEEKFREE_SCC8660.o                                52       28   38 400
    SEEKFREE_VIRSCO.o                                180       98
    board.o                                          824      451
    clock_config.o                                 1 780    1 036      112
    common.o                                          16        9        1
    driver.o                                         166      100       28
    evkmimxrt1064_flexspi_nor_config.o                        512
    evkmimxrt1064_sdram_ini_dcd.o                           1 072
    fsl_assert.o                                      28       40       44
    fsl_clock.o                                    1 852    1 068      108
    fsl_csi.o                                         32       17        8
    fsl_debug_console.o                              460      344      200
    fsl_edma.o                                     1 148      681      224
    fsl_enet.o                                       236      206      164
    fsl_flexcan.o                                    152      154      148
    fsl_flexio.o                                     100       54       24
    fsl_flexio_camera.o                               60       33
    fsl_flexspi_nor_boot.o                                     48
    fsl_gpio.o                                       498      421      272
    fsl_gpt.o                                        560      489      332
    fsl_lpi2c.o                                      144       79       48
    fsl_lpspi.o                                      240      212      176
    fsl_lpuart.o                                   1 232      879      412
    fsl_pit.o                                        324      296      218
    fsl_pwm.o                                      2 572    1 628      404
    fsl_qtmr.o                                       452      384      248
    fsl_sai.o                                        312      228      144
    fsl_spdif.o                                       68       37       16
    fsl_str.o                                      2 404    1 315
    fsl_usdhc.o                                       52       35       28
    init.o                                           196      107
    isr.o                                            276      151
    lpuart_adapter.o                                 372      349      264
    main.o                                           232      127
    serial_manager.o                                 508      369      164
    serial_port_uart.o                               212      193      140
    startup_MIMXRT1064.o                    108
    system_MIMXRT1064.o                     382                 4        4
    usb_device_dci.o                                 378      206
    usb_device_ehci.o                              1 504      825
    zf_camera.o                                       44       24       28
    zf_gpio.o                                        316      264      148
    zf_iomuxc.o                                   27 312   15 024      144
    zf_pit.o                                         492      326      104
    zf_pwm.o                                       2 028    1 161       84
    zf_qtimer.o                                    1 896    1 090       84
    zf_systick.o                                     292      248      161
    zf_uart.o                                        996      609      100
    zf_usb_cdc.o                                      32       17       16
    zf_vector.o                                      618    1 362
    ----------------------------------------------------------------------
    Total:                                  490   54 608   35 287   66 404

dl7M_tln.a: [2]
    abort.o                                   6
    exit.o                                             4        3
    low_level_init.o                          4
    ----------------------------------------------------------------------
    Total:                                   10        4        3

m7M_tlv.a: [3]
    DblToS64.o                                        92       52
    S64ToDbl.o                                        82       44
    fpinit_M.o                               34
    frexp.o                                          124       68
    iar_Exp64.o                                      872      479
    ldexp.o                                          240      131
    modf.o                                           158       88
    pow64.o                                        1 392    1 340    1 056
    ----------------------------------------------------------------------
    Total:                                   34    2 960    2 202    1 056

rt7M_tl.a: [4]
    ABImemclr4.o                                       6        5
    ABImemcpy.o                                      134       74
    ABImemset.o                                      102       56
    ABImemset48.o                                     50       27
    I64DivMod.o                                      628      345
    I64DivZer.o                                        2        2
    cexit.o                                           10        6
    cmain.o                                  30
    cstartup_M.o                             12
    data_init.o                              40
    lz77_init.o                             502
    strlen.o                                          54       29
    vector_table_M.o                         64
    zero_init3.o                             58
    ----------------------------------------------------------------------
    Total:                                  706      986      544

shb_l.a: [5]
    exit.o                                   20
    ----------------------------------------------------------------------
    Total:                                   20

    Gaps                                              22        2        6
    Linker created                           16        8       84    4 096
--------------------------------------------------------------------------
    Grand Total:                          1 276   58 588   38 122   71 562


*******************************************************************************
*** ENTRY LIST
***

Entry                       Address    Size  Type      Object
-----                       -------    ----  ----      ------
.iar.init_table$$Base   0x7000'28c0           --   Gb  - Linker created -
.iar.init_table$$Limit  0x7000'2910           --   Gb  - Linker created -
?main                   0x7000'2921          Code  Gb  cmain.o [4]
ARM_MPU_Disable         0x8000'1b33    0x20  Code  Lc  board.o [1]
ARM_MPU_Enable          0x8000'1b13    0x20  Code  Lc  board.o [1]
BOARD_BootClockRUN      0x8000'1fa9   0x448  Code  Gb  clock_config.o [1]
BOARD_ConfigMPU         0x8000'1cff    0x7c  Code  Gb  board.o [1]
BOARD_DebugConsoleSrcFreq
                        0x8000'1cad    0x3a  Code  Gb  board.o [1]
BOARD_InitDebugConsole  0x8000'1ce7    0x18  Code  Gb  board.o [1]
BusFault_Handler        0x8000'fca3     0x2  Code  Gb  common.o [1]
CAN1_DriverIRQHandler   0x8000'3471    0x26  Code  Gb  fsl_flexcan.o [1]
CAN2_DriverIRQHandler   0x8000'3497    0x26  Code  Gb  fsl_flexcan.o [1]
CAN3_DriverIRQHandler   0x8000'34bd    0x26  Code  Gb  fsl_flexcan.o [1]
CLOCK_ControlGate       0x8000'1f15    0x48  Code  Lc  clock_config.o [1]
CLOCK_ControlGate       0x8000'35a9    0x42  Code  Lc  fsl_gpio.o [1]
CLOCK_ControlGate       0x8000'379d    0x42  Code  Lc  fsl_gpt.o [1]
CLOCK_ControlGate       0x8000'3b4d    0x48  Code  Lc  fsl_lpuart.o [1]
CLOCK_ControlGate       0x8000'401d    0x42  Code  Lc  fsl_pit.o [1]
CLOCK_ControlGate       0x8000'4161    0x48  Code  Lc  fsl_pwm.o [1]
CLOCK_ControlGate       0x8000'4b6d    0x42  Code  Lc  fsl_qtmr.o [1]
CLOCK_ControlGate       0x8000'6c01    0x42  Code  Lc  zf_iomuxc.o [1]
CLOCK_DeinitAudioPll    0x8000'294d     0xc  Code  Gb  fsl_clock.o [1]
CLOCK_DeinitEnetPll     0x8000'2965     0xc  Code  Gb  fsl_clock.o [1]
CLOCK_DeinitUsb2Pll     0x8000'2943     0xa  Code  Gb  fsl_clock.o [1]
CLOCK_DeinitVideoPll    0x8000'2959     0xc  Code  Gb  fsl_clock.o [1]
CLOCK_DisableClock      0x8000'1f5d    0x10  Code  Lc  clock_config.o [1]
CLOCK_DisableClock      0x8000'37ef    0x10  Code  Lc  fsl_gpt.o [1]
CLOCK_DisableClock      0x8000'3ba5    0x10  Code  Lc  fsl_lpuart.o [1]
CLOCK_DisableClock      0x8000'406f    0x10  Code  Lc  fsl_pit.o [1]
CLOCK_DisableClock      0x8000'41b9    0x10  Code  Lc  fsl_pwm.o [1]
CLOCK_DisableClock      0x8000'4bbf    0x10  Code  Lc  fsl_qtmr.o [1]
CLOCK_EnableClock       0x8000'35eb    0x10  Code  Lc  fsl_gpio.o [1]
CLOCK_EnableClock       0x8000'37df    0x10  Code  Lc  fsl_gpt.o [1]
CLOCK_EnableClock       0x8000'3b95    0x10  Code  Lc  fsl_lpuart.o [1]
CLOCK_EnableClock       0x8000'405f    0x10  Code  Lc  fsl_pit.o [1]
CLOCK_EnableClock       0x8000'41a9    0x10  Code  Lc  fsl_pwm.o [1]
CLOCK_EnableClock       0x8000'4baf    0x10  Code  Lc  fsl_qtmr.o [1]
CLOCK_EnableClock       0x8000'6c51    0x10  Code  Lc  zf_iomuxc.o [1]
CLOCK_GetAhbFreq        0x8000'2765    0x18  Code  Gb  fsl_clock.o [1]
CLOCK_GetDiv            0x8000'1c71    0x2a  Code  Lc  board.o [1]
CLOCK_GetFreq           0x8000'27ef   0x114  Code  Gb  fsl_clock.o [1]
CLOCK_GetIpgFreq        0x8000'27b1    0x18  Code  Gb  fsl_clock.o [1]
CLOCK_GetMux            0x8000'1c47    0x2a  Code  Lc  board.o [1]
CLOCK_GetOscFreq        0x8000'1c9b    0x12  Code  Lc  board.o [1]
CLOCK_GetOscFreq        0x8000'25e1    0x18  Code  Lc  fsl_clock.o [1]
CLOCK_GetPerClkFreq     0x8000'27c9    0x26  Code  Gb  fsl_clock.o [1]
CLOCK_GetPeriphClkFreq  0x8000'2647    0xaa  Code  Lc  fsl_clock.o [1]
CLOCK_GetPllBypassRefClk
                        0x8000'2625    0x22  Code  Lc  fsl_clock.o [1]
CLOCK_GetPllFreq        0x8000'2971   0x23e  Code  Gb  fsl_clock.o [1]
CLOCK_GetRtcFreq        0x8000'25f9     0x6  Code  Lc  fsl_clock.o [1]
CLOCK_GetSemcFreq       0x8000'277d    0x34  Code  Gb  fsl_clock.o [1]
CLOCK_GetSysPfdFreq     0x8000'2bb9    0x60  Code  Gb  fsl_clock.o [1]
CLOCK_GetUsb1PfdFreq    0x8000'2c25    0x60  Code  Gb  fsl_clock.o [1]
CLOCK_InitArmPll        0x8000'2903    0x40  Code  Gb  fsl_clock.o [1]
CLOCK_InitExternalClk   0x8000'26f1    0x4a  Code  Gb  fsl_clock.o [1]
CLOCK_InitRcOsc24M      0x8000'2757     0xe  Code  Gb  fsl_clock.o [1]
CLOCK_IsPllBypassed     0x8000'25ff    0x10  Code  Lc  fsl_clock.o [1]
CLOCK_IsPllEnabled      0x8000'260f    0x16  Code  Lc  fsl_clock.o [1]
CLOCK_SetDiv            0x8000'1e9f    0x76  Code  Lc  clock_config.o [1]
CLOCK_SetMux            0x8000'1e29    0x76  Code  Lc  clock_config.o [1]
CLOCK_SetPllBypass      0x8000'1f7d    0x2c  Code  Lc  clock_config.o [1]
CLOCK_SetRtcXtalFreq    0x8000'1f75     0x8  Code  Lc  clock_config.o [1]
CLOCK_SetXtalFreq       0x8000'1f6d     0x8  Code  Lc  clock_config.o [1]
CLOCK_SwitchOsc         0x8000'273b    0x1c  Code  Gb  fsl_clock.o [1]
CRC_CHECK               0x8000'fcad    0x4e  Code  Gb  SEEKFREE_VIRSCO.o [1]
CSI_DriverIRQHandler    0x8000'2d1d    0x10  Code  Gb  fsl_csi.o [1]
CSI_IRQHandler          0x8000'594b     0xc  Code  Gb  isr.o [1]
CSTACK$$Base            0x2006'f000           --   Gb  - Linker created -
CSTACK$$Limit           0x2007'0000           --   Gb  - Linker created -
ConvertFloatRadixNumToString
                        0x8000'4ffd   0x19e  Code  Lc  fsl_str.o [1]
ConvertRadixNumToString
                        0x8000'4ead   0x150  Code  Lc  fsl_str.o [1]
DMA0_DMA16_DriverIRQHandler
                        0x8000'305f    0x34  Code  Gb  fsl_edma.o [1]
DMA10_DMA26_DriverIRQHandler
                        0x8000'325d    0x30  Code  Gb  fsl_edma.o [1]
DMA11_DMA27_DriverIRQHandler
                        0x8000'328d    0x2e  Code  Gb  fsl_edma.o [1]
DMA12_DMA28_DriverIRQHandler
                        0x8000'32bb    0x2e  Code  Gb  fsl_edma.o [1]
DMA13_DMA29_DriverIRQHandler
                        0x8000'32e9    0x2e  Code  Gb  fsl_edma.o [1]
DMA14_DMA30_DriverIRQHandler
                        0x8000'3317    0x2e  Code  Gb  fsl_edma.o [1]
DMA15_DMA31_DriverIRQHandler
                        0x8000'3345    0x2e  Code  Gb  fsl_edma.o [1]
DMA1_DMA17_DriverIRQHandler
                        0x8000'3093    0x34  Code  Gb  fsl_edma.o [1]
DMA2_DMA18_DriverIRQHandler
                        0x8000'30c7    0x34  Code  Gb  fsl_edma.o [1]
DMA3_DMA19_DriverIRQHandler
                        0x8000'30fb    0x34  Code  Gb  fsl_edma.o [1]
DMA4_DMA20_DriverIRQHandler
                        0x8000'312f    0x34  Code  Gb  fsl_edma.o [1]
DMA5_DMA21_DriverIRQHandler
                        0x8000'3163    0x34  Code  Gb  fsl_edma.o [1]
DMA6_DMA22_DriverIRQHandler
                        0x8000'3197    0x34  Code  Gb  fsl_edma.o [1]
DMA7_DMA23_DriverIRQHandler
                        0x8000'31cb    0x32  Code  Gb  fsl_edma.o [1]
DMA8_DMA24_DriverIRQHandler
                        0x8000'31fd    0x30  Code  Gb  fsl_edma.o [1]
DMA9_DMA25_DriverIRQHandler
                        0x8000'322d    0x30  Code  Gb  fsl_edma.o [1]
DTCM_VAR$$Base          0x2000'0088           --   Gb  - Linker created -
DTCM_VAR$$Limit         0x2000'9688           --   Gb  - Linker created -
DbgConsole_Init         0x8000'2dc3    0xe6  Code  Gb  fsl_debug_console.o [1]
DbgConsole_PrintCallback
                        0x8000'2d85    0x3e  Code  Lc  fsl_debug_console.o [1]
DbgConsole_Printf       0x8000'2ea9    0x3a  Code  Gb  fsl_debug_console.o [1]
DbgConsole_SendData     0x8000'2d3d    0x48  Code  Gb  fsl_debug_console.o [1]
DebugMon_Handler        0x8000'fca9     0x2  Code  Gb  common.o [1]
DefaultISR              0x7000'2871          Code  Wk  startup_MIMXRT1064.o [1]
DisableGlobalIRQ        0x8000'5b91     0x8  Code  Lc  main.o [1]
EDMA_GetChannelStatusFlags
                        0x8000'2f09    0x4a  Code  Gb  fsl_edma.o [1]
EDMA_HandleIRQ          0x8000'2f5d   0x102  Code  Gb  fsl_edma.o [1]
ENET2_DriverIRQHandler  0x8000'3445     0xa  Code  Gb  fsl_enet.o [1]
ENET_1588_Timer_IRQHandler
                        0x8000'3429    0x10  Code  Gb  fsl_enet.o [1]
ENET_CommonFrame0IRQHandler
                        0x8000'33c9    0x60  Code  Gb  fsl_enet.o [1]
ENET_DriverIRQHandler   0x8000'3439     0xa  Code  Gb  fsl_enet.o [1]
ENET_GetInstance        0x8000'3385    0x36  Code  Gb  fsl_enet.o [1]
EnableGlobalIRQ         0x8000'5b99     0x6  Code  Lc  main.o [1]
EnableIRQ               0x8000'd6cf    0x20  Code  Lc  zf_pit.o [1]
FLEXIO1_DriverIRQHandler
                        0x8000'3555     0x8  Code  Gb  fsl_flexio.o [1]
FLEXIO2_DriverIRQHandler
                        0x8000'355d     0x8  Code  Gb  fsl_flexio.o [1]
FLEXIO3_DriverIRQHandler
                        0x8000'3565     0x8  Code  Gb  fsl_flexio.o [1]
FLEXIO_CAMERA_ClearStatusFlags
                        0x8000'3575    0x34  Code  Gb  fsl_flexio_camera.o [1]
FLEXIO_ClearShifterErrorFlags
                        0x8000'3571     0x4  Code  Lc  fsl_flexio_camera.o [1]
FLEXIO_ClearShifterStatusFlags
                        0x8000'356d     0x4  Code  Lc  fsl_flexio_camera.o [1]
FLEXIO_CommonIRQHandler
                        0x8000'3509    0x3e  Code  Gb  fsl_flexio.o [1]
GPIO2_Combined_0_15_IRQHandler
                        0x8000'59d7    0x3a  Code  Gb  isr.o [1]
GPIO2_Combined_16_31_IRQHandler
                        0x8000'59b9    0x1e  Code  Gb  isr.o [1]
GPIO_ClearPinsInterruptFlags
                        0x8000'593b    0x10  Code  Lc  isr.o [1]
GPIO_ClearPinsInterruptFlags
                        0x8000'5c7d    0x10  Code  Lc  SEEKFREE_MT9V03X.o [1]
GPIO_ClearPinsInterruptFlags
                        0x8000'603d    0x10  Code  Lc  SEEKFREE_SCC8660.o [1]
GPIO_ClearPinsOutput    0x8000'6ae1    0x10  Code  Lc  zf_gpio.o [1]
GPIO_GetInstance        0x8000'3611    0x2e  Code  Lc  fsl_gpio.o [1]
GPIO_GetPinsInterruptFlags
                        0x8000'592b     0xc  Code  Lc  isr.o [1]
GPIO_PinInit            0x8000'363f    0x58  Code  Gb  fsl_gpio.o [1]
GPIO_PinReadPadStatus   0x8000'6af1    0x26  Code  Lc  zf_gpio.o [1]
GPIO_PinSetInterruptConfig
                        0x8000'36f1    0xaa  Code  Gb  fsl_gpio.o [1]
GPIO_PinWrite           0x8000'3697    0x3a  Code  Gb  fsl_gpio.o [1]
GPIO_PortClear          0x8000'6adb     0x6  Code  Lc  zf_gpio.o [1]
GPIO_PortClearInterruptFlags
                        0x8000'5937     0x4  Code  Lc  isr.o [1]
GPIO_PortClearInterruptFlags
                        0x8000'5c79     0x4  Code  Lc  SEEKFREE_MT9V03X.o [1]
GPIO_PortClearInterruptFlags
                        0x8000'6039     0x4  Code  Lc  SEEKFREE_SCC8660.o [1]
GPIO_PortGetInterruptFlags
                        0x8000'5927     0x4  Code  Lc  isr.o [1]
GPIO_PortSet            0x8000'6ac5     0x6  Code  Lc  zf_gpio.o [1]
GPIO_ReadPadStatus      0x8000'6b17    0x10  Code  Lc  zf_gpio.o [1]
GPIO_SetPinInterruptConfig
                        0x8000'35fb    0x16  Code  Lc  fsl_gpio.o [1]
GPIO_SetPinsOutput      0x8000'6acb    0x10  Code  Lc  zf_gpio.o [1]
GPT_ClearStatusFlags    0x8000'e869     0x8  Code  Lc  zf_systick.o [1]
GPT_Deinit              0x8000'393f    0x1a  Code  Gb  fsl_gpt.o [1]
GPT_GetDefaultConfig    0x8000'3959    0x48  Code  Gb  fsl_gpt.o [1]
GPT_GetInstance         0x8000'3875    0x2e  Code  Lc  fsl_gpt.o [1]
GPT_GetStatusFlags      0x8000'e85f     0xa  Code  Lc  zf_systick.o [1]
GPT_Init                0x8000'38a3    0x9c  Code  Gb  fsl_gpt.o [1]
GPT_SetClockDivider     0x8000'3847    0x2e  Code  Lc  fsl_gpt.o [1]
GPT_SetClockDivider     0x8000'e7f1    0x2e  Code  Lc  zf_systick.o [1]
GPT_SetClockSource      0x8000'380f    0x38  Code  Lc  fsl_gpt.o [1]
GPT_SetOutputCompareValue
                        0x8000'e833    0x2c  Code  Lc  zf_systick.o [1]
GPT_SoftwareReset       0x8000'37ff    0x10  Code  Lc  fsl_gpt.o [1]
GPT_StartTimer          0x8000'e81f     0xa  Code  Lc  zf_systick.o [1]
GPT_StopTimer           0x8000'e829     0xa  Code  Lc  zf_systick.o [1]
HAL_UartGetStatus       0x8000'5a1d    0x10  Code  Lc  lpuart_adapter.o [1]
HAL_UartInit            0x8000'5a2d    0xe8  Code  Gb  lpuart_adapter.o [1]
HAL_UartSendBlocking    0x8000'5b15    0x5a  Code  Gb  lpuart_adapter.o [1]
HardFault_Handler       0x8000'fc9f     0x2  Code  Gb  common.o [1]
IOMUXC_SetPinConfig     0x8000'6c7d    0x10  Code  Lc  zf_iomuxc.o [1]
IOMUXC_SetPinMux        0x8000'6c61    0x1c  Code  Lc  zf_iomuxc.o [1]
InStream_Read           0x7000'2455    0x28  Code  Lc  lz77_init.o [4]
InStream_StepRegion     0x7000'2441    0x14  Code  Lc  lz77_init.o [4]
LPI2C1_DriverIRQHandler
                        0x8000'3a0b     0xc  Code  Gb  fsl_lpi2c.o [1]
LPI2C2_DriverIRQHandler
                        0x8000'3a17     0xc  Code  Gb  fsl_lpi2c.o [1]
LPI2C3_DriverIRQHandler
                        0x8000'3a23     0xc  Code  Gb  fsl_lpi2c.o [1]
LPI2C4_DriverIRQHandler
                        0x8000'3a2f     0xc  Code  Gb  fsl_lpi2c.o [1]
LPI2C_CommonIRQHandler  0x8000'39cd    0x3e  Code  Lc  fsl_lpi2c.o [1]
LPSPI1_DriverIRQHandler
                        0x8000'3a8d    0x24  Code  Gb  fsl_lpspi.o [1]
LPSPI2_DriverIRQHandler
                        0x8000'3ab1    0x24  Code  Gb  fsl_lpspi.o [1]
LPSPI3_DriverIRQHandler
                        0x8000'3ad5    0x24  Code  Gb  fsl_lpspi.o [1]
LPSPI4_DriverIRQHandler
                        0x8000'3af9    0x24  Code  Gb  fsl_lpspi.o [1]
LPSPI_CommonIRQHandler  0x8000'3a65    0x28  Code  Lc  fsl_lpspi.o [1]
LPSPI_IsMaster          0x8000'3a5d     0x8  Code  Lc  fsl_lpspi.o [1]
LPUART1_DriverIRQHandler
                        0x8000'3f65    0x10  Code  Gb  fsl_lpuart.o [1]
LPUART2_DriverIRQHandler
                        0x8000'3f7d    0x10  Code  Gb  fsl_lpuart.o [1]
LPUART3_DriverIRQHandler
                        0x8000'3f8d    0x10  Code  Gb  fsl_lpuart.o [1]
LPUART4_DriverIRQHandler
                        0x8000'3fa1    0x10  Code  Gb  fsl_lpuart.o [1]
LPUART5_DriverIRQHandler
                        0x8000'3fb1    0x10  Code  Gb  fsl_lpuart.o [1]
LPUART6_DriverIRQHandler
                        0x8000'3fc1    0x10  Code  Gb  fsl_lpuart.o [1]
LPUART7_DriverIRQHandler
                        0x8000'3fd1    0x10  Code  Gb  fsl_lpuart.o [1]
LPUART8_DriverIRQHandler
                        0x8000'3fe1    0x10  Code  Gb  fsl_lpuart.o [1]
LPUART_Deinit           0x8000'3e55    0x3e  Code  Gb  fsl_lpuart.o [1]
LPUART_GetDefaultConfig
                        0x8000'3e93    0x6c  Code  Gb  fsl_lpuart.o [1]
LPUART_GetInstance      0x8000'3bc7    0x34  Code  Gb  fsl_lpuart.o [1]
LPUART_Init             0x8000'3bfb   0x25a  Code  Gb  fsl_lpuart.o [1]
LPUART_SoftwareReset    0x8000'3bb5    0x12  Code  Lc  fsl_lpuart.o [1]
LPUART_WriteBlocking    0x8000'3eff    0x38  Code  Gb  fsl_lpuart.o [1]
MemManage_Handler       0x8000'fca1     0x2  Code  Gb  common.o [1]
NMI_Handler             0x8000'fc9d     0x2  Code  Gb  common.o [1]
OutStream_Write         0x7000'247d    0x42  Code  Lc  lz77_init.o [4]
PIDcalc                 0x8000'257d    0x46  Code  Gb  driver.o [1]
PIT_ClearStatusFlags    0x8000'5919     0xe  Code  Lc  isr.o [1]
PIT_ClearStatusFlags    0x8000'd783     0xe  Code  Lc  zf_pit.o [1]
PIT_Deinit              0x8000'4121    0x1e  Code  Gb  fsl_pit.o [1]
PIT_EnableInterrupts    0x8000'd753    0x20  Code  Lc  zf_pit.o [1]
PIT_GetDefaultConfig    0x8000'd6ef    0x1c  Code  Lc  zf_pit.o [1]
PIT_GetInstance         0x8000'407f    0x2e  Code  Lc  fsl_pit.o [1]
PIT_GetStatusFlags      0x8000'5909    0x10  Code  Lc  isr.o [1]
PIT_GetStatusFlags      0x8000'd773    0x10  Code  Lc  zf_pit.o [1]
PIT_IRQHandler          0x8000'5957    0x62  Code  Gb  isr.o [1]
PIT_Init                0x8000'40ad    0x74  Code  Gb  fsl_pit.o [1]
PIT_SetTimerChainMode   0x8000'd70b    0x48  Code  Lc  zf_pit.o [1]
PIT_SetTimerPeriod      0x8000'd791     0xe  Code  Lc  zf_pit.o [1]
PIT_StartTimer          0x8000'd79f    0x1e  Code  Lc  zf_pit.o [1]
PIT_StopTimer           0x8000'd7bd    0x1e  Code  Lc  zf_pit.o [1]
PORTPTR                 0x2000'0000    0x28  Data  Gb  zf_gpio.o [1]
PWMPTR                  0x2000'004c    0x14  Data  Lc  zf_pwm.o [1]
PWM_Deinit              0x8000'43b7    0x34  Code  Gb  fsl_pwm.o [1]
PWM_GetDefaultConfig    0x8000'43eb    0x5c  Code  Gb  fsl_pwm.o [1]
PWM_GetInstance         0x8000'41c9    0x34  Code  Lc  fsl_pwm.o [1]
PWM_Init                0x8000'41fd   0x1ba  Code  Gb  fsl_pwm.o [1]
PWM_SetPwmLdok          0x8000'd8b3    0x36  Code  Lc  zf_pwm.o [1]
PWM_SetupPwm            0x8000'4447   0x426  Code  Gb  fsl_pwm.o [1]
PWM_StartTimer          0x8000'd89d    0x16  Code  Lc  zf_pwm.o [1]
PWM_UpdatePwmDutycycle  0x8000'486d   0x2c4  Code  Gb  fsl_pwm.o [1]
PendSV_Handler          0x8000'fcab     0x2  Code  Gb  common.o [1]
QTIMERN                 0x2000'0060    0x14  Data  Gb  zf_qtimer.o [1]
QTMR_Deinit             0x8000'4c9b    0x30  Code  Gb  fsl_qtmr.o [1]
QTMR_GetCurrentTimerCount
                        0x8000'e089     0xa  Code  Lc  zf_qtimer.o [1]
QTMR_GetDefaultConfig   0x8000'4ccb    0x44  Code  Gb  fsl_qtmr.o [1]
QTMR_GetInstance        0x8000'4bcf    0x2e  Code  Lc  fsl_qtmr.o [1]
QTMR_Init               0x8000'4bfd    0x9e  Code  Gb  fsl_qtmr.o [1]
QTMR_StartTimer         0x8000'e093    0x26  Code  Lc  zf_qtimer.o [1]
RW$$Base                0x8000'0400           --   Gb  - Linker created -
RW$$Limit               0x8000'ffce           --   Gb  - Linker created -
Region$$Table$$Base     0x7000'28c0           --   Gb  - Linker created -
Region$$Table$$Limit    0x7000'2910           --   Gb  - Linker created -
Reset_Handler           0x7000'2809          Code  Gb  startup_MIMXRT1064.o [1]
SAI1_DriverIRQHandler   0x8000'4d31    0x5a  Code  Gb  fsl_sai.o [1]
SAI2_DriverIRQHandler   0x8000'4d8b    0x5a  Code  Gb  fsl_sai.o [1]
SAI3_RX_DriverIRQHandler
                        0x8000'4e0b    0x26  Code  Gb  fsl_sai.o [1]
SAI3_TX_DriverIRQHandler
                        0x8000'4de5    0x26  Code  Gb  fsl_sai.o [1]
SCB_DisableDCache       0x8000'1bf3    0x54  Code  Lc  board.o [1]
SCB_DisableICache       0x8000'1b7d    0x22  Code  Lc  board.o [1]
SCB_EnableDCache        0x8000'1b9f    0x54  Code  Lc  board.o [1]
SCB_EnableDCache        0x7000'267b    0x54  Code  Lc  system_MIMXRT1064.o [1]
SCB_EnableICache        0x8000'1b53    0x2a  Code  Lc  board.o [1]
SCB_EnableICache        0x7000'2651    0x2a  Code  Lc  system_MIMXRT1064.o [1]
SPDIF_DriverIRQHandler  0x8000'4e69    0x32  Code  Gb  fsl_spdif.o [1]
SVC_Handler             0x8000'fca7     0x2  Code  Gb  common.o [1]
SerialManager_Init      0x8000'6115    0x6c  Code  Gb  serial_manager.o [1]
SerialManager_OpenReadHandle
                        0x8000'61d7    0x5e  Code  Gb  serial_manager.o [1]
SerialManager_OpenWriteHandle
                        0x8000'6181    0x56  Code  Gb  serial_manager.o [1]
SerialManager_StartWriting
                        0x8000'606d    0x34  Code  Lc  serial_manager.o [1]
SerialManager_Write     0x8000'60a1    0x74  Code  Lc  serial_manager.o [1]
SerialManager_WriteBlocking
                        0x8000'6235    0x14  Code  Gb  serial_manager.o [1]
Serial_UartInit         0x8000'6269    0x6e  Code  Gb  serial_port_uart.o [1]
Serial_UartWrite        0x8000'62d7    0x52  Code  Gb  serial_port_uart.o [1]
StrFormatPrintf         0x8000'51a5   0x66c  Code  Gb  fsl_str.o [1]
Sys                     0x2000'96a4    0x10  Data  Gb  driver.o [1]
SysTick_Handler         0x8000'fd61     0x2  Code  Wk  zf_vector.o [1]
SystemCoreClock         0x2000'0080     0x4  Data  Gb  system_MIMXRT1064.o [1]
SystemInit              0x7000'26cf    0xb0  Code  Gb  system_MIMXRT1064.o [1]
UARTN                   0x2000'0028    0x24  Data  Gb  zf_uart.o [1]
USB_DeviceControl       0x8000'633d    0x36  Code  Lc  usb_device_dci.o [1]
USB_DeviceEhciCancelControlPipe
                        0x8000'6545   0x10a  Code  Lc  usb_device_ehci.o [1]
USB_DeviceEhciFillSetupBuffer
                        0x8000'64b9    0x8c  Code  Lc  usb_device_ehci.o [1]
USB_DeviceEhciInterruptPortChange
                        0x8000'6995    0x52  Code  Lc  usb_device_ehci.o [1]
USB_DeviceEhciInterruptReset
                        0x8000'69e7    0x66  Code  Lc  usb_device_ehci.o [1]
USB_DeviceEhciInterruptSof
                        0x8000'6a4d     0x2  Code  Lc  usb_device_ehci.o [1]
USB_DeviceEhciInterruptTokenDone
                        0x8000'664f   0x346  Code  Lc  usb_device_ehci.o [1]
USB_DeviceEhciIsrFunction
                        0x8000'6a4f    0x4a  Code  Gb  usb_device_ehci.o [1]
USB_DeviceNotification  0x8000'63d3    0xba  Code  Lc  usb_device_dci.o [1]
USB_DeviceNotificationTrigger
                        0x8000'648d    0x2a  Code  Gb  usb_device_dci.o [1]
USB_DeviceResetNotification
                        0x8000'6373    0x60  Code  Lc  usb_device_dci.o [1]
USB_OTG1_IRQHandler     0x8000'ecf9     0xe  Code  Gb  zf_usb_cdc.o [1]
USB_OTG2_IRQHandler     0x8000'ed07     0xe  Code  Gb  zf_usb_cdc.o [1]
USDHC1_DriverIRQHandler
                        0x8000'5811    0x12  Code  Gb  fsl_usdhc.o [1]
USDHC2_DriverIRQHandler
                        0x8000'5823    0x12  Code  Gb  fsl_usdhc.o [1]
UsageFault_Handler      0x8000'fca5     0x2  Code  Gb  common.o [1]
ZI$$Base                0x2000'96a0           --   Gb  - Linker created -
ZI$$Limit               0x2000'f0b4           --   Gb  - Linker created -
__CSTACK_ADDRESS {Abs}  0x2007'0000          Data  Gb  <internal module>
__NVIC_EnableIRQ        0x8000'd6b1    0x1e  Code  Lc  zf_pit.o [1]
__NVIC_SetPriorityGrouping
                        0x8000'1af1    0x22  Code  Lc  board.o [1]
__RAM_VECTOR_TABLE_SIZE {Abs}
                              0x400          Data  Gb  <internal module>
__VECTOR_RAM {Abs}      0x8000'0000          Data  Gb  <internal module>
__VECTOR_TABLE {Abs}    0x7000'2000          Data  Gb  <internal module>
__aeabi_assert          0x8000'25c5    0x1c  Code  Gb  fsl_assert.o [1]
__aeabi_d2lz            0x8000'f0bd          Code  Gb  DblToS64.o [3]
__aeabi_l2d             0x8000'f119          Code  Gb  S64ToDbl.o [3]
__aeabi_ldiv0           0x8000'f7b1          Code  Gb  I64DivZer.o [4]
__aeabi_ldivmod         0x8000'ee11          Code  Gb  I64DivMod.o [4]
__aeabi_memclr4         0x8000'ee09          Code  Gb  ABImemclr4.o [4]
__aeabi_memcpy4         0x8000'ed81          Code  Gb  ABImemcpy.o [4]
__aeabi_memcpy8         0x8000'ed81          Code  Gb  ABImemcpy.o [4]
__aeabi_memset          0x8000'ed19          Code  Gb  ABImemset.o [4]
__aeabi_uldivmod        0x8000'ee55          Code  Gb  I64DivMod.o [4]
__cmain                 0x7000'2921          Code  Gb  cmain.o [4]
__exit                  0x7000'263d    0x14  Code  Gb  exit.o [5]
__iar_Exp64             0x8000'f7b5   0x368  Code  Gb  iar_Exp64.o [3]
__iar_Memset            0x8000'ed19          Code  Gb  ABImemset.o [4]
__iar_Memset4_word      0x8000'f77d          Code  Gb  ABImemset48.o [4]
__iar_Memset8_word      0x8000'f77d          Code  Gb  ABImemset48.o [4]
__iar_Memset_word       0x8000'ed21          Code  Gb  ABImemset.o [4]
__iar_Pow64             0x8000'f20d   0x4e4  Code  Lc  pow64.o [3]
__iar_data_init3        0x7000'2875    0x28  Code  Gb  data_init.o [4]
__iar_frexp             0x8000'fb35          Code  Gb  frexp.o [3]
__iar_frexp64           0x8000'fb1d          Code  Gb  frexp.o [3]
__iar_frexpl            0x8000'fb35          Code  Gb  frexp.o [3]
__iar_init_vfp          0x7000'289d          Code  Gb  fpinit_M.o [3]
__iar_ldexp64           0x8000'fb99          Code  Gb  ldexp.o [3]
__iar_lz77_init3        0x7000'24bf   0x178  Code  Gb  lz77_init.o [4]
__iar_modf              0x8000'f17d          Code  Gb  modf.o [3]
__iar_modf64            0x8000'f16d          Code  Gb  modf.o [3]
__iar_modfl             0x8000'f17d          Code  Gb  modf.o [3]
__iar_pow64             0x8000'f779     0x4  Code  Gb  pow64.o [3]
__iar_pow_medium        0x8000'f779     0x4  Code  Gb  pow64.o [3]
__iar_pow_medium64      0x8000'f779     0x4  Code  Gb  pow64.o [3]
__iar_pow_mediuml       0x8000'f779     0x4  Code  Gb  pow64.o [3]
__iar_program_start     0x7000'2943          Code  Gb  cstartup_M.o [4]
__iar_scalbln64         0x8000'fb99          Code  Gb  ldexp.o [3]
__iar_scalbn64          0x8000'fb99          Code  Gb  ldexp.o [3]
__iar_zero_init3        0x7000'27cf    0x3a  Code  Gb  zero_init3.o [4]
__low_level_init        0x7000'293f     0x4  Code  Gb  low_level_init.o [2]
__vector_table          0x7000'2400          Data  Gb  vector_table_M.o [4]
__zf_vector_table       0x7000'2000   0x400  Data  Gb  zf_vector.o [1]
_call_main              0x7000'292d          Code  Gb  cmain.o [4]
_exit                   0x8000'fc91          Code  Gb  cexit.o [4]
_main                   0x7000'293b          Code  Gb  cmain.o [4]
abort                   0x7000'2637     0x6  Code  Gb  abort.o [2]
armPllConfig_BOARD_BootClockRUN
                        0x8000'0888     0x8  Data  Gb  clock_config.o [1]
board_init              0x8000'1d7b    0x24  Code  Gb  board.o [1]
boot_data               0x7000'1020    0x10  Data  Gb  fsl_flexspi_nor_boot.o [1]
data_conversion         0x8000'fcfb    0x66  Code  Gb  SEEKFREE_VIRSCO.o [1]
dcd_data                0x7000'1030   0x430  Data  Gb  evkmimxrt1064_sdram_ini_dcd.o [1]
dma_restart             0x8000'6aa5    0x14  Code  Gb  zf_camera.o [1]
encoder_init            0x8000'5845    0x56  Code  Gb  init.o [1]
exit                    0x8000'ffcb     0x4  Code  Gb  exit.o [2]
flexio_camera_type      0x2000'96a0     0x1  Data  Gb  common.o [1]
flexio_flag_clear       0x8000'6a99     0xc  Code  Gb  zf_camera.o [1]
frexp                   0x8000'fb1d          Code  Gb  frexp.o [3]
frexpl                  0x8000'fb1d          Code  Gb  frexp.o [3]
g_rtcXtalFreq           0x2000'96b8     0x4  Data  Gb  fsl_clock.o [1]
g_serialHandle          0x2000'96e0     0x4  Data  Gb  fsl_debug_console.o [1]
g_xtalFreq              0x2000'96b4     0x4  Data  Gb  fsl_clock.o [1]
get_speed               0x8000'251d    0x5c  Code  Gb  driver.o [1]
gpio_get                0x8000'6bd5    0x1e  Code  Gb  zf_gpio.o [1]
gpio_init               0x8000'6b27    0x6c  Code  Gb  zf_gpio.o [1]
gpio_set                0x8000'6b93    0x42  Code  Gb  zf_gpio.o [1]
gpt_init                0x8000'e871    0x36  Code  Gb  zf_systick.o [1]
gpt_init_flag           0x2000'f0a0     0x1  Data  Lc  zf_systick.o [1]
image_vector_table      0x7000'1000    0x20  Data  Gb  fsl_flexspi_nor_boot.o [1]
init                    0x8000'58f5    0x14  Code  Gb  init.o [1]
iomuxc_pinconf          0x8000'6c8d  0x694c  Code  Gb  zf_iomuxc.o [1]
ldexp                   0x8000'fb99          Code  Gb  ldexp.o [3]
ldexpl                  0x8000'fb99          Code  Gb  ldexp.o [3]
lnbias                  0x8000'0400   0x420  Data  Lc  pow64.o [3]
m_boot_hdr_conf_start {Abs}
                        0x7000'0000          Data  Gb  <internal module>
main                    0x8000'5b9f    0xd2  Code  Gb  main.o [1]
modf                    0x8000'f16d          Code  Gb  modf.o [3]
modfl                   0x8000'f16d          Code  Gb  modf.o [3]
motor_init              0x8000'589b    0x56  Code  Gb  init.o [1]
mt9v03x_image           0x2000'9864  0x5820  Data  Gb  SEEKFREE_MT9V03X.o [1]
mt9v03x_vsync           0x8000'5c8d    0x14  Code  Gb  SEEKFREE_MT9V03X.o [1]
oled_6x8                0x8000'1478   0x228  Data  Gb  SEEKFREE_FONT.o [1]
oled_fill               0x8000'5f15    0x42  Code  Gb  SEEKFREE_OLED.o [1]
oled_hexascii           0x8000'5d61    0x3e  Code  Gb  SEEKFREE_OLED.o [1]
oled_init               0x8000'5d9f   0x118  Code  Gb  SEEKFREE_OLED.o [1]
oled_int16              0x8000'5fcf    0x50  Code  Gb  SEEKFREE_OLED.o [1]
oled_p6x8str            0x8000'5f57    0x78  Code  Gb  SEEKFREE_OLED.o [1]
oled_set_pos            0x8000'5eb7    0x5e  Code  Gb  SEEKFREE_OLED.o [1]
oled_wrcmd              0x8000'5d05    0x5c  Code  Gb  SEEKFREE_OLED.o [1]
oled_wrdat              0x8000'5ca9    0x5c  Code  Gb  SEEKFREE_OLED.o [1]
pit_delay               0x8000'd83b    0x50  Code  Gb  zf_pit.o [1]
pit_init                0x8000'd7db    0x22  Code  Gb  zf_pit.o [1]
pit_interrupt           0x8000'd7fd    0x3e  Code  Gb  zf_pit.o [1]
pow                     0x8000'f779     0x4  Code  Gb  pow64.o [3]
powl                    0x8000'f779     0x4  Code  Gb  pow64.o [3]
pwm_duty                0x8000'dfe9    0x94  Code  Gb  zf_pwm.o [1]
pwm_init                0x8000'ddf1   0x1f8  Code  Gb  zf_pwm.o [1]
pwm_iomuxc              0x8000'd8e9   0x508  Code  Gb  zf_pwm.o [1]
qspiflash_config        0x7000'0000   0x200  Data  Gb  evkmimxrt1064_flexspi_nor_config.o [1]
qtimer_iomuxc           0x8000'e0b9   0x628  Code  Gb  zf_qtimer.o [1]
qtimer_quad_clear       0x8000'e7b3    0x30  Code  Gb  zf_qtimer.o [1]
qtimer_quad_get         0x8000'e783    0x30  Code  Gb  zf_qtimer.o [1]
qtimer_quad_init        0x8000'e6e1    0xa2  Code  Gb  zf_qtimer.o [1]
s_EDMAHandle            0x2000'96e4    0x80  Data  Lc  fsl_edma.o [1]
s_ENETHandle            0x2000'9764     0x8  Data  Lc  fsl_enet.o [1]
s_FlexioCameraDevice    0x2000'f084    0x1c  Data  Lc  zf_camera.o [1]
s_LpuartAdapterBase     0x8000'1454    0x24  Data  Lc  lpuart_adapter.o [1]
s_cdcVcom               0x2000'f0a4    0x10  Data  Gb  zf_usb_cdc.o [1]
s_csiHandle             0x2000'96bc     0x4  Data  Lc  fsl_csi.o [1]
s_csiIsr                0x2000'96c0     0x4  Data  Lc  fsl_csi.o [1]
s_debugConsoleState     0x2000'96c4    0x1c  Data  Lc  fsl_debug_console.o [1]
s_enetBases             0x8000'0aa8     0xc  Data  Lc  fsl_enet.o [1]
s_enetErrIsr            0x2000'9774     0x4  Data  Lc  fsl_enet.o [1]
s_enetRxIsr             0x2000'9770     0x4  Data  Lc  fsl_enet.o [1]
s_enetTsIsr             0x2000'9778     0x4  Data  Lc  fsl_enet.o [1]
s_enetTxIsr             0x2000'976c     0x4  Data  Lc  fsl_enet.o [1]
s_flexcanHandle         0x2000'977c    0x10  Data  Lc  fsl_flexcan.o [1]
s_flexcanIsr            0x2000'978c     0x4  Data  Lc  fsl_flexcan.o [1]
s_flexioHandle          0x2000'9790     0x8  Data  Lc  fsl_flexio.o [1]
s_flexioIsr             0x2000'97a0     0x8  Data  Lc  fsl_flexio.o [1]
s_flexioType            0x2000'9798     0x8  Data  Lc  fsl_flexio.o [1]
s_gpioBases             0x8000'0c10    0x28  Data  Lc  fsl_gpio.o [1]
s_gpioClock             0x8000'0c38     0xc  Data  Lc  fsl_gpio.o [1]
s_gptBases              0x8000'0d7c     0xc  Data  Lc  fsl_gpt.o [1]
s_gptClocks             0x8000'0d88     0x8  Data  Lc  fsl_gpt.o [1]
s_lpi2cMasterHandle     0x2000'97ac    0x14  Data  Lc  fsl_lpi2c.o [1]
s_lpi2cMasterIsr        0x2000'97a8     0x4  Data  Lc  fsl_lpi2c.o [1]
s_lpi2cSlaveHandle      0x2000'97c4    0x14  Data  Lc  fsl_lpi2c.o [1]
s_lpi2cSlaveIsr         0x2000'97c0     0x4  Data  Lc  fsl_lpi2c.o [1]
s_lpspiHandle           0x2000'97d8    0x14  Data  Lc  fsl_lpspi.o [1]
s_lpspiMasterIsr        0x2000'97ec     0x4  Data  Lc  fsl_lpspi.o [1]
s_lpspiSlaveIsr         0x2000'97f0     0x4  Data  Lc  fsl_lpspi.o [1]
s_lpuartBases           0x8000'0f60    0x24  Data  Lc  fsl_lpuart.o [1]
s_lpuartClock           0x8000'0f84    0x14  Data  Lc  fsl_lpuart.o [1]
s_lpuartHandle          0x2000'97f4    0x24  Data  Lc  fsl_lpuart.o [1]
s_lpuartIsr             0x2000'9818     0x4  Data  Lc  fsl_lpuart.o [1]
s_pitBases              0x8000'106c     0x4  Data  Lc  fsl_pit.o [1]
s_pitClocks             0x8000'fc9a     0x2  Data  Lc  fsl_pit.o [1]
s_pwmBases              0x8000'11c8    0x14  Data  Lc  fsl_pwm.o [1]
s_pwmClocks             0x8000'11dc    0x28  Data  Lc  fsl_pwm.o [1]
s_qtmrBases             0x8000'12dc    0x14  Data  Lc  fsl_qtmr.o [1]
s_qtmrClocks            0x8000'12f0     0xc  Data  Lc  fsl_qtmr.o [1]
s_saiHandle             0x2000'981c    0x20  Data  Lc  fsl_sai.o [1]
s_saiRxIsr              0x2000'9840     0x4  Data  Lc  fsl_sai.o [1]
s_saiTxIsr              0x2000'983c     0x4  Data  Lc  fsl_sai.o [1]
s_spdifHandle           0x2000'9844     0x8  Data  Gb  fsl_spdif.o [1]
s_spdifRxIsr            0x2000'9850     0x4  Data  Lc  fsl_spdif.o [1]
s_spdifTxIsr            0x2000'984c     0x4  Data  Lc  fsl_spdif.o [1]
s_usdhcBase             0x8000'1364     0xc  Data  Lc  fsl_usdhc.o [1]
s_usdhcHandle           0x2000'9854     0xc  Data  Lc  fsl_usdhc.o [1]
s_usdhcIsr              0x2000'9860     0x4  Data  Lc  fsl_usdhc.o [1]
scalbln                 0x8000'fb99          Code  Gb  ldexp.o [3]
scalblnl                0x8000'fb99          Code  Gb  ldexp.o [3]
scalbn                  0x8000'fb99          Code  Gb  ldexp.o [3]
scalbnl                 0x8000'fb99          Code  Gb  ldexp.o [3]
scc8660_image           0x2000'0088  0x9600  Data  Gb  SEEKFREE_SCC8660.o [1]
scc8660_vsync           0x8000'604d    0x14  Code  Gb  SEEKFREE_SCC8660.o [1]
speedL_PID              0x2000'0074     0xc  Data  Gb  driver.o [1]
strlen                  0x8000'f085          Code  Gb  strlen.o [4]
systick_delay           0x8000'e8a7    0x36  Code  Gb  zf_systick.o [1]
systick_delay_ms        0x8000'e8dd    0x24  Code  Gb  zf_systick.o [1]
uart_init               0x8000'ec63    0x6e  Code  Gb  zf_uart.o [1]
uart_iomuxc             0x8000'e915   0x34e  Code  Gb  zf_uart.o [1]
uart_putbuff            0x8000'ecd1    0x1c  Code  Gb  zf_uart.o [1]


[1] = D:\STUDY\SmartCar\Demo\Project\IAR\program\nor_sdram_zf_dtcm\Obj
[2] = dl7M_tln.a
[3] = m7M_tlv.a
[4] = rt7M_tl.a
[5] = shb_l.a

   1 276 bytes of readonly  code memory
  58 588 bytes of readwrite code memory
  38 122 bytes of readonly  data memory
  71 562 bytes of readwrite data memory

Errors: none
Warnings: none
