###############################################################################
#
# IAR ELF Linker V8.32.3.193/W32 for ARM                  04/Apr/2020  16:40:55
# Copyright 2007-2019 IAR Systems AB.
#
#    Output file  =  
#        D:\STUDY\SmartCar\Demo\SmartCar\Project\IAR\program\nor_sdram_zf_dtcm\Exe\RT106X.out
#    Map file     =  
#        D:\STUDY\SmartCar\Demo\SmartCar\Project\IAR\program\nor_sdram_zf_dtcm\List\RT106X.map
#    Command line =  
#        -f C:\Users\Maxwell\AppData\Local\Temp\EWBCA4.tmp
#        (D:\STUDY\SmartCar\Demo\SmartCar\Project\IAR\program\nor_sdram_zf_dtcm\Obj\board.o
#        D:\STUDY\SmartCar\Demo\SmartCar\Project\IAR\program\nor_sdram_zf_dtcm\Obj\camera.o
#        D:\STUDY\SmartCar\Demo\SmartCar\Project\IAR\program\nor_sdram_zf_dtcm\Obj\clock_config.o
#        D:\STUDY\SmartCar\Demo\SmartCar\Project\IAR\program\nor_sdram_zf_dtcm\Obj\common.o
#        D:\STUDY\SmartCar\Demo\SmartCar\Project\IAR\program\nor_sdram_zf_dtcm\Obj\driver.o
#        D:\STUDY\SmartCar\Demo\SmartCar\Project\IAR\program\nor_sdram_zf_dtcm\Obj\evkmimxrt1064_flexspi_nor_config.o
#        D:\STUDY\SmartCar\Demo\SmartCar\Project\IAR\program\nor_sdram_zf_dtcm\Obj\evkmimxrt1064_sdram_ini_dcd.o
#        D:\STUDY\SmartCar\Demo\SmartCar\Project\IAR\program\nor_sdram_zf_dtcm\Obj\fsl_adc.o
#        D:\STUDY\SmartCar\Demo\SmartCar\Project\IAR\program\nor_sdram_zf_dtcm\Obj\fsl_adc_etc.o
#        D:\STUDY\SmartCar\Demo\SmartCar\Project\IAR\program\nor_sdram_zf_dtcm\Obj\fsl_aipstz.o
#        D:\STUDY\SmartCar\Demo\SmartCar\Project\IAR\program\nor_sdram_zf_dtcm\Obj\fsl_aoi.o
#        D:\STUDY\SmartCar\Demo\SmartCar\Project\IAR\program\nor_sdram_zf_dtcm\Obj\fsl_assert.o
#        D:\STUDY\SmartCar\Demo\SmartCar\Project\IAR\program\nor_sdram_zf_dtcm\Obj\fsl_bee.o
#        D:\STUDY\SmartCar\Demo\SmartCar\Project\IAR\program\nor_sdram_zf_dtcm\Obj\fsl_cache.o
#        D:\STUDY\SmartCar\Demo\SmartCar\Project\IAR\program\nor_sdram_zf_dtcm\Obj\fsl_clock.o
#        D:\STUDY\SmartCar\Demo\SmartCar\Project\IAR\program\nor_sdram_zf_dtcm\Obj\fsl_cmp.o
#        D:\STUDY\SmartCar\Demo\SmartCar\Project\IAR\program\nor_sdram_zf_dtcm\Obj\fsl_common.o
#        D:\STUDY\SmartCar\Demo\SmartCar\Project\IAR\program\nor_sdram_zf_dtcm\Obj\fsl_csi.o
#        D:\STUDY\SmartCar\Demo\SmartCar\Project\IAR\program\nor_sdram_zf_dtcm\Obj\fsl_dcdc.o
#        D:\STUDY\SmartCar\Demo\SmartCar\Project\IAR\program\nor_sdram_zf_dtcm\Obj\fsl_dcp.o
#        D:\STUDY\SmartCar\Demo\SmartCar\Project\IAR\program\nor_sdram_zf_dtcm\Obj\fsl_debug_console.o
#        D:\STUDY\SmartCar\Demo\SmartCar\Project\IAR\program\nor_sdram_zf_dtcm\Obj\fsl_dmamux.o
#        D:\STUDY\SmartCar\Demo\SmartCar\Project\IAR\program\nor_sdram_zf_dtcm\Obj\fsl_edma.o
#        D:\STUDY\SmartCar\Demo\SmartCar\Project\IAR\program\nor_sdram_zf_dtcm\Obj\fsl_elcdif.o
#        D:\STUDY\SmartCar\Demo\SmartCar\Project\IAR\program\nor_sdram_zf_dtcm\Obj\fsl_enc.o
#        D:\STUDY\SmartCar\Demo\SmartCar\Project\IAR\program\nor_sdram_zf_dtcm\Obj\fsl_enet.o
#        D:\STUDY\SmartCar\Demo\SmartCar\Project\IAR\program\nor_sdram_zf_dtcm\Obj\fsl_ewm.o
#        D:\STUDY\SmartCar\Demo\SmartCar\Project\IAR\program\nor_sdram_zf_dtcm\Obj\fsl_flexcan.o
#        D:\STUDY\SmartCar\Demo\SmartCar\Project\IAR\program\nor_sdram_zf_dtcm\Obj\fsl_flexio.o
#        D:\STUDY\SmartCar\Demo\SmartCar\Project\IAR\program\nor_sdram_zf_dtcm\Obj\fsl_flexio_camera.o
#        D:\STUDY\SmartCar\Demo\SmartCar\Project\IAR\program\nor_sdram_zf_dtcm\Obj\fsl_flexio_i2c_master.o
#        D:\STUDY\SmartCar\Demo\SmartCar\Project\IAR\program\nor_sdram_zf_dtcm\Obj\fsl_flexio_i2s.o
#        D:\STUDY\SmartCar\Demo\SmartCar\Project\IAR\program\nor_sdram_zf_dtcm\Obj\fsl_flexio_i2s_edma.o
#        D:\STUDY\SmartCar\Demo\SmartCar\Project\IAR\program\nor_sdram_zf_dtcm\Obj\fsl_flexio_spi.o
#        D:\STUDY\SmartCar\Demo\SmartCar\Project\IAR\program\nor_sdram_zf_dtcm\Obj\fsl_flexio_spi_edma.o
#        D:\STUDY\SmartCar\Demo\SmartCar\Project\IAR\program\nor_sdram_zf_dtcm\Obj\fsl_flexio_uart.o
#        D:\STUDY\SmartCar\Demo\SmartCar\Project\IAR\program\nor_sdram_zf_dtcm\Obj\fsl_flexio_uart_edma.o
#        D:\STUDY\SmartCar\Demo\SmartCar\Project\IAR\program\nor_sdram_zf_dtcm\Obj\fsl_flexram.o
#        D:\STUDY\SmartCar\Demo\SmartCar\Project\IAR\program\nor_sdram_zf_dtcm\Obj\fsl_flexspi.o
#        D:\STUDY\SmartCar\Demo\SmartCar\Project\IAR\program\nor_sdram_zf_dtcm\Obj\fsl_flexspi_nor_boot.o
#        D:\STUDY\SmartCar\Demo\SmartCar\Project\IAR\program\nor_sdram_zf_dtcm\Obj\fsl_gpc.o
#        D:\STUDY\SmartCar\Demo\SmartCar\Project\IAR\program\nor_sdram_zf_dtcm\Obj\fsl_gpio.o
#        D:\STUDY\SmartCar\Demo\SmartCar\Project\IAR\program\nor_sdram_zf_dtcm\Obj\fsl_gpt.o
#        D:\STUDY\SmartCar\Demo\SmartCar\Project\IAR\program\nor_sdram_zf_dtcm\Obj\fsl_kpp.o
#        D:\STUDY\SmartCar\Demo\SmartCar\Project\IAR\program\nor_sdram_zf_dtcm\Obj\fsl_lpi2c.o
#        D:\STUDY\SmartCar\Demo\SmartCar\Project\IAR\program\nor_sdram_zf_dtcm\Obj\fsl_lpi2c_edma.o
#        D:\STUDY\SmartCar\Demo\SmartCar\Project\IAR\program\nor_sdram_zf_dtcm\Obj\fsl_lpspi.o
#        D:\STUDY\SmartCar\Demo\SmartCar\Project\IAR\program\nor_sdram_zf_dtcm\Obj\fsl_lpspi_edma.o
#        D:\STUDY\SmartCar\Demo\SmartCar\Project\IAR\program\nor_sdram_zf_dtcm\Obj\fsl_lpuart.o
#        D:\STUDY\SmartCar\Demo\SmartCar\Project\IAR\program\nor_sdram_zf_dtcm\Obj\fsl_lpuart_edma.o
#        D:\STUDY\SmartCar\Demo\SmartCar\Project\IAR\program\nor_sdram_zf_dtcm\Obj\fsl_notifier.o
#        D:\STUDY\SmartCar\Demo\SmartCar\Project\IAR\program\nor_sdram_zf_dtcm\Obj\fsl_ocotp.o
#        D:\STUDY\SmartCar\Demo\SmartCar\Project\IAR\program\nor_sdram_zf_dtcm\Obj\fsl_pit.o
#        D:\STUDY\SmartCar\Demo\SmartCar\Project\IAR\program\nor_sdram_zf_dtcm\Obj\fsl_pmu.o
#        D:\STUDY\SmartCar\Demo\SmartCar\Project\IAR\program\nor_sdram_zf_dtcm\Obj\fsl_pwm.o
#        D:\STUDY\SmartCar\Demo\SmartCar\Project\IAR\program\nor_sdram_zf_dtcm\Obj\fsl_pxp.o
#        D:\STUDY\SmartCar\Demo\SmartCar\Project\IAR\program\nor_sdram_zf_dtcm\Obj\fsl_qtmr.o
#        D:\STUDY\SmartCar\Demo\SmartCar\Project\IAR\program\nor_sdram_zf_dtcm\Obj\fsl_rtwdog.o
#        D:\STUDY\SmartCar\Demo\SmartCar\Project\IAR\program\nor_sdram_zf_dtcm\Obj\fsl_sai.o
#        D:\STUDY\SmartCar\Demo\SmartCar\Project\IAR\program\nor_sdram_zf_dtcm\Obj\fsl_sai_edma.o
#        D:\STUDY\SmartCar\Demo\SmartCar\Project\IAR\program\nor_sdram_zf_dtcm\Obj\fsl_sbrk.o
#        D:\STUDY\SmartCar\Demo\SmartCar\Project\IAR\program\nor_sdram_zf_dtcm\Obj\fsl_semc.o
#        D:\STUDY\SmartCar\Demo\SmartCar\Project\IAR\program\nor_sdram_zf_dtcm\Obj\fsl_shell.o
#        D:\STUDY\SmartCar\Demo\SmartCar\Project\IAR\program\nor_sdram_zf_dtcm\Obj\fsl_snvs_hp.o
#        D:\STUDY\SmartCar\Demo\SmartCar\Project\IAR\program\nor_sdram_zf_dtcm\Obj\fsl_snvs_lp.o
#        D:\STUDY\SmartCar\Demo\SmartCar\Project\IAR\program\nor_sdram_zf_dtcm\Obj\fsl_spdif.o
#        D:\STUDY\SmartCar\Demo\SmartCar\Project\IAR\program\nor_sdram_zf_dtcm\Obj\fsl_spdif_edma.o
#        D:\STUDY\SmartCar\Demo\SmartCar\Project\IAR\program\nor_sdram_zf_dtcm\Obj\fsl_src.o
#        D:\STUDY\SmartCar\Demo\SmartCar\Project\IAR\program\nor_sdram_zf_dtcm\Obj\fsl_str.o
#        D:\STUDY\SmartCar\Demo\SmartCar\Project\IAR\program\nor_sdram_zf_dtcm\Obj\fsl_tempmon.o
#        D:\STUDY\SmartCar\Demo\SmartCar\Project\IAR\program\nor_sdram_zf_dtcm\Obj\fsl_trng.o
#        D:\STUDY\SmartCar\Demo\SmartCar\Project\IAR\program\nor_sdram_zf_dtcm\Obj\fsl_tsc.o
#        D:\STUDY\SmartCar\Demo\SmartCar\Project\IAR\program\nor_sdram_zf_dtcm\Obj\fsl_usdhc.o
#        D:\STUDY\SmartCar\Demo\SmartCar\Project\IAR\program\nor_sdram_zf_dtcm\Obj\fsl_wdog.o
#        D:\STUDY\SmartCar\Demo\SmartCar\Project\IAR\program\nor_sdram_zf_dtcm\Obj\fsl_xbara.o
#        D:\STUDY\SmartCar\Demo\SmartCar\Project\IAR\program\nor_sdram_zf_dtcm\Obj\fsl_xbarb.o
#        D:\STUDY\SmartCar\Demo\SmartCar\Project\IAR\program\nor_sdram_zf_dtcm\Obj\generic_list.o
#        D:\STUDY\SmartCar\Demo\SmartCar\Project\IAR\program\nor_sdram_zf_dtcm\Obj\init.o
#        D:\STUDY\SmartCar\Demo\SmartCar\Project\IAR\program\nor_sdram_zf_dtcm\Obj\isr.o
#        D:\STUDY\SmartCar\Demo\SmartCar\Project\IAR\program\nor_sdram_zf_dtcm\Obj\lpuart_adapter.o
#        D:\STUDY\SmartCar\Demo\SmartCar\Project\IAR\program\nor_sdram_zf_dtcm\Obj\main.o
#        D:\STUDY\SmartCar\Demo\SmartCar\Project\IAR\program\nor_sdram_zf_dtcm\Obj\pin_mux.o
#        D:\STUDY\SmartCar\Demo\SmartCar\Project\IAR\program\nor_sdram_zf_dtcm\Obj\SEEKFREE_18TFT.o
#        D:\STUDY\SmartCar\Demo\SmartCar\Project\IAR\program\nor_sdram_zf_dtcm\Obj\SEEKFREE_FONT.o
#        D:\STUDY\SmartCar\Demo\SmartCar\Project\IAR\program\nor_sdram_zf_dtcm\Obj\SEEKFREE_FUN.o
#        D:\STUDY\SmartCar\Demo\SmartCar\Project\IAR\program\nor_sdram_zf_dtcm\Obj\SEEKFREE_ICM20602.o
#        D:\STUDY\SmartCar\Demo\SmartCar\Project\IAR\program\nor_sdram_zf_dtcm\Obj\SEEKFREE_IIC.o
#        D:\STUDY\SmartCar\Demo\SmartCar\Project\IAR\program\nor_sdram_zf_dtcm\Obj\SEEKFREE_IPS114_SPI.o
#        D:\STUDY\SmartCar\Demo\SmartCar\Project\IAR\program\nor_sdram_zf_dtcm\Obj\SEEKFREE_IPS200_PARALLEL8.o
#        D:\STUDY\SmartCar\Demo\SmartCar\Project\IAR\program\nor_sdram_zf_dtcm\Obj\SEEKFREE_L3G4200D.o
#        D:\STUDY\SmartCar\Demo\SmartCar\Project\IAR\program\nor_sdram_zf_dtcm\Obj\SEEKFREE_MMA8451.o
#        D:\STUDY\SmartCar\Demo\SmartCar\Project\IAR\program\nor_sdram_zf_dtcm\Obj\SEEKFREE_MPU6050.o
#        D:\STUDY\SmartCar\Demo\SmartCar\Project\IAR\program\nor_sdram_zf_dtcm\Obj\SEEKFREE_MT9V03X.o
#        D:\STUDY\SmartCar\Demo\SmartCar\Project\IAR\program\nor_sdram_zf_dtcm\Obj\SEEKFREE_MT9V03X_CSI.o
#        D:\STUDY\SmartCar\Demo\SmartCar\Project\IAR\program\nor_sdram_zf_dtcm\Obj\SEEKFREE_NRF24L01.o
#        D:\STUDY\SmartCar\Demo\SmartCar\Project\IAR\program\nor_sdram_zf_dtcm\Obj\SEEKFREE_OLED.o
#        D:\STUDY\SmartCar\Demo\SmartCar\Project\IAR\program\nor_sdram_zf_dtcm\Obj\SEEKFREE_PRINTF.o
#        D:\STUDY\SmartCar\Demo\SmartCar\Project\IAR\program\nor_sdram_zf_dtcm\Obj\SEEKFREE_SCC8660.o
#        D:\STUDY\SmartCar\Demo\SmartCar\Project\IAR\program\nor_sdram_zf_dtcm\Obj\SEEKFREE_SCC8660_CSI.o
#        D:\STUDY\SmartCar\Demo\SmartCar\Project\IAR\program\nor_sdram_zf_dtcm\Obj\SEEKFREE_VIRSCO.o
#        D:\STUDY\SmartCar\Demo\SmartCar\Project\IAR\program\nor_sdram_zf_dtcm\Obj\SEEKFREE_W25QXXJV.o
#        D:\STUDY\SmartCar\Demo\SmartCar\Project\IAR\program\nor_sdram_zf_dtcm\Obj\SEEKFREE_WIRELESS.o
#        D:\STUDY\SmartCar\Demo\SmartCar\Project\IAR\program\nor_sdram_zf_dtcm\Obj\serial_manager.o
#        D:\STUDY\SmartCar\Demo\SmartCar\Project\IAR\program\nor_sdram_zf_dtcm\Obj\serial_port_uart.o
#        D:\STUDY\SmartCar\Demo\SmartCar\Project\IAR\program\nor_sdram_zf_dtcm\Obj\startup_MIMXRT1064.o
#        D:\STUDY\SmartCar\Demo\SmartCar\Project\IAR\program\nor_sdram_zf_dtcm\Obj\system_MIMXRT1064.o
#        D:\STUDY\SmartCar\Demo\SmartCar\Project\IAR\program\nor_sdram_zf_dtcm\Obj\usb_device_cdc_acm.o
#        D:\STUDY\SmartCar\Demo\SmartCar\Project\IAR\program\nor_sdram_zf_dtcm\Obj\usb_device_ch9.o
#        D:\STUDY\SmartCar\Demo\SmartCar\Project\IAR\program\nor_sdram_zf_dtcm\Obj\usb_device_class.o
#        D:\STUDY\SmartCar\Demo\SmartCar\Project\IAR\program\nor_sdram_zf_dtcm\Obj\usb_device_dci.o
#        D:\STUDY\SmartCar\Demo\SmartCar\Project\IAR\program\nor_sdram_zf_dtcm\Obj\usb_device_descriptor.o
#        D:\STUDY\SmartCar\Demo\SmartCar\Project\IAR\program\nor_sdram_zf_dtcm\Obj\usb_device_ehci.o
#        D:\STUDY\SmartCar\Demo\SmartCar\Project\IAR\program\nor_sdram_zf_dtcm\Obj\usb_osa_bm.o
#        D:\STUDY\SmartCar\Demo\SmartCar\Project\IAR\program\nor_sdram_zf_dtcm\Obj\usb_phy.o
#        D:\STUDY\SmartCar\Demo\SmartCar\Project\IAR\program\nor_sdram_zf_dtcm\Obj\zf_adc.o
#        D:\STUDY\SmartCar\Demo\SmartCar\Project\IAR\program\nor_sdram_zf_dtcm\Obj\zf_camera.o
#        D:\STUDY\SmartCar\Demo\SmartCar\Project\IAR\program\nor_sdram_zf_dtcm\Obj\zf_csi.o
#        D:\STUDY\SmartCar\Demo\SmartCar\Project\IAR\program\nor_sdram_zf_dtcm\Obj\zf_flash.o
#        D:\STUDY\SmartCar\Demo\SmartCar\Project\IAR\program\nor_sdram_zf_dtcm\Obj\zf_gpio.o
#        D:\STUDY\SmartCar\Demo\SmartCar\Project\IAR\program\nor_sdram_zf_dtcm\Obj\zf_iic.o
#        D:\STUDY\SmartCar\Demo\SmartCar\Project\IAR\program\nor_sdram_zf_dtcm\Obj\zf_iomuxc.o
#        D:\STUDY\SmartCar\Demo\SmartCar\Project\IAR\program\nor_sdram_zf_dtcm\Obj\zf_pit.o
#        D:\STUDY\SmartCar\Demo\SmartCar\Project\IAR\program\nor_sdram_zf_dtcm\Obj\zf_pwm.o
#        D:\STUDY\SmartCar\Demo\SmartCar\Project\IAR\program\nor_sdram_zf_dtcm\Obj\zf_qtimer.o
#        D:\STUDY\SmartCar\Demo\SmartCar\Project\IAR\program\nor_sdram_zf_dtcm\Obj\zf_rom_api.o
#        D:\STUDY\SmartCar\Demo\SmartCar\Project\IAR\program\nor_sdram_zf_dtcm\Obj\zf_spi.o
#        D:\STUDY\SmartCar\Demo\SmartCar\Project\IAR\program\nor_sdram_zf_dtcm\Obj\zf_systick.o
#        D:\STUDY\SmartCar\Demo\SmartCar\Project\IAR\program\nor_sdram_zf_dtcm\Obj\zf_uart.o
#        D:\STUDY\SmartCar\Demo\SmartCar\Project\IAR\program\nor_sdram_zf_dtcm\Obj\zf_usb_cdc.o
#        D:\STUDY\SmartCar\Demo\SmartCar\Project\IAR\program\nor_sdram_zf_dtcm\Obj\zf_vector.o
#        --no_out_extension -o
#        D:\STUDY\SmartCar\Demo\SmartCar\Project\IAR\program\nor_sdram_zf_dtcm\Exe\RT106X.out
#        --map
#        D:\STUDY\SmartCar\Demo\SmartCar\Project\IAR\program\nor_sdram_zf_dtcm\List\RT106X.map
#        --config
#        D:\STUDY\SmartCar\Demo\SmartCar\Project\IAR\program\..\..\IAR\icf\MIMXRT1064xxxxx_flexspi_nor.icf
#        --semihosting --entry __iar_program_start --vfe --text_out locale)
#
###############################################################################

*******************************************************************************
*** RUNTIME MODEL ATTRIBUTES
***

CppFlavor       = *
__Heap_Handler  = DLMalloc
__SystemLibrary = DLib
__dlib_version  = 6


*******************************************************************************
*** HEAP SELECTION
***

The advanced heap was selected because the application calls memory
allocation functions outside of system library functions, and there
are calls to deallocation functions in the application.


*******************************************************************************
*** PLACEMENT SUMMARY
***

"A0":  place at 0x7000'2000 { ro section .intvec };
"A2":  place at 0x7000'0000 { section .boot_hdr.conf };
"A3":  place at 0x7000'1000 { section .boot_hdr.ivt };
"A4":  place at 0x7000'1020 { ro section .boot_hdr.boot_data };
"A5":  place at 0x7000'1030 { ro section .boot_hdr.dcd_data };
"P1":  place in [from 0x7000'2000 to 0x7000'23ff] |
                [from 0x7000'2400 to 0x703f'ffff] { ro };
define block RW { first rw, section m_usb_dma_init_data };
"P2":  place in [from 0x8000'0000 to 0x8000'03ff] |
                [from 0x8000'0400 to 0x81df'ffff] { block RW };
define block SDRAM_VAR
   with alignment = 8 { section SDRAM_CACHE, section SDRAM_CACHE.init };
"P11": place in [from 0x8000'0000 to 0x8000'03ff] |
                [from 0x8000'0400 to 0x81df'ffff] { block SDRAM_VAR };
define block ZI
   with alignment = 32 { first zi, section m_usb_dma_noninit_data };
"P3":  place in [from 0x2000'0000 to 0x2006'efff] { block ZI };
"P4":  place in [from 0x2000'0000 to 0x2006'efff] { section .data };
"P5":  place in [from 0x2000'0000 to 0x2006'efff] { section .textrw };
define block DTCM_VAR
   with alignment = 8 { section NonCacheable, section NonCacheable.init };
"P9":  place in [from 0x2000'0000 to 0x2006'efff] { block DTCM_VAR };
define block CSTACK with size = 4K, alignment = 8 { };
"P7":  place in [from 0x2006'f000 to 0x2006'ffff] { block CSTACK };
initialize by copy { rw, section .textrw };
initialize by copy { ro }
   except {
      ro section .intvec, ro object system_MIMXRT1064.o,
      ro object startup_MIMXRT1064.o, section .boot_hdr.conf,
      section .boot_hdr.ivt, section .boot_hdr.boot_data,
      section .boot_hdr.dcd_data };
keep {
   section .boot_hdr.conf, section .boot_hdr.ivt, section .boot_hdr.boot_data,
   section .boot_hdr.dcd_data };

No sections matched the following patterns:

  section .intvec_RAM              in "A1"
  section .textrw                  in "P3-P5|P9"
  section ITCM_NonCacheable        in block ITCM_VAR
  section ITCM_NonCacheable.init   in block ITCM_VAR
  section NonCacheable.init        in block DTCM_VAR
  section OCRAM_CACHE              in block OCRAM_VAR
  section OCRAM_CACHE.init         in block OCRAM_VAR
  section SDRAM_CACHE              in block SDRAM_VAR
  section SDRAM_CACHE.init         in block SDRAM_VAR
  section SDRAM_NonCacheable       in block SDRAM_NCACHE_VAR
  section SDRAM_NonCacheable.init  in block SDRAM_NCACHE_VAR
  section m_usb_dma_init_data      in block RW
  section m_usb_dma_noninit_data   in block ZI


  Section              Kind         Address     Size  Object
  -------              ----         -------     ----  ------
"P3-P5|P9", part 1 of 2:                        0xe2
  P3-P5|P9 s0                   0x2000'0000     0xe2  <Init block>
    .data              inited   0x2000'0000     0x28  zf_gpio.o [1]
    .data              inited   0x2000'0028     0x24  SEEKFREE_MT9V03X_CSI.o [1]
    .data              inited   0x2000'004c     0x24  zf_uart.o [1]
    .data              inited   0x2000'0070     0x20  SEEKFREE_MT9V03X_CSI.o [1]
    .data              inited   0x2000'0090     0x14  zf_pwm.o [1]
    .data              inited   0x2000'00a4     0x14  zf_qtimer.o [1]
    .data              inited   0x2000'00b8      0xc  driver.o [1]
    .data              inited   0x2000'00c4      0xc  driver.o [1]
    .data              inited   0x2000'00d0      0xc  driver.o [1]
    .data              inited   0x2000'00dc      0x4  system_MIMXRT1064.o [1]
    .data              inited   0x2000'00e0      0x2  camera.o [1]
                              - 0x2000'00e2     0xe2

"P3-P5|P9", part 2 of 2:                     0x18a58
  ZI                            0x2000'0100   0xf454  <Block>
    .bss               zero     0x2000'0100     0xf0  camera.o [1]
    .bss               zero     0x2000'01f0     0xf0  camera.o [1]
    .bss               zero     0x2000'02e0     0xf0  camera.o [1]
    .bss               zero     0x2000'03d0     0x78  camera.o [1]
    .bss               zero     0x2000'0448     0x78  camera.o [1]
    .bss               zero     0x2000'04c0      0x1  common.o [1]
    .bss               zero     0x2000'04c4     0x18  driver.o [1]
    .bss               zero     0x2000'04dc      0x4  fsl_clock.o [1]
    .bss               zero     0x2000'04e0      0x4  fsl_clock.o [1]
    .bss               zero     0x2000'04e4      0x4  fsl_csi.o [1]
    .bss               zero     0x2000'04e8      0x4  fsl_csi.o [1]
    .bss               zero     0x2000'04ec     0x1c  fsl_debug_console.o [1]
    .bss               zero     0x2000'0508      0x4  fsl_debug_console.o [1]
    .bss               zero     0x2000'050c     0x80  fsl_edma.o [1]
    .bss               zero     0x2000'058c      0x8  fsl_enet.o [1]
    .bss               zero     0x2000'0594      0x4  fsl_enet.o [1]
    .bss               zero     0x2000'0598      0x4  fsl_enet.o [1]
    .bss               zero     0x2000'059c      0x4  fsl_enet.o [1]
    .bss               zero     0x2000'05a0      0x4  fsl_enet.o [1]
    .bss               zero     0x2000'05a4     0x10  fsl_flexcan.o [1]
    .bss               zero     0x2000'05b4      0x4  fsl_flexcan.o [1]
    .bss               zero     0x2000'05b8      0x8  fsl_flexio.o [1]
    .bss               zero     0x2000'05c0      0x8  fsl_flexio.o [1]
    .bss               zero     0x2000'05c8      0x8  fsl_flexio.o [1]
    .bss               zero     0x2000'05d0      0x4  fsl_lpi2c.o [1]
    .bss               zero     0x2000'05d4     0x14  fsl_lpi2c.o [1]
    .bss               zero     0x2000'05e8      0x4  fsl_lpi2c.o [1]
    .bss               zero     0x2000'05ec     0x14  fsl_lpi2c.o [1]
    .bss               zero     0x2000'0600     0x14  fsl_lpspi.o [1]
    .bss               zero     0x2000'0614      0x4  fsl_lpspi.o [1]
    .bss               zero     0x2000'0618      0x4  fsl_lpspi.o [1]
    .bss               zero     0x2000'061c     0x24  fsl_lpuart.o [1]
    .bss               zero     0x2000'0640      0x4  fsl_lpuart.o [1]
    .bss               zero     0x2000'0644     0x20  fsl_sai.o [1]
    .bss               zero     0x2000'0664      0x4  fsl_sai.o [1]
    .bss               zero     0x2000'0668      0x4  fsl_sai.o [1]
    .bss               zero     0x2000'066c      0x8  fsl_spdif.o [1]
    .bss               zero     0x2000'0674      0x4  fsl_spdif.o [1]
    .bss               zero     0x2000'0678      0x4  fsl_spdif.o [1]
    .bss               zero     0x2000'067c      0xc  fsl_usdhc.o [1]
    .bss               zero     0x2000'0688      0x4  fsl_usdhc.o [1]
    .bss               zero     0x2000'068c   0x5820  SEEKFREE_MT9V03X.o [1]
    .bss               zero     0x2000'5eac      0x4  SEEKFREE_MT9V03X.o [1]
    .bss               zero     0x2000'5eb0      0x1  SEEKFREE_MT9V03X.o [1]
    .bss               zero     0x2000'5eb1      0x1  SEEKFREE_MT9V03X.o [1]
    .bss               zero     0x2000'5ec0   0x4b00  SEEKFREE_MT9V03X_CSI.o [1]
    .bss               zero     0x2000'a9c0   0x4b00  SEEKFREE_MT9V03X_CSI.o [1]
    .bss               zero     0x2000'f4c0      0x4  SEEKFREE_MT9V03X_CSI.o [1]
    .bss               zero     0x2000'f4c4      0x1  SEEKFREE_MT9V03X_CSI.o [1]
    .bss               zero     0x2000'f4c8      0x8  SEEKFREE_MT9V03X_CSI.o [1]
    .bss               zero     0x2000'f4d0     0x30  SEEKFREE_MT9V03X_CSI.o [1]
    .bss               zero     0x2000'f500      0x1  SEEKFREE_MT9V03X_CSI.o [1]
    .bss               zero     0x2000'f504     0x1c  zf_camera.o [1]
    .bss               zero     0x2000'f520     0x1c  zf_csi.o [1]
    .bss               zero     0x2000'f53c      0x4  zf_csi.o [1]
    .bss               zero     0x2000'f540      0x1  zf_systick.o [1]
    .bss               zero     0x2000'f544     0x10  zf_usb_cdc.o [1]
  DTCM_VAR                      0x2000'f558   0x9600  <Block>
    NonCacheable       zero     0x2000'f558   0x9600  SEEKFREE_SCC8660.o [1]
                              - 0x2001'8b58  0x18a58

"P7":                                         0x1000
  CSTACK                        0x2006'f000   0x1000  <Block>
    CSTACK             uninit   0x2006'f000   0x1000  <Block tail>
                              - 0x2007'0000   0x1000

"A2":                                          0x200
  .boot_hdr.conf       const    0x7000'0000    0x200  evkmimxrt1064_flexspi_nor_config.o [1]
                              - 0x7000'0200    0x200

"A3":                                           0x20
  .boot_hdr.ivt        const    0x7000'1000     0x20  fsl_flexspi_nor_boot.o [1]
                              - 0x7000'1020     0x20

"A4":                                           0x10
  .boot_hdr.boot_data  const    0x7000'1020     0x10  fsl_flexspi_nor_boot.o [1]
                              - 0x7000'1030     0x10

"A5":                                          0x430
  .boot_hdr.dcd_data   const    0x7000'1030    0x430  evkmimxrt1064_sdram_ini_dcd.o [1]
                              - 0x7000'1460    0x430

"A0":                                          0x440
  .intvec              const    0x7000'2000    0x400  zf_vector.o [1]
  .intvec              ro code  0x7000'2400     0x40  vector_table_M.o [4]
                              - 0x7000'2440    0x440

"P1":                                         0x9928
  .text                ro code  0x7000'2440    0x1f6  lz77_init.o [4]
  .text                ro code  0x7000'2636      0x6  abort.o [2]
  .text                ro code  0x7000'263c     0x14  exit.o [5]
  .text                ro code  0x7000'2650    0x17e  system_MIMXRT1064.o [1]
  .text                ro code  0x7000'27ce     0x3a  zero_init3.o [4]
  .text                ro code  0x7000'2808     0x6c  startup_MIMXRT1064.o [1]
  .text                ro code  0x7000'2874     0x28  data_init.o [4]
  .text                ro code  0x7000'289c     0x22  fpinit_M.o [3]
  .iar.init_table      const    0x7000'28c0     0x50  - Linker created -
  Veneer               ro code  0x7000'2910      0x8  - Linker created -
  Veneer               ro code  0x7000'2918      0x8  - Linker created -
  .text                ro code  0x7000'2920     0x1e  cmain.o [4]
  .text                ro code  0x7000'293e      0x4  low_level_init.o [2]
  .text                ro code  0x7000'2942      0xc  cstartup_M.o [4]
  .rodata              const    0x7000'294e      0x0  zero_init3.o [4]
  .rodata              const    0x7000'294e      0x0  lz77_init.o [4]
  Initializer bytes    const    0x7000'294e   0x9377  <for RW-1>
  Initializer bytes    const    0x7000'bcc5     0xa3  <for P3-P5|P9 s0>
                              - 0x7000'bd68   0x9928

"P2|P11":                                    0x10b90
  RW                            0x8000'0400  0x10b90  <Block>
    RW-1                        0x8000'0400  0x10b90  <Init block>
      .rodata          inited   0x8000'0400    0x420  pow64.o [3]
      .rodata          inited   0x8000'0820     0x18  clock_config.o [1]
      .rodata          inited   0x8000'0838     0x44  clock_config.o [1]
      .rodata          inited   0x8000'087c      0xc  clock_config.o [1]
      .rodata          inited   0x8000'0888      0x8  clock_config.o [1]
      .rodata          inited   0x8000'0890     0x2c  fsl_assert.o [1]
      .rodata          inited   0x8000'08bc     0x10  fsl_clock.o [1]
      .rodata          inited   0x8000'08cc     0x44  fsl_clock.o [1]
      .rodata          inited   0x8000'0910     0x10  fsl_clock.o [1]
      .rodata          inited   0x8000'0920      0xc  fsl_csi.o [1]
      .rodata          inited   0x8000'092c     0x44  fsl_csi.o [1]
      .rodata          inited   0x8000'0970     0x3c  fsl_csi.o [1]
      .rodata          inited   0x8000'09ac     0x40  fsl_csi.o [1]
      .rodata          inited   0x8000'09ec      0x8  fsl_csi.o [1]
      .rodata          inited   0x8000'09f4      0x8  fsl_csi.o [1]
      .rodata          inited   0x8000'09fc      0x4  fsl_csi.o [1]
      .rodata          inited   0x8000'0a00      0x8  fsl_debug_console.o [1]
      .rodata          inited   0x8000'0a08     0x5c  fsl_debug_console.o [1]
      .rodata          inited   0x8000'0a64      0xc  fsl_debug_console.o [1]
      .rodata          inited   0x8000'0a70     0x28  fsl_debug_console.o [1]
      .rodata          inited   0x8000'0a98     0x10  fsl_debug_console.o [1]
      .rodata          inited   0x8000'0aa8     0x44  fsl_edma.o [1]
      .rodata          inited   0x8000'0aec     0x10  fsl_edma.o [1]
      .rodata          inited   0x8000'0afc      0xc  fsl_edma.o [1]
      .rodata          inited   0x8000'0b08     0x3c  fsl_enet.o [1]
      .rodata          inited   0x8000'0b44     0x44  fsl_enet.o [1]
      .rodata          inited   0x8000'0b88      0xc  fsl_enet.o [1]
      .rodata          inited   0x8000'0b94     0x44  fsl_flexcan.o [1]
      .rodata          inited   0x8000'0bd8     0x14  fsl_flexcan.o [1]
      .rodata          inited   0x8000'0bec     0x14  fsl_flexcan.o [1]
      .rodata          inited   0x8000'0c00     0x14  fsl_flexcan.o [1]
      .rodata          inited   0x8000'0c14      0xc  fsl_gpio.o [1]
      .rodata          inited   0x8000'0c20     0x44  fsl_gpio.o [1]
      .rodata          inited   0x8000'0c64     0x3c  fsl_gpio.o [1]
      .rodata          inited   0x8000'0ca0     0x44  fsl_gpio.o [1]
      .rodata          inited   0x8000'0ce4      0xc  fsl_gpio.o [1]
      .rodata          inited   0x8000'0cf0     0x28  fsl_gpio.o [1]
      .rodata          inited   0x8000'0d18      0xc  fsl_gpio.o [1]
      .rodata          inited   0x8000'0d24      0xc  fsl_gpt.o [1]
      .rodata          inited   0x8000'0d30     0x44  fsl_gpt.o [1]
      .rodata          inited   0x8000'0d74     0x18  fsl_gpt.o [1]
      .rodata          inited   0x8000'0d8c     0x40  fsl_gpt.o [1]
      .rodata          inited   0x8000'0dcc     0x3c  fsl_gpt.o [1]
      .rodata          inited   0x8000'0e08     0x40  fsl_gpt.o [1]
      .rodata          inited   0x8000'0e48      0xc  fsl_gpt.o [1]
      .rodata          inited   0x8000'0e54      0x8  fsl_gpt.o [1]
      .rodata          inited   0x8000'0e5c      0xc  fsl_gpt.o [1]
      .rodata          inited   0x8000'0e68      0x8  fsl_gpt.o [1]
      .rodata          inited   0x8000'0e70     0x44  fsl_lpspi.o [1]
      .rodata          inited   0x8000'0eb4     0x14  fsl_lpspi.o [1]
      .rodata          inited   0x8000'0ec8     0x14  fsl_lpspi.o [1]
      .rodata          inited   0x8000'0edc     0x14  fsl_lpspi.o [1]
      .rodata          inited   0x8000'0ef0     0x14  fsl_lpspi.o [1]
      .rodata          inited   0x8000'0f04      0xc  fsl_lpuart.o [1]
      .rodata          inited   0x8000'0f10     0x44  fsl_lpuart.o [1]
      .rodata          inited   0x8000'0f54     0x40  fsl_lpuart.o [1]
      .rodata          inited   0x8000'0f94     0x44  fsl_lpuart.o [1]
      .rodata          inited   0x8000'0fd8      0x8  fsl_lpuart.o [1]
      .rodata          inited   0x8000'0fe0      0x8  fsl_lpuart.o [1]
      .rodata          inited   0x8000'0fe8      0x8  fsl_lpuart.o [1]
      .rodata          inited   0x8000'0ff0     0x18  fsl_lpuart.o [1]
      .rodata          inited   0x8000'1008     0x20  fsl_lpuart.o [1]
      .rodata          inited   0x8000'1028     0x20  fsl_lpuart.o [1]
      .rodata          inited   0x8000'1048     0x24  fsl_lpuart.o [1]
      .rodata          inited   0x8000'106c     0x14  fsl_lpuart.o [1]
      .rodata          inited   0x8000'1080     0x14  fsl_lpuart.o [1]
      .rodata          inited   0x8000'1094      0xc  fsl_pit.o [1]
      .rodata          inited   0x8000'10a0     0x44  fsl_pit.o [1]
      .rodata          inited   0x8000'10e4     0x3c  fsl_pit.o [1]
      .rodata          inited   0x8000'1120     0x40  fsl_pit.o [1]
      .rodata          inited   0x8000'1160      0x8  fsl_pit.o [1]
      .rodata          inited   0x8000'1168      0x4  fsl_pit.o [1]
      .rodata          inited   0x8000'116c      0xc  fsl_pwm.o [1]
      .rodata          inited   0x8000'1178     0x44  fsl_pwm.o [1]
      .rodata          inited   0x8000'11bc     0x3c  fsl_pwm.o [1]
      .rodata          inited   0x8000'11f8     0x40  fsl_pwm.o [1]
      .rodata          inited   0x8000'1238      0x8  fsl_pwm.o [1]
      .rodata          inited   0x8000'1240      0xc  fsl_pwm.o [1]
      .rodata          inited   0x8000'124c      0xc  fsl_pwm.o [1]
      .rodata          inited   0x8000'1258      0xc  fsl_pwm.o [1]
      .rodata          inited   0x8000'1264      0xc  fsl_pwm.o [1]
      .rodata          inited   0x8000'1270     0x28  fsl_pwm.o [1]
      .rodata          inited   0x8000'1298     0x1c  fsl_pwm.o [1]
      .rodata          inited   0x8000'12b4     0x10  fsl_pwm.o [1]
      .rodata          inited   0x8000'12c4     0x14  fsl_pwm.o [1]
      .rodata          inited   0x8000'12d8     0x28  fsl_pwm.o [1]
      .rodata          inited   0x8000'1300      0xc  fsl_qtmr.o [1]
      .rodata          inited   0x8000'130c     0x44  fsl_qtmr.o [1]
      .rodata          inited   0x8000'1350     0x3c  fsl_qtmr.o [1]
      .rodata          inited   0x8000'138c     0x44  fsl_qtmr.o [1]
      .rodata          inited   0x8000'13d0      0x8  fsl_qtmr.o [1]
      .rodata          inited   0x8000'13d8     0x14  fsl_qtmr.o [1]
      .rodata          inited   0x8000'13ec      0xc  fsl_qtmr.o [1]
      .rodata          inited   0x8000'13f8     0x40  fsl_sai.o [1]
      .rodata          inited   0x8000'1438     0x14  fsl_sai.o [1]
      .rodata          inited   0x8000'144c     0x14  fsl_sai.o [1]
      .rodata          inited   0x8000'1460      0xc  fsl_usdhc.o [1]
      .rodata          inited   0x8000'146c      0x8  lpuart_adapter.o [1]
      .rodata          inited   0x8000'1474     0x50  lpuart_adapter.o [1]
      .rodata          inited   0x8000'14c4      0x8  lpuart_adapter.o [1]
      .rodata          inited   0x8000'14cc     0x4c  lpuart_adapter.o [1]
      .rodata          inited   0x8000'1518     0x28  lpuart_adapter.o [1]
      .rodata          inited   0x8000'1540      0x8  lpuart_adapter.o [1]
      .rodata          inited   0x8000'1548      0x8  lpuart_adapter.o [1]
      .rodata          inited   0x8000'1550     0x24  lpuart_adapter.o [1]
      .rodata          inited   0x8000'1574      0xc  serial_manager.o [1]
      .rodata          inited   0x8000'1580     0x5c  serial_manager.o [1]
      .rodata          inited   0x8000'15dc      0x8  serial_manager.o [1]
      .rodata          inited   0x8000'15e4      0x8  serial_manager.o [1]
      .rodata          inited   0x8000'15ec      0x8  serial_manager.o [1]
      .rodata          inited   0x8000'15f4      0xc  serial_manager.o [1]
      .rodata          inited   0x8000'1600      0x8  serial_manager.o [1]
      .rodata          inited   0x8000'1608     0x10  serial_manager.o [1]
      .rodata          inited   0x8000'1618     0x10  serial_port_uart.o [1]
      .rodata          inited   0x8000'1628     0x5c  serial_port_uart.o [1]
      .rodata          inited   0x8000'1684     0x10  serial_port_uart.o [1]
      .rodata          inited   0x8000'1694      0x8  serial_port_uart.o [1]
      .rodata          inited   0x8000'169c      0x8  serial_port_uart.o [1]
      .rodata          inited   0x8000'16a4     0x18  zf_csi.o [1]
      .rodata          inited   0x8000'16bc     0x44  zf_csi.o [1]
      .rodata          inited   0x8000'1700     0x40  zf_csi.o [1]
      .rodata          inited   0x8000'1740      0xc  zf_gpio.o [1]
      .rodata          inited   0x8000'174c     0x60  zf_gpio.o [1]
      .rodata          inited   0x8000'17ac      0xc  zf_iomuxc.o [1]
      .rodata          inited   0x8000'17b8     0x44  zf_iomuxc.o [1]
      .rodata          inited   0x8000'17fc     0x40  zf_iomuxc.o [1]
      .rodata          inited   0x8000'183c      0x8  zf_pit.o [1]
      .rodata          inited   0x8000'1844     0x60  zf_pit.o [1]
      .rodata          inited   0x8000'18a4     0x40  zf_pwm.o [1]
      .rodata          inited   0x8000'18e4     0x40  zf_qtimer.o [1]
      .rodata          inited   0x8000'1924     0x18  zf_systick.o [1]
      .rodata          inited   0x8000'193c     0x60  zf_systick.o [1]
      .rodata          inited   0x8000'199c     0x28  zf_systick.o [1]
      .rodata          inited   0x8000'19c4     0x40  zf_uart.o [1]
      .text            inited   0x8000'1a04    0x338  board.o [1]
      .text            inited   0x8000'1d3c    0x3a8  camera.o [1]
      .text            inited   0x8000'20e4    0x6f4  clock_config.o [1]
      .text            inited   0x8000'27d8    0x148  driver.o [1]
      .text            inited   0x8000'2920     0x1c  fsl_assert.o [1]
      .text            inited   0x8000'293c    0x73c  fsl_clock.o [1]
      .text            inited   0x8000'3078    0x628  fsl_csi.o [1]
      .text            inited   0x8000'36a0    0x1cc  fsl_debug_console.o [1]
      .text            inited   0x8000'386c    0x47c  fsl_edma.o [1]
      .text            inited   0x8000'3ce8     0xec  fsl_enet.o [1]
      .text            inited   0x8000'3dd4     0x98  fsl_flexcan.o [1]
      .text            inited   0x8000'3e6c     0x64  fsl_flexio.o [1]
      .text            inited   0x8000'3ed0     0x3c  fsl_flexio_camera.o [1]
      .text            inited   0x8000'3f0c    0x1f2  fsl_gpio.o [1]
      .text            inited   0x8000'4100    0x230  fsl_gpt.o [1]
      .text            inited   0x8000'4330     0x90  fsl_lpi2c.o [1]
      .text            inited   0x8000'43c0     0xf0  fsl_lpspi.o [1]
      .text            inited   0x8000'44b0    0x9ec  fsl_lpuart.o [1]
      .text            inited   0x8000'4e9c    0x144  fsl_pit.o [1]
      .text            inited   0x8000'4fe0    0xa0c  fsl_pwm.o [1]
      .text            inited   0x8000'59ec    0x1c4  fsl_qtmr.o [1]
      .text            inited   0x8000'5bb0    0x138  fsl_sai.o [1]
      .text            inited   0x8000'5ce8     0x44  fsl_spdif.o [1]
      .text            inited   0x8000'5d2c    0x964  fsl_str.o [1]
      .text            inited   0x8000'6690     0x34  fsl_usdhc.o [1]
      .text            inited   0x8000'66c4    0x12a  init.o [1]
      .text            inited   0x8000'67f0    0x190  isr.o [1]
      .text            inited   0x8000'6980    0x174  lpuart_adapter.o [1]
      .text            inited   0x8000'6af4    0x11c  SEEKFREE_MT9V03X.o [1]
      .text            inited   0x8000'6c10    0x184  SEEKFREE_MT9V03X_CSI.o [1]
      .text            inited   0x8000'6d94     0x34  SEEKFREE_SCC8660.o [1]
      .text            inited   0x8000'6dc8    0x1fc  serial_manager.o [1]
      .text            inited   0x8000'6fc4     0xd4  serial_port_uart.o [1]
      .text            inited   0x8000'7098    0x17a  usb_device_dci.o [1]
      .text            inited   0x8000'7214    0x5e0  usb_device_ehci.o [1]
      .text            inited   0x8000'77f4     0x2c  zf_camera.o [1]
      .text            inited   0x8000'7820    0x374  zf_csi.o [1]
      .text            inited   0x8000'7b94     0xcc  zf_gpio.o [1]
      .text            inited   0x8000'7c60   0x6ab0  zf_iomuxc.o [1]
      .text            inited   0x8000'e710    0x160  zf_pit.o [1]
      .text            inited   0x8000'e870    0x7ec  zf_pwm.o [1]
      .text            inited   0x8000'f05c    0x768  zf_qtimer.o [1]
      .text            inited   0x8000'f7c4    0x124  zf_systick.o [1]
      .text            inited   0x8000'f8e8    0x458  zf_uart.o [1]
      .text            inited   0x8000'fd40     0x20  zf_usb_cdc.o [1]
      .text            inited   0x8000'fd60      0x6  ABImemclr4.o [4]
      .text            inited   0x8000'fd68     0x66  ABImemset.o [4]
      .text            inited   0x8000'fdd0     0x86  ABImemcpy.o [4]
      .text            inited   0x8000'fe58    0x274  I64DivMod.o [4]
      .text            inited   0x8001'00cc     0x36  strlen.o [4]
      .text            inited   0x8001'0104     0x5c  DblToS64.o [3]
      .text            inited   0x8001'0160     0x52  S64ToDbl.o [3]
      .text            inited   0x8001'01b4     0x9e  modf.o [3]
      .text            inited   0x8001'0254    0x570  pow64.o [3]
      .text            inited   0x8001'07c4     0x32  ABImemset48.o [4]
      .text            inited   0x8001'07f8      0x2  I64DivZer.o [4]
      .text            inited   0x8001'07fc    0x368  iar_Exp64.o [3]
      .text            inited   0x8001'0b64     0x7c  frexp.o [3]
      .text            inited   0x8001'0be0     0xf0  ldexp.o [3]
      Veneer           inited   0x8001'0cd0      0x8  - Linker created -
      .text            inited   0x8001'0cd8      0xa  cexit.o [4]
      .rodata          inited   0x8001'0ce2      0x2  fsl_csi.o [1]
      .rodata          inited   0x8001'0ce4      0x2  fsl_csi.o [1]
      .rodata          inited   0x8001'0ce6      0x2  fsl_pit.o [1]
      .text            inited   0x8001'0ce8     0x10  common.o [1]
      .text            inited   0x8001'0cf8     0x2a  main.o [1]
      .text            inited   0x8001'0d22      0x2  zf_vector.o [1]
      .text            inited   0x8001'0d24      0x8  zf_vector.o [1]
      .text            inited   0x8001'0d2c      0x8  zf_vector.o [1]
      .text            inited   0x8001'0d34      0x8  zf_vector.o [1]
      .text            inited   0x8001'0d3c      0x8  zf_vector.o [1]
      .text            inited   0x8001'0d44      0x8  zf_vector.o [1]
      .text            inited   0x8001'0d4c      0x8  zf_vector.o [1]
      .text            inited   0x8001'0d54      0x8  zf_vector.o [1]
      .text            inited   0x8001'0d5c      0x8  zf_vector.o [1]
      .text            inited   0x8001'0d64      0x8  zf_vector.o [1]
      .text            inited   0x8001'0d6c      0x8  zf_vector.o [1]
      .text            inited   0x8001'0d74      0x8  zf_vector.o [1]
      .text            inited   0x8001'0d7c      0x8  zf_vector.o [1]
      .text            inited   0x8001'0d84      0x8  zf_vector.o [1]
      .text            inited   0x8001'0d8c      0x8  zf_vector.o [1]
      .text            inited   0x8001'0d94      0x8  zf_vector.o [1]
      .text            inited   0x8001'0d9c      0x8  zf_vector.o [1]
      .text            inited   0x8001'0da4      0x8  zf_vector.o [1]
      .text            inited   0x8001'0dac      0x2  zf_vector.o [1]
      .text            inited   0x8001'0dae      0x2  zf_vector.o [1]
      .text            inited   0x8001'0db0      0x2  zf_vector.o [1]
      .text            inited   0x8001'0db2      0x8  zf_vector.o [1]
      .text            inited   0x8001'0dba      0x8  zf_vector.o [1]
      .text            inited   0x8001'0dc2      0x8  zf_vector.o [1]
      .text            inited   0x8001'0dca      0x8  zf_vector.o [1]
      .text            inited   0x8001'0dd2      0x8  zf_vector.o [1]
      .text            inited   0x8001'0dda      0x8  zf_vector.o [1]
      .text            inited   0x8001'0de2      0x8  zf_vector.o [1]
      .text            inited   0x8001'0dea      0x8  zf_vector.o [1]
      .text            inited   0x8001'0df2      0x8  zf_vector.o [1]
      .text            inited   0x8001'0dfa      0x8  zf_vector.o [1]
      .text            inited   0x8001'0e02      0x8  zf_vector.o [1]
      .text            inited   0x8001'0e0a      0x8  zf_vector.o [1]
      .text            inited   0x8001'0e12      0x8  zf_vector.o [1]
      .text            inited   0x8001'0e1a      0x8  zf_vector.o [1]
      .text            inited   0x8001'0e22      0x8  zf_vector.o [1]
      .text            inited   0x8001'0e2a      0x8  zf_vector.o [1]
      .text            inited   0x8001'0e32      0x8  zf_vector.o [1]
      .text            inited   0x8001'0e3a      0x8  zf_vector.o [1]
      .text            inited   0x8001'0e42      0x2  zf_vector.o [1]
      .text            inited   0x8001'0e44      0x2  zf_vector.o [1]
      .text            inited   0x8001'0e46      0x2  zf_vector.o [1]
      .text            inited   0x8001'0e48      0x2  zf_vector.o [1]
      .text            inited   0x8001'0e4a      0x2  zf_vector.o [1]
      .text            inited   0x8001'0e4c      0x2  zf_vector.o [1]
      .text            inited   0x8001'0e4e      0x2  zf_vector.o [1]
      .text            inited   0x8001'0e50      0x2  zf_vector.o [1]
      .text            inited   0x8001'0e52      0x2  zf_vector.o [1]
      .text            inited   0x8001'0e54      0x2  zf_vector.o [1]
      .text            inited   0x8001'0e56      0x2  zf_vector.o [1]
      .text            inited   0x8001'0e58      0x2  zf_vector.o [1]
      .text            inited   0x8001'0e5a      0x2  zf_vector.o [1]
      .text            inited   0x8001'0e5c      0x2  zf_vector.o [1]
      .text            inited   0x8001'0e5e      0x2  zf_vector.o [1]
      .text            inited   0x8001'0e60      0x2  zf_vector.o [1]
      .text            inited   0x8001'0e62      0x2  zf_vector.o [1]
      .text            inited   0x8001'0e64      0x8  zf_vector.o [1]
      .text            inited   0x8001'0e6c      0x8  zf_vector.o [1]
      .text            inited   0x8001'0e74      0x8  zf_vector.o [1]
      .text            inited   0x8001'0e7c      0x8  zf_vector.o [1]
      .text            inited   0x8001'0e84      0x8  zf_vector.o [1]
      .text            inited   0x8001'0e8c      0x2  zf_vector.o [1]
      .text            inited   0x8001'0e8e      0x2  zf_vector.o [1]
      .text            inited   0x8001'0e90      0x2  zf_vector.o [1]
      .text            inited   0x8001'0e92      0x2  zf_vector.o [1]
      .text            inited   0x8001'0e94      0x2  zf_vector.o [1]
      .text            inited   0x8001'0e96      0x2  zf_vector.o [1]
      .text            inited   0x8001'0e98      0x2  zf_vector.o [1]
      .text            inited   0x8001'0e9a      0x2  zf_vector.o [1]
      .text            inited   0x8001'0e9c      0x2  zf_vector.o [1]
      .text            inited   0x8001'0e9e      0x2  zf_vector.o [1]
      .text            inited   0x8001'0ea0      0x2  zf_vector.o [1]
      .text            inited   0x8001'0ea2      0x2  zf_vector.o [1]
      .text            inited   0x8001'0ea4      0x2  zf_vector.o [1]
      .text            inited   0x8001'0ea6      0x2  zf_vector.o [1]
      .text            inited   0x8001'0ea8      0x2  zf_vector.o [1]
      .text            inited   0x8001'0eaa      0x2  zf_vector.o [1]
      .text            inited   0x8001'0eac      0x2  zf_vector.o [1]
      .text            inited   0x8001'0eae      0x2  zf_vector.o [1]
      .text            inited   0x8001'0eb0      0x2  zf_vector.o [1]
      .text            inited   0x8001'0eb2      0x2  zf_vector.o [1]
      .text            inited   0x8001'0eb4      0x2  zf_vector.o [1]
      .text            inited   0x8001'0eb6      0x2  zf_vector.o [1]
      .text            inited   0x8001'0eb8      0x2  zf_vector.o [1]
      .text            inited   0x8001'0eba      0x2  zf_vector.o [1]
      .text            inited   0x8001'0ebc      0x2  zf_vector.o [1]
      .text            inited   0x8001'0ebe      0x2  zf_vector.o [1]
      .text            inited   0x8001'0ec0      0x2  zf_vector.o [1]
      .text            inited   0x8001'0ec2      0x8  zf_vector.o [1]
      .text            inited   0x8001'0eca      0x8  zf_vector.o [1]
      .text            inited   0x8001'0ed2      0x2  zf_vector.o [1]
      .text            inited   0x8001'0ed4      0x2  zf_vector.o [1]
      .text            inited   0x8001'0ed6      0x2  zf_vector.o [1]
      .text            inited   0x8001'0ed8      0x2  zf_vector.o [1]
      .text            inited   0x8001'0eda      0x2  zf_vector.o [1]
      .text            inited   0x8001'0edc      0x2  zf_vector.o [1]
      .text            inited   0x8001'0ede      0x2  zf_vector.o [1]
      .text            inited   0x8001'0ee0      0x2  zf_vector.o [1]
      .text            inited   0x8001'0ee2      0x2  zf_vector.o [1]
      .text            inited   0x8001'0ee4      0x2  zf_vector.o [1]
      .text            inited   0x8001'0ee6      0x2  zf_vector.o [1]
      .text            inited   0x8001'0ee8      0x2  zf_vector.o [1]
      .text            inited   0x8001'0eea      0x2  zf_vector.o [1]
      .text            inited   0x8001'0eec      0x2  zf_vector.o [1]
      .text            inited   0x8001'0eee      0x2  zf_vector.o [1]
      .text            inited   0x8001'0ef0      0x8  zf_vector.o [1]
      .text            inited   0x8001'0ef8      0x8  zf_vector.o [1]
      .text            inited   0x8001'0f00      0x2  zf_vector.o [1]
      .text            inited   0x8001'0f02      0x8  zf_vector.o [1]
      .text            inited   0x8001'0f0a      0x8  zf_vector.o [1]
      .text            inited   0x8001'0f12      0x8  zf_vector.o [1]
      .text            inited   0x8001'0f1a      0x2  zf_vector.o [1]
      .text            inited   0x8001'0f1c      0x2  zf_vector.o [1]
      .text            inited   0x8001'0f1e      0x2  zf_vector.o [1]
      .text            inited   0x8001'0f20      0x2  zf_vector.o [1]
      .text            inited   0x8001'0f22      0x2  zf_vector.o [1]
      .text            inited   0x8001'0f24      0x2  zf_vector.o [1]
      .text            inited   0x8001'0f26      0x2  zf_vector.o [1]
      .text            inited   0x8001'0f28      0x2  zf_vector.o [1]
      .text            inited   0x8001'0f2a      0x2  zf_vector.o [1]
      .text            inited   0x8001'0f2c      0x2  zf_vector.o [1]
      .text            inited   0x8001'0f2e      0x2  zf_vector.o [1]
      .text            inited   0x8001'0f30      0x2  zf_vector.o [1]
      .text            inited   0x8001'0f32      0x2  zf_vector.o [1]
      .text            inited   0x8001'0f34      0x2  zf_vector.o [1]
      .text            inited   0x8001'0f36      0x2  zf_vector.o [1]
      .text            inited   0x8001'0f38      0x2  zf_vector.o [1]
      .text            inited   0x8001'0f3a      0x2  zf_vector.o [1]
      .text            inited   0x8001'0f3c      0x2  zf_vector.o [1]
      .text            inited   0x8001'0f3e      0x2  zf_vector.o [1]
      .text            inited   0x8001'0f40      0x2  zf_vector.o [1]
      .text            inited   0x8001'0f42      0x2  zf_vector.o [1]
      .text            inited   0x8001'0f44      0x2  zf_vector.o [1]
      .text            inited   0x8001'0f46      0x2  zf_vector.o [1]
      .text            inited   0x8001'0f48      0x2  zf_vector.o [1]
      .text            inited   0x8001'0f4a      0x2  zf_vector.o [1]
      .text            inited   0x8001'0f4c      0x2  zf_vector.o [1]
      .text            inited   0x8001'0f4e      0x2  zf_vector.o [1]
      .text            inited   0x8001'0f50      0x2  zf_vector.o [1]
      .text            inited   0x8001'0f52      0x2  zf_vector.o [1]
      .text            inited   0x8001'0f54      0x2  zf_vector.o [1]
      .text            inited   0x8001'0f56      0x2  zf_vector.o [1]
      .text            inited   0x8001'0f58      0x2  zf_vector.o [1]
      .text            inited   0x8001'0f5a      0x2  zf_vector.o [1]
      .text            inited   0x8001'0f5c      0x2  zf_vector.o [1]
      .text            inited   0x8001'0f5e      0x2  zf_vector.o [1]
      .text            inited   0x8001'0f60      0x8  zf_vector.o [1]
      .text            inited   0x8001'0f68      0x8  zf_vector.o [1]
      .text            inited   0x8001'0f70      0x8  zf_vector.o [1]
      .text            inited   0x8001'0f78      0x2  zf_vector.o [1]
      .text            inited   0x8001'0f7a      0x8  zf_vector.o [1]
      .text            inited   0x8001'0f82      0x2  zf_vector.o [1]
      .text            inited   0x8001'0f84      0x2  zf_vector.o [1]
      .text            inited   0x8001'0f86      0x2  zf_vector.o [1]
      .text            inited   0x8001'0f88      0x2  zf_vector.o [1]
      .text            inited   0x8001'0f8a      0x2  zf_vector.o [1]
      .text            inited   0x8001'0f8c      0x4  exit.o [2]
                              - 0x8001'0f90  0x10b90

Unused ranges:

         From           To        Size
         ----           --        ----
  0x2000'00e2  0x2000'00ff        0x1e
  0x2001'8b58  0x2006'efff    0x5'64a8
  0x7000'bd68  0x703f'ffff   0x3f'4298
  0x8000'0000  0x8000'03ff       0x400
  0x8001'0f90  0x81df'ffff  0x1de'f070


*******************************************************************************
*** INIT TABLE
***

          Address      Size
          -------      ----
Zero (__iar_zero_init3)
    2 destination ranges, total size 0x18a54:
          0x2000'0100   0xf454
          0x2000'f558   0x9600

Copy/lz77 (__iar_lz77_init3)
    1 source range, total size 0x9377 (55% of destination):
          0x7000'294e   0x9377
    1 destination range, total size 0x10b90:
          0x8000'0400  0x10b90

Copy/lz77 (__iar_lz77_init3)
    1 source range, total size 0xa3 (72% of destination):
          0x7000'bcc5     0xa3
    1 destination range, total size 0xe2:
          0x2000'0000     0xe2



*******************************************************************************
*** MODULE SUMMARY
***

    Module                              ro code  rw code  ro data  rw data
    ------                              -------  -------  -------  -------
command line/config:
    ----------------------------------------------------------------------
    Total:

D:\STUDY\SmartCar\Demo\SmartCar\Project\IAR\program\nor_sdram_zf_dtcm\Obj: [1]
    SEEKFREE_MT9V03X.o                               284      157   22 566
    SEEKFREE_MT9V03X_CSI.o                           388      263   38 530
    SEEKFREE_SCC8660.o                                52       28   38 400
    board.o                                          824      454
    camera.o                                         936      518      962
    clock_config.o                                 1 780    1 042      112
    common.o                                          16        9        1
    driver.o                                         328      207       60
    evkmimxrt1064_flexspi_nor_config.o                        512
    evkmimxrt1064_sdram_ini_dcd.o                           1 072
    fsl_assert.o                                      28       39       44
    fsl_clock.o                                    1 852    1 077      108
    fsl_csi.o                                      1 576      994      236
    fsl_debug_console.o                              460      347      200
    fsl_edma.o                                     1 148      686      224
    fsl_enet.o                                       236      207      164
    fsl_flexcan.o                                    152      153      148
    fsl_flexio.o                                     100       55       24
    fsl_flexio_camera.o                               60       34
    fsl_flexspi_nor_boot.o                                     48
    fsl_gpio.o                                       498      424      272
    fsl_gpt.o                                        560      493      332
    fsl_lpi2c.o                                      144       79       48
    fsl_lpspi.o                                      240      214      176
    fsl_lpuart.o                                   2 540    1 620      440
    fsl_pit.o                                        324      299      218
    fsl_pwm.o                                      2 572    1 640      404
    fsl_qtmr.o                                       452      387      248
    fsl_sai.o                                        312      228      144
    fsl_spdif.o                                       68       38       16
    fsl_str.o                                      2 404    1 325
    fsl_usdhc.o                                       52       35       28
    init.o                                           298      164
    isr.o                                            400      221
    lpuart_adapter.o                                 372      351      264
    main.o                                            42       23
    serial_manager.o                                 508      370      164
    serial_port_uart.o                               212      195      140
    startup_MIMXRT1064.o                    108
    system_MIMXRT1064.o                     382                 3        4
    usb_device_dci.o                                 378      209
    usb_device_ehci.o                              1 504      830
    zf_camera.o                                       44       24       28
    zf_csi.o                                         884      573      188
    zf_gpio.o                                        204      199      148
    zf_iomuxc.o                                   27 312   15 132      144
    zf_pit.o                                         352      252      104
    zf_pwm.o                                       2 028    1 168       84
    zf_qtimer.o                                    1 896    1 094       84
    zf_systick.o                                     292      249      161
    zf_uart.o                                      1 112      675      100
    zf_usb_cdc.o                                      32       17       16
    zf_vector.o                                      618    1 364
    ----------------------------------------------------------------------
    Total:                                  490   58 874   37 797  105 734

dl7M_tln.a: [2]
    abort.o                                   6
    exit.o                                             4        3
    low_level_init.o                          4
    ----------------------------------------------------------------------
    Total:                                   10        4        3

m7M_tlv.a: [3]
    DblToS64.o                                        92       52
    S64ToDbl.o                                        82       45
    fpinit_M.o                               34
    frexp.o                                          124       68
    iar_Exp64.o                                      872      482
    ldexp.o                                          240      132
    modf.o                                           158       88
    pow64.o                                        1 392    1 350    1 056
    ----------------------------------------------------------------------
    Total:                                   34    2 960    2 217    1 056

rt7M_tl.a: [4]
    ABImemclr4.o                                       6        4
    ABImemcpy.o                                      134       75
    ABImemset.o                                      102       57
    ABImemset48.o                                     50       28
    I64DivMod.o                                      628      347
    I64DivZer.o                                        2        2
    cexit.o                                           10        5
    cmain.o                                  30
    cstartup_M.o                             12
    data_init.o                              40
    lz77_init.o                             502
    strlen.o                                          54       30
    vector_table_M.o                         64
    zero_init3.o                             58
    ----------------------------------------------------------------------
    Total:                                  706      986      548

shb_l.a: [5]
    exit.o                                   20
    ----------------------------------------------------------------------
    Total:                                   20

    Gaps                                              22        2       26
    Linker created                           16        8       85    4 096
--------------------------------------------------------------------------
    Grand Total:                          1 276   62 854   40 652  110 912


*******************************************************************************
*** ENTRY LIST
***

Entry                       Address    Size  Type      Object
-----                       -------    ----  ----      ------
.iar.init_table$$Base   0x7000'28c0           --   Gb  - Linker created -
.iar.init_table$$Limit  0x7000'2910           --   Gb  - Linker created -
?main                   0x7000'2921          Code  Gb  cmain.o [4]
ARM_MPU_Disable         0x8000'1a47    0x20  Code  Lc  board.o [1]
ARM_MPU_Enable          0x8000'1a27    0x20  Code  Lc  board.o [1]
BOARD_BootClockRUN      0x8000'2265   0x448  Code  Gb  clock_config.o [1]
BOARD_ConfigMPU         0x8000'1c13    0x7c  Code  Gb  board.o [1]
BOARD_DebugConsoleSrcFreq
                        0x8000'1bc1    0x3a  Code  Gb  board.o [1]
BOARD_InitDebugConsole  0x8000'1bfb    0x18  Code  Gb  board.o [1]
BusFault_Handler        0x8001'0cef     0x2  Code  Gb  common.o [1]
CAN1_DriverIRQHandler   0x8000'3dd5    0x26  Code  Gb  fsl_flexcan.o [1]
CAN2_DriverIRQHandler   0x8000'3dfb    0x26  Code  Gb  fsl_flexcan.o [1]
CAN3_DriverIRQHandler   0x8000'3e21    0x26  Code  Gb  fsl_flexcan.o [1]
CLOCK_ControlGate       0x8000'21d1    0x48  Code  Lc  clock_config.o [1]
CLOCK_ControlGate       0x8000'3099    0x48  Code  Lc  fsl_csi.o [1]
CLOCK_ControlGate       0x8000'3f0d    0x42  Code  Lc  fsl_gpio.o [1]
CLOCK_ControlGate       0x8000'4101    0x42  Code  Lc  fsl_gpt.o [1]
CLOCK_ControlGate       0x8000'44d1    0x48  Code  Lc  fsl_lpuart.o [1]
CLOCK_ControlGate       0x8000'4e9d    0x42  Code  Lc  fsl_pit.o [1]
CLOCK_ControlGate       0x8000'4fe1    0x48  Code  Lc  fsl_pwm.o [1]
CLOCK_ControlGate       0x8000'59ed    0x42  Code  Lc  fsl_qtmr.o [1]
CLOCK_ControlGate       0x8000'7c61    0x42  Code  Lc  zf_iomuxc.o [1]
CLOCK_DeinitAudioPll    0x8000'2ca9     0xc  Code  Gb  fsl_clock.o [1]
CLOCK_DeinitEnetPll     0x8000'2cc1     0xc  Code  Gb  fsl_clock.o [1]
CLOCK_DeinitUsb2Pll     0x8000'2c9f     0xa  Code  Gb  fsl_clock.o [1]
CLOCK_DeinitVideoPll    0x8000'2cb5     0xc  Code  Gb  fsl_clock.o [1]
CLOCK_DisableClock      0x8000'2219    0x10  Code  Lc  clock_config.o [1]
CLOCK_DisableClock      0x8000'4153    0x10  Code  Lc  fsl_gpt.o [1]
CLOCK_DisableClock      0x8000'4529    0x10  Code  Lc  fsl_lpuart.o [1]
CLOCK_DisableClock      0x8000'4eef    0x10  Code  Lc  fsl_pit.o [1]
CLOCK_DisableClock      0x8000'5039    0x10  Code  Lc  fsl_pwm.o [1]
CLOCK_DisableClock      0x8000'5a3f    0x10  Code  Lc  fsl_qtmr.o [1]
CLOCK_EnableClock       0x8000'30e1    0x10  Code  Lc  fsl_csi.o [1]
CLOCK_EnableClock       0x8000'3f4f    0x10  Code  Lc  fsl_gpio.o [1]
CLOCK_EnableClock       0x8000'4143    0x10  Code  Lc  fsl_gpt.o [1]
CLOCK_EnableClock       0x8000'4519    0x10  Code  Lc  fsl_lpuart.o [1]
CLOCK_EnableClock       0x8000'4edf    0x10  Code  Lc  fsl_pit.o [1]
CLOCK_EnableClock       0x8000'5029    0x10  Code  Lc  fsl_pwm.o [1]
CLOCK_EnableClock       0x8000'5a2f    0x10  Code  Lc  fsl_qtmr.o [1]
CLOCK_EnableClock       0x8000'7cb1    0x10  Code  Lc  zf_iomuxc.o [1]
CLOCK_GetAhbFreq        0x8000'2ac1    0x18  Code  Gb  fsl_clock.o [1]
CLOCK_GetDiv            0x8000'1b85    0x2a  Code  Lc  board.o [1]
CLOCK_GetFreq           0x8000'2b4b   0x114  Code  Gb  fsl_clock.o [1]
CLOCK_GetIpgFreq        0x8000'2b0d    0x18  Code  Gb  fsl_clock.o [1]
CLOCK_GetMux            0x8000'1b5b    0x2a  Code  Lc  board.o [1]
CLOCK_GetOscFreq        0x8000'1baf    0x12  Code  Lc  board.o [1]
CLOCK_GetOscFreq        0x8000'293d    0x18  Code  Lc  fsl_clock.o [1]
CLOCK_GetPerClkFreq     0x8000'2b25    0x26  Code  Gb  fsl_clock.o [1]
CLOCK_GetPeriphClkFreq  0x8000'29a3    0xaa  Code  Lc  fsl_clock.o [1]
CLOCK_GetPllBypassRefClk
                        0x8000'2981    0x22  Code  Lc  fsl_clock.o [1]
CLOCK_GetPllFreq        0x8000'2ccd   0x23e  Code  Gb  fsl_clock.o [1]
CLOCK_GetRtcFreq        0x8000'2955     0x6  Code  Lc  fsl_clock.o [1]
CLOCK_GetSemcFreq       0x8000'2ad9    0x34  Code  Gb  fsl_clock.o [1]
CLOCK_GetSysPfdFreq     0x8000'2f15    0x60  Code  Gb  fsl_clock.o [1]
CLOCK_GetUsb1PfdFreq    0x8000'2f81    0x60  Code  Gb  fsl_clock.o [1]
CLOCK_InitArmPll        0x8000'2c5f    0x40  Code  Gb  fsl_clock.o [1]
CLOCK_InitExternalClk   0x8000'2a4d    0x4a  Code  Gb  fsl_clock.o [1]
CLOCK_InitRcOsc24M      0x8000'2ab3     0xe  Code  Gb  fsl_clock.o [1]
CLOCK_IsPllBypassed     0x8000'295b    0x10  Code  Lc  fsl_clock.o [1]
CLOCK_IsPllEnabled      0x8000'296b    0x16  Code  Lc  fsl_clock.o [1]
CLOCK_SetDiv            0x8000'215b    0x76  Code  Lc  clock_config.o [1]
CLOCK_SetDiv            0x8000'788f    0x6e  Code  Lc  zf_csi.o [1]
CLOCK_SetMux            0x8000'20e5    0x76  Code  Lc  clock_config.o [1]
CLOCK_SetMux            0x8000'7821    0x6e  Code  Lc  zf_csi.o [1]
CLOCK_SetPllBypass      0x8000'2239    0x2c  Code  Lc  clock_config.o [1]
CLOCK_SetRtcXtalFreq    0x8000'2231     0x8  Code  Lc  clock_config.o [1]
CLOCK_SetXtalFreq       0x8000'2229     0x8  Code  Lc  clock_config.o [1]
CLOCK_SwitchOsc         0x8000'2a97    0x1c  Code  Gb  fsl_clock.o [1]
CSI_ClearFifo           0x8000'337f    0x30  Code  Gb  fsl_csi.o [1]
CSI_DriverIRQHandler    0x8000'364f    0x10  Code  Gb  fsl_csi.o [1]
CSI_EnableFifoDmaRequest
                        0x8000'33cf    0x2e  Code  Gb  fsl_csi.o [1]
CSI_EnableInterrupts    0x8000'33fd    0x24  Code  Gb  fsl_csi.o [1]
CSI_GetDefaultConfig    0x8000'331b    0x54  Code  Gb  fsl_csi.o [1]
CSI_GetInstance         0x8000'3141    0x34  Code  Lc  fsl_csi.o [1]
CSI_IRQHandler          0x8000'6833     0xc  Code  Gb  isr.o [1]
CSI_Init                0x8000'31d1    0xfc  Code  Gb  fsl_csi.o [1]
CSI_ReflashFifoDma      0x8000'33af    0x20  Code  Gb  fsl_csi.o [1]
CSI_Reset               0x8000'32cd    0x4e  Code  Gb  fsl_csi.o [1]
CSI_SetRxBufferAddr     0x8000'336f    0x10  Code  Gb  fsl_csi.o [1]
CSI_Start               0x8000'3111    0x18  Code  Lc  fsl_csi.o [1]
CSI_Stop                0x8000'3129    0x18  Code  Lc  fsl_csi.o [1]
CSI_TransferCreateHandle
                        0x8000'3421    0x5e  Code  Gb  fsl_csi.o [1]
CSI_TransferGetEmptyBufferCount
                        0x8000'3191    0x12  Code  Lc  fsl_csi.o [1]
CSI_TransferGetFullBuffer
                        0x8000'356b    0x36  Code  Gb  fsl_csi.o [1]
CSI_TransferGetQueueDelta
                        0x8000'3175     0xe  Code  Lc  fsl_csi.o [1]
CSI_TransferHandleIRQ   0x8000'35a5    0xaa  Code  Gb  fsl_csi.o [1]
CSI_TransferIncreaseQueueIdx
                        0x8000'3183     0xe  Code  Lc  fsl_csi.o [1]
CSI_TransferLoadBufferToDevice
                        0x8000'31a3    0x2e  Code  Lc  fsl_csi.o [1]
CSI_TransferStart       0x8000'347f    0x76  Code  Gb  fsl_csi.o [1]
CSI_TransferSubmitEmptyBuffer
                        0x8000'34f5    0x76  Code  Gb  fsl_csi.o [1]
CSTACK$$Base            0x2006'f000           --   Gb  - Linker created -
CSTACK$$Limit           0x2007'0000           --   Gb  - Linker created -
ConvertFloatRadixNumToString
                        0x8000'5e7d   0x19e  Code  Lc  fsl_str.o [1]
ConvertRadixNumToString
                        0x8000'5d2d   0x150  Code  Lc  fsl_str.o [1]
DMA0_DMA16_DriverIRQHandler
                        0x8000'39c3    0x34  Code  Gb  fsl_edma.o [1]
DMA10_DMA26_DriverIRQHandler
                        0x8000'3bc1    0x30  Code  Gb  fsl_edma.o [1]
DMA11_DMA27_DriverIRQHandler
                        0x8000'3bf1    0x2e  Code  Gb  fsl_edma.o [1]
DMA12_DMA28_DriverIRQHandler
                        0x8000'3c1f    0x2e  Code  Gb  fsl_edma.o [1]
DMA13_DMA29_DriverIRQHandler
                        0x8000'3c4d    0x2e  Code  Gb  fsl_edma.o [1]
DMA14_DMA30_DriverIRQHandler
                        0x8000'3c7b    0x2e  Code  Gb  fsl_edma.o [1]
DMA15_DMA31_DriverIRQHandler
                        0x8000'3ca9    0x2e  Code  Gb  fsl_edma.o [1]
DMA1_DMA17_DriverIRQHandler
                        0x8000'39f7    0x34  Code  Gb  fsl_edma.o [1]
DMA2_DMA18_DriverIRQHandler
                        0x8000'3a2b    0x34  Code  Gb  fsl_edma.o [1]
DMA3_DMA19_DriverIRQHandler
                        0x8000'3a5f    0x34  Code  Gb  fsl_edma.o [1]
DMA4_DMA20_DriverIRQHandler
                        0x8000'3a93    0x34  Code  Gb  fsl_edma.o [1]
DMA5_DMA21_DriverIRQHandler
                        0x8000'3ac7    0x34  Code  Gb  fsl_edma.o [1]
DMA6_DMA22_DriverIRQHandler
                        0x8000'3afb    0x34  Code  Gb  fsl_edma.o [1]
DMA7_DMA23_DriverIRQHandler
                        0x8000'3b2f    0x32  Code  Gb  fsl_edma.o [1]
DMA8_DMA24_DriverIRQHandler
                        0x8000'3b61    0x30  Code  Gb  fsl_edma.o [1]
DMA9_DMA25_DriverIRQHandler
                        0x8000'3b91    0x30  Code  Gb  fsl_edma.o [1]
DTCM_VAR$$Base          0x2000'f558           --   Gb  - Linker created -
DTCM_VAR$$Limit         0x2001'8b58           --   Gb  - Linker created -
DbgConsole_Init         0x8000'3727    0xe6  Code  Gb  fsl_debug_console.o [1]
DbgConsole_PrintCallback
                        0x8000'36e9    0x3e  Code  Lc  fsl_debug_console.o [1]
DbgConsole_Printf       0x8000'380d    0x3a  Code  Gb  fsl_debug_console.o [1]
DbgConsole_SendData     0x8000'36a1    0x48  Code  Gb  fsl_debug_console.o [1]
DebugMon_Handler        0x8001'0cf5     0x2  Code  Gb  common.o [1]
DefaultISR              0x7000'2871          Code  Wk  startup_MIMXRT1064.o [1]
DisableGlobalIRQ        0x8001'0cf9     0x8  Code  Lc  main.o [1]
DisableGlobalIRQ        0x8000'6c11     0x8  Code  Lc  SEEKFREE_MT9V03X_CSI.o [1]
DisableGlobalIRQ        0x8000'78fd     0x8  Code  Lc  zf_csi.o [1]
EDMA_GetChannelStatusFlags
                        0x8000'386d    0x4a  Code  Gb  fsl_edma.o [1]
EDMA_HandleIRQ          0x8000'38c1   0x102  Code  Gb  fsl_edma.o [1]
ENET2_DriverIRQHandler  0x8000'3da9     0xa  Code  Gb  fsl_enet.o [1]
ENET_1588_Timer_IRQHandler
                        0x8000'3d8d    0x10  Code  Gb  fsl_enet.o [1]
ENET_CommonFrame0IRQHandler
                        0x8000'3d2d    0x60  Code  Gb  fsl_enet.o [1]
ENET_DriverIRQHandler   0x8000'3d9d     0xa  Code  Gb  fsl_enet.o [1]
ENET_GetInstance        0x8000'3ce9    0x36  Code  Gb  fsl_enet.o [1]
EnableGlobalIRQ         0x8001'0d01     0x6  Code  Lc  main.o [1]
EnableGlobalIRQ         0x8000'6c19     0x6  Code  Lc  SEEKFREE_MT9V03X_CSI.o [1]
EnableIRQ               0x8000'30f1    0x20  Code  Lc  fsl_csi.o [1]
EnableIRQ               0x8000'4539    0x20  Code  Lc  fsl_lpuart.o [1]
EnableIRQ               0x8000'e72f    0x20  Code  Lc  zf_pit.o [1]
FLEXIO1_DriverIRQHandler
                        0x8000'3eb9     0x8  Code  Gb  fsl_flexio.o [1]
FLEXIO2_DriverIRQHandler
                        0x8000'3ec1     0x8  Code  Gb  fsl_flexio.o [1]
FLEXIO3_DriverIRQHandler
                        0x8000'3ec9     0x8  Code  Gb  fsl_flexio.o [1]
FLEXIO_CAMERA_ClearStatusFlags
                        0x8000'3ed9    0x34  Code  Gb  fsl_flexio_camera.o [1]
FLEXIO_ClearShifterErrorFlags
                        0x8000'3ed5     0x4  Code  Lc  fsl_flexio_camera.o [1]
FLEXIO_ClearShifterStatusFlags
                        0x8000'3ed1     0x4  Code  Lc  fsl_flexio_camera.o [1]
FLEXIO_CommonIRQHandler
                        0x8000'3e6d    0x3e  Code  Gb  fsl_flexio.o [1]
GET_CFG_CSI             0x2000'0070    0x20  Data  Gb  SEEKFREE_MT9V03X_CSI.o [1]
GPIO2_Combined_0_15_IRQHandler
                        0x8000'6929    0x3a  Code  Gb  isr.o [1]
GPIO2_Combined_16_31_IRQHandler
                        0x8000'690b    0x1e  Code  Gb  isr.o [1]
GPIO_ClearPinsInterruptFlags
                        0x8000'6823    0x10  Code  Lc  isr.o [1]
GPIO_ClearPinsInterruptFlags
                        0x8000'6af9    0x10  Code  Lc  SEEKFREE_MT9V03X.o [1]
GPIO_ClearPinsInterruptFlags
                        0x8000'6d99    0x10  Code  Lc  SEEKFREE_SCC8660.o [1]
GPIO_GetInstance        0x8000'3f75    0x2e  Code  Lc  fsl_gpio.o [1]
GPIO_GetPinsInterruptFlags
                        0x8000'6813     0xc  Code  Lc  isr.o [1]
GPIO_PinInit            0x8000'3fa3    0x58  Code  Gb  fsl_gpio.o [1]
GPIO_PinReadPadStatus   0x8000'7b95    0x26  Code  Lc  zf_gpio.o [1]
GPIO_PinSetInterruptConfig
                        0x8000'4055    0xaa  Code  Gb  fsl_gpio.o [1]
GPIO_PinWrite           0x8000'3ffb    0x3a  Code  Gb  fsl_gpio.o [1]
GPIO_PortClearInterruptFlags
                        0x8000'681f     0x4  Code  Lc  isr.o [1]
GPIO_PortClearInterruptFlags
                        0x8000'6af5     0x4  Code  Lc  SEEKFREE_MT9V03X.o [1]
GPIO_PortClearInterruptFlags
                        0x8000'6d95     0x4  Code  Lc  SEEKFREE_SCC8660.o [1]
GPIO_PortGetInterruptFlags
                        0x8000'680f     0x4  Code  Lc  isr.o [1]
GPIO_ReadPadStatus      0x8000'7bbb    0x10  Code  Lc  zf_gpio.o [1]
GPIO_SetPinInterruptConfig
                        0x8000'3f5f    0x16  Code  Lc  fsl_gpio.o [1]
GPT_ClearStatusFlags    0x8000'f83d     0x8  Code  Lc  zf_systick.o [1]
GPT_Deinit              0x8000'42a3    0x1a  Code  Gb  fsl_gpt.o [1]
GPT_GetDefaultConfig    0x8000'42bd    0x48  Code  Gb  fsl_gpt.o [1]
GPT_GetInstance         0x8000'41d9    0x2e  Code  Lc  fsl_gpt.o [1]
GPT_GetStatusFlags      0x8000'f833     0xa  Code  Lc  zf_systick.o [1]
GPT_Init                0x8000'4207    0x9c  Code  Gb  fsl_gpt.o [1]
GPT_SetClockDivider     0x8000'41ab    0x2e  Code  Lc  fsl_gpt.o [1]
GPT_SetClockDivider     0x8000'f7c5    0x2e  Code  Lc  zf_systick.o [1]
GPT_SetClockSource      0x8000'4173    0x38  Code  Lc  fsl_gpt.o [1]
GPT_SetOutputCompareValue
                        0x8000'f807    0x2c  Code  Lc  zf_systick.o [1]
GPT_SoftwareReset       0x8000'4163    0x10  Code  Lc  fsl_gpt.o [1]
GPT_StartTimer          0x8000'f7f3     0xa  Code  Lc  zf_systick.o [1]
GPT_StopTimer           0x8000'f7fd     0xa  Code  Lc  zf_systick.o [1]
HAL_UartGetStatus       0x8000'6981    0x10  Code  Lc  lpuart_adapter.o [1]
HAL_UartInit            0x8000'6991    0xe8  Code  Gb  lpuart_adapter.o [1]
HAL_UartSendBlocking    0x8000'6a79    0x5a  Code  Gb  lpuart_adapter.o [1]
HardFault_Handler       0x8001'0ceb     0x2  Code  Gb  common.o [1]
IOMUXC_SetPinConfig     0x8000'7cdd    0x10  Code  Lc  zf_iomuxc.o [1]
IOMUXC_SetPinMux        0x8000'7cc1    0x1c  Code  Lc  zf_iomuxc.o [1]
InStream_Read           0x7000'2455    0x28  Code  Lc  lz77_init.o [4]
InStream_StepRegion     0x7000'2441    0x14  Code  Lc  lz77_init.o [4]
LPI2C1_DriverIRQHandler
                        0x8000'436f     0xc  Code  Gb  fsl_lpi2c.o [1]
LPI2C2_DriverIRQHandler
                        0x8000'437b     0xc  Code  Gb  fsl_lpi2c.o [1]
LPI2C3_DriverIRQHandler
                        0x8000'4387     0xc  Code  Gb  fsl_lpi2c.o [1]
LPI2C4_DriverIRQHandler
                        0x8000'4393     0xc  Code  Gb  fsl_lpi2c.o [1]
LPI2C_CommonIRQHandler  0x8000'4331    0x3e  Code  Lc  fsl_lpi2c.o [1]
LPSPI1_DriverIRQHandler
                        0x8000'43f1    0x24  Code  Gb  fsl_lpspi.o [1]
LPSPI2_DriverIRQHandler
                        0x8000'4415    0x24  Code  Gb  fsl_lpspi.o [1]
LPSPI3_DriverIRQHandler
                        0x8000'4439    0x24  Code  Gb  fsl_lpspi.o [1]
LPSPI4_DriverIRQHandler
                        0x8000'445d    0x24  Code  Gb  fsl_lpspi.o [1]
LPSPI_CommonIRQHandler  0x8000'43c9    0x28  Code  Lc  fsl_lpspi.o [1]
LPSPI_IsMaster          0x8000'43c1     0x8  Code  Lc  fsl_lpspi.o [1]
LPUART1_DriverIRQHandler
                        0x8000'4dd1    0x10  Code  Gb  fsl_lpuart.o [1]
LPUART2_DriverIRQHandler
                        0x8000'4de9    0x10  Code  Gb  fsl_lpuart.o [1]
LPUART3_DriverIRQHandler
                        0x8000'4df9    0x10  Code  Gb  fsl_lpuart.o [1]
LPUART4_DriverIRQHandler
                        0x8000'4e0d    0x10  Code  Gb  fsl_lpuart.o [1]
LPUART5_DriverIRQHandler
                        0x8000'4e1d    0x10  Code  Gb  fsl_lpuart.o [1]
LPUART6_DriverIRQHandler
                        0x8000'4e2d    0x10  Code  Gb  fsl_lpuart.o [1]
LPUART7_DriverIRQHandler
                        0x8000'4e3d    0x10  Code  Gb  fsl_lpuart.o [1]
LPUART8_DriverIRQHandler
                        0x8000'4e4d    0x10  Code  Gb  fsl_lpuart.o [1]
LPUART_Deinit           0x8000'48ef    0x3e  Code  Gb  fsl_lpuart.o [1]
LPUART_DisableInterrupts
                        0x8000'49c1    0x2a  Code  Gb  fsl_lpuart.o [1]
LPUART_EnableInterrupts
                        0x8000'4999    0x28  Code  Gb  fsl_lpuart.o [1]
LPUART_GetDefaultConfig
                        0x8000'492d    0x6c  Code  Gb  fsl_lpuart.o [1]
LPUART_GetEnabledInterrupts
                        0x8000'49eb    0x1e  Code  Gb  fsl_lpuart.o [1]
LPUART_GetInstance      0x8000'456b    0x34  Code  Gb  fsl_lpuart.o [1]
LPUART_GetStatusFlags   0x8000'4a09    0x10  Code  Gb  fsl_lpuart.o [1]
LPUART_Init             0x8000'4695   0x25a  Code  Gb  fsl_lpuart.o [1]
LPUART_ReadNonBlocking  0x8000'4641    0x54  Code  Lc  fsl_lpuart.o [1]
LPUART_SoftwareReset    0x8000'4559    0x12  Code  Lc  fsl_lpuart.o [1]
LPUART_TransferCreateHandle
                        0x8000'4a51    0x94  Code  Gb  fsl_lpuart.o [1]
LPUART_TransferGetRxRingBufferLength
                        0x8000'459f    0x3e  Code  Gb  fsl_lpuart.o [1]
LPUART_TransferHandleIRQ
                        0x8000'4b19   0x2b8  Code  Gb  fsl_lpuart.o [1]
LPUART_TransferIsRxRingBufferFull
                        0x8000'45dd    0x36  Code  Lc  fsl_lpuart.o [1]
LPUART_WriteBlocking    0x8000'4a19    0x38  Code  Gb  fsl_lpuart.o [1]
LPUART_WriteNonBlocking
                        0x8000'4613    0x2e  Code  Lc  fsl_lpuart.o [1]
MT9V03X_CFG_CSI         0x2000'0028    0x24  Data  Gb  SEEKFREE_MT9V03X_CSI.o [1]
MemManage_Handler       0x8001'0ced     0x2  Code  Gb  common.o [1]
NMI_Handler             0x8001'0ce9     0x2  Code  Gb  common.o [1]
OutStream_Write         0x7000'247d    0x42  Code  Lc  lz77_init.o [4]
PIDcalc                 0x8000'2835    0x78  Code  Gb  driver.o [1]
PIT_ClearStatusFlags    0x8000'6801     0xe  Code  Lc  isr.o [1]
PIT_Deinit              0x8000'4fa1    0x1e  Code  Gb  fsl_pit.o [1]
PIT_EnableInterrupts    0x8000'e7b3    0x20  Code  Lc  zf_pit.o [1]
PIT_GetDefaultConfig    0x8000'e74f    0x1c  Code  Lc  zf_pit.o [1]
PIT_GetInstance         0x8000'4eff    0x2e  Code  Lc  fsl_pit.o [1]
PIT_GetStatusFlags      0x8000'67f1    0x10  Code  Lc  isr.o [1]
PIT_IRQHandler          0x8000'683f    0xcc  Code  Gb  isr.o [1]
PIT_Init                0x8000'4f2d    0x74  Code  Gb  fsl_pit.o [1]
PIT_SetTimerChainMode   0x8000'e76b    0x48  Code  Lc  zf_pit.o [1]
PIT_SetTimerPeriod      0x8000'e7d3     0xe  Code  Lc  zf_pit.o [1]
PIT_StartTimer          0x8000'e7e1    0x1e  Code  Lc  zf_pit.o [1]
PORTPTR                 0x2000'0000    0x28  Data  Gb  zf_gpio.o [1]
PWMPTR                  0x2000'0090    0x14  Data  Lc  zf_pwm.o [1]
PWM_Deinit              0x8000'5237    0x34  Code  Gb  fsl_pwm.o [1]
PWM_GetDefaultConfig    0x8000'526b    0x5c  Code  Gb  fsl_pwm.o [1]
PWM_GetInstance         0x8000'5049    0x34  Code  Lc  fsl_pwm.o [1]
PWM_Init                0x8000'507d   0x1ba  Code  Gb  fsl_pwm.o [1]
PWM_SetPwmLdok          0x8000'e887    0x36  Code  Lc  zf_pwm.o [1]
PWM_SetupPwm            0x8000'52c7   0x426  Code  Gb  fsl_pwm.o [1]
PWM_StartTimer          0x8000'e871    0x16  Code  Lc  zf_pwm.o [1]
PWM_UpdatePwmDutycycle  0x8000'56ed   0x2c4  Code  Gb  fsl_pwm.o [1]
PendSV_Handler          0x8001'0cf7     0x2  Code  Gb  common.o [1]
QTIMERN                 0x2000'00a4    0x14  Data  Gb  zf_qtimer.o [1]
QTMR_Deinit             0x8000'5b1b    0x30  Code  Gb  fsl_qtmr.o [1]
QTMR_GetCurrentTimerCount
                        0x8000'f05d     0xa  Code  Lc  zf_qtimer.o [1]
QTMR_GetDefaultConfig   0x8000'5b4b    0x44  Code  Gb  fsl_qtmr.o [1]
QTMR_GetInstance        0x8000'5a4f    0x2e  Code  Lc  fsl_qtmr.o [1]
QTMR_Init               0x8000'5a7d    0x9e  Code  Gb  fsl_qtmr.o [1]
QTMR_StartTimer         0x8000'f067    0x26  Code  Lc  zf_qtimer.o [1]
RW$$Base                0x8000'0400           --   Gb  - Linker created -
RW$$Limit               0x8001'0f90           --   Gb  - Linker created -
Region$$Table$$Base     0x7000'28c0           --   Gb  - Linker created -
Region$$Table$$Limit    0x7000'2910           --   Gb  - Linker created -
Reset_Handler           0x7000'2809          Code  Gb  startup_MIMXRT1064.o [1]
SAI1_DriverIRQHandler   0x8000'5bb1    0x5a  Code  Gb  fsl_sai.o [1]
SAI2_DriverIRQHandler   0x8000'5c0b    0x5a  Code  Gb  fsl_sai.o [1]
SAI3_RX_DriverIRQHandler
                        0x8000'5c8b    0x26  Code  Gb  fsl_sai.o [1]
SAI3_TX_DriverIRQHandler
                        0x8000'5c65    0x26  Code  Gb  fsl_sai.o [1]
SCB_DisableDCache       0x8000'1b07    0x54  Code  Lc  board.o [1]
SCB_DisableICache       0x8000'1a91    0x22  Code  Lc  board.o [1]
SCB_EnableDCache        0x8000'1ab3    0x54  Code  Lc  board.o [1]
SCB_EnableDCache        0x7000'267b    0x54  Code  Lc  system_MIMXRT1064.o [1]
SCB_EnableICache        0x8000'1a67    0x2a  Code  Lc  board.o [1]
SCB_EnableICache        0x7000'2651    0x2a  Code  Lc  system_MIMXRT1064.o [1]
SPDIF_DriverIRQHandler  0x8000'5ce9    0x32  Code  Gb  fsl_spdif.o [1]
SVC_Handler             0x8001'0cf3     0x2  Code  Gb  common.o [1]
SerialManager_Init      0x8000'6e71    0x6c  Code  Gb  serial_manager.o [1]
SerialManager_OpenReadHandle
                        0x8000'6f33    0x5e  Code  Gb  serial_manager.o [1]
SerialManager_OpenWriteHandle
                        0x8000'6edd    0x56  Code  Gb  serial_manager.o [1]
SerialManager_StartWriting
                        0x8000'6dc9    0x34  Code  Lc  serial_manager.o [1]
SerialManager_Write     0x8000'6dfd    0x74  Code  Lc  serial_manager.o [1]
SerialManager_WriteBlocking
                        0x8000'6f91    0x14  Code  Gb  serial_manager.o [1]
Serial_UartInit         0x8000'6fc5    0x6e  Code  Gb  serial_port_uart.o [1]
Serial_UartWrite        0x8000'7033    0x52  Code  Gb  serial_port_uart.o [1]
StrFormatPrintf         0x8000'6025   0x66c  Code  Gb  fsl_str.o [1]
Sys                     0x2000'04c4    0x18  Data  Gb  driver.o [1]
SysTick_Handler         0x8001'0d23     0x2  Code  Wk  zf_vector.o [1]
SystemCoreClock         0x2000'00dc     0x4  Data  Gb  system_MIMXRT1064.o [1]
SystemInit              0x7000'26cf    0xb0  Code  Gb  system_MIMXRT1064.o [1]
UARTN                   0x2000'004c    0x24  Data  Gb  zf_uart.o [1]
USB_DeviceControl       0x8000'7099    0x36  Code  Lc  usb_device_dci.o [1]
USB_DeviceEhciCancelControlPipe
                        0x8000'72a1   0x10a  Code  Lc  usb_device_ehci.o [1]
USB_DeviceEhciFillSetupBuffer
                        0x8000'7215    0x8c  Code  Lc  usb_device_ehci.o [1]
USB_DeviceEhciInterruptPortChange
                        0x8000'76f1    0x52  Code  Lc  usb_device_ehci.o [1]
USB_DeviceEhciInterruptReset
                        0x8000'7743    0x66  Code  Lc  usb_device_ehci.o [1]
USB_DeviceEhciInterruptSof
                        0x8000'77a9     0x2  Code  Lc  usb_device_ehci.o [1]
USB_DeviceEhciInterruptTokenDone
                        0x8000'73ab   0x346  Code  Lc  usb_device_ehci.o [1]
USB_DeviceEhciIsrFunction
                        0x8000'77ab    0x4a  Code  Gb  usb_device_ehci.o [1]
USB_DeviceNotification  0x8000'712f    0xba  Code  Lc  usb_device_dci.o [1]
USB_DeviceNotificationTrigger
                        0x8000'71e9    0x2a  Code  Gb  usb_device_dci.o [1]
USB_DeviceResetNotification
                        0x8000'70cf    0x60  Code  Lc  usb_device_dci.o [1]
USB_OTG1_IRQHandler     0x8000'fd41     0xe  Code  Gb  zf_usb_cdc.o [1]
USB_OTG2_IRQHandler     0x8000'fd4f     0xe  Code  Gb  zf_usb_cdc.o [1]
USDHC1_DriverIRQHandler
                        0x8000'6691    0x12  Code  Gb  fsl_usdhc.o [1]
USDHC2_DriverIRQHandler
                        0x8000'66a3    0x12  Code  Gb  fsl_usdhc.o [1]
UsageFault_Handler      0x8001'0cf1     0x2  Code  Gb  common.o [1]
ZI$$Base                0x2000'0100           --   Gb  - Linker created -
ZI$$Limit               0x2000'f554           --   Gb  - Linker created -
__CSTACK_ADDRESS {Abs}  0x2007'0000          Data  Gb  <internal module>
__NVIC_EnableIRQ        0x8000'3079    0x20  Code  Lc  fsl_csi.o [1]
__NVIC_EnableIRQ        0x8000'44b1    0x20  Code  Lc  fsl_lpuart.o [1]
__NVIC_EnableIRQ        0x8000'e711    0x1e  Code  Lc  zf_pit.o [1]
__NVIC_SetPriority      0x8000'66c5    0x2c  Code  Lc  init.o [1]
__NVIC_SetPriorityGrouping
                        0x8000'1a05    0x22  Code  Lc  board.o [1]
__RAM_VECTOR_TABLE_SIZE {Abs}
                              0x400          Data  Gb  <internal module>
__VECTOR_RAM {Abs}      0x8000'0000          Data  Gb  <internal module>
__VECTOR_TABLE {Abs}    0x7000'2000          Data  Gb  <internal module>
__aeabi_assert          0x8000'2921    0x1c  Code  Gb  fsl_assert.o [1]
__aeabi_d2lz            0x8001'0105          Code  Gb  DblToS64.o [3]
__aeabi_l2d             0x8001'0161          Code  Gb  S64ToDbl.o [3]
__aeabi_ldiv0           0x8001'07f9          Code  Gb  I64DivZer.o [4]
__aeabi_ldivmod         0x8000'fe59          Code  Gb  I64DivMod.o [4]
__aeabi_memclr4         0x8000'fd61          Code  Gb  ABImemclr4.o [4]
__aeabi_memcpy4         0x8000'fdd1          Code  Gb  ABImemcpy.o [4]
__aeabi_memcpy8         0x8000'fdd1          Code  Gb  ABImemcpy.o [4]
__aeabi_memset          0x8000'fd69          Code  Gb  ABImemset.o [4]
__aeabi_uldivmod        0x8000'fe9d          Code  Gb  I64DivMod.o [4]
__cmain                 0x7000'2921          Code  Gb  cmain.o [4]
__exit                  0x7000'263d    0x14  Code  Gb  exit.o [5]
__iar_Exp64             0x8001'07fd   0x368  Code  Gb  iar_Exp64.o [3]
__iar_Memset            0x8000'fd69          Code  Gb  ABImemset.o [4]
__iar_Memset4_word      0x8001'07c5          Code  Gb  ABImemset48.o [4]
__iar_Memset8_word      0x8001'07c5          Code  Gb  ABImemset48.o [4]
__iar_Memset_word       0x8000'fd71          Code  Gb  ABImemset.o [4]
__iar_Pow64             0x8001'0255   0x4e4  Code  Lc  pow64.o [3]
__iar_data_init3        0x7000'2875    0x28  Code  Gb  data_init.o [4]
__iar_frexp             0x8001'0b7d          Code  Gb  frexp.o [3]
__iar_frexp64           0x8001'0b65          Code  Gb  frexp.o [3]
__iar_frexpl            0x8001'0b7d          Code  Gb  frexp.o [3]
__iar_init_vfp          0x7000'289d          Code  Gb  fpinit_M.o [3]
__iar_ldexp64           0x8001'0be1          Code  Gb  ldexp.o [3]
__iar_lz77_init3        0x7000'24bf   0x178  Code  Gb  lz77_init.o [4]
__iar_modf              0x8001'01c5          Code  Gb  modf.o [3]
__iar_modf64            0x8001'01b5          Code  Gb  modf.o [3]
__iar_modfl             0x8001'01c5          Code  Gb  modf.o [3]
__iar_pow64             0x8001'07c1     0x4  Code  Gb  pow64.o [3]
__iar_pow_medium        0x8001'07c1     0x4  Code  Gb  pow64.o [3]
__iar_pow_medium64      0x8001'07c1     0x4  Code  Gb  pow64.o [3]
__iar_pow_mediuml       0x8001'07c1     0x4  Code  Gb  pow64.o [3]
__iar_program_start     0x7000'2943          Code  Gb  cstartup_M.o [4]
__iar_scalbln64         0x8001'0be1          Code  Gb  ldexp.o [3]
__iar_scalbn64          0x8001'0be1          Code  Gb  ldexp.o [3]
__iar_zero_init3        0x7000'27cf    0x3a  Code  Gb  zero_init3.o [4]
__low_level_init        0x7000'293f     0x4  Code  Gb  low_level_init.o [2]
__vector_table          0x7000'2400          Data  Gb  vector_table_M.o [4]
__zf_vector_table       0x7000'2000   0x400  Data  Gb  zf_vector.o [1]
_call_main              0x7000'292d          Code  Gb  cmain.o [4]
_exit                   0x8001'0cd9          Code  Gb  cexit.o [4]
_main                   0x7000'293b          Code  Gb  cmain.o [4]
abort                   0x7000'2637     0x6  Code  Gb  abort.o [2]
armPllConfig_BOARD_BootClockRUN
                        0x8000'0888     0x8  Data  Gb  clock_config.o [1]
board_init              0x8000'1c8f    0x24  Code  Gb  board.o [1]
boot_data               0x7000'1020    0x10  Data  Gb  fsl_flexspi_nor_boot.o [1]
csi_add_empty_buffer    0x8000'7b35    0x12  Code  Gb  zf_csi.o [1]
csi_g_lpuartHandle      0x2000'f4d0    0x30  Data  Gb  SEEKFREE_MT9V03X_CSI.o [1]
csi_get_full_buffer     0x8000'7b47    0x1c  Code  Gb  zf_csi.o [1]
csi_handle              0x2000'f520    0x1c  Data  Gb  zf_csi.o [1]
csi_init                0x8000'79c1   0x174  Code  Gb  zf_csi.o [1]
csi_iomuxc              0x8000'7905    0xbc  Code  Gb  zf_csi.o [1]
csi_isr                 0x8000'6c69    0x52  Code  Gb  SEEKFREE_MT9V03X_CSI.o [1]
csi_mt9v03x_uart_callback
                        0x8000'6c1f    0x4a  Code  Gb  SEEKFREE_MT9V03X_CSI.o [1]
csi_receivexfer         0x2000'f4c8     0x8  Data  Gb  SEEKFREE_MT9V03X_CSI.o [1]
csi_rx_buffer           0x2000'f4c4     0x1  Data  Gb  SEEKFREE_MT9V03X_CSI.o [1]
csi_start               0x8000'7b63     0xe  Code  Gb  zf_csi.o [1]
dcd_data                0x7000'1030   0x430  Data  Gb  evkmimxrt1064_sdram_ini_dcd.o [1]
dma_restart             0x8000'7801    0x14  Code  Gb  zf_camera.o [1]
encoder_init            0x8000'66f1    0x56  Code  Gb  init.o [1]
exit                    0x8001'0f8d     0x4  Code  Gb  exit.o [2]
find_line               0x8000'1d3d   0x38c  Code  Gb  camera.o [1]
flexio_camera_type      0x2000'04c0     0x1  Data  Gb  common.o [1]
flexio_flag_clear       0x8000'77f5     0xc  Code  Gb  zf_camera.o [1]
frexp                   0x8001'0b65          Code  Gb  frexp.o [3]
frexpl                  0x8001'0b65          Code  Gb  frexp.o [3]
fullCameraBufferAddr    0x2000'f53c     0x4  Data  Gb  zf_csi.o [1]
g_rtcXtalFreq           0x2000'04e0     0x4  Data  Gb  fsl_clock.o [1]
g_serialHandle          0x2000'0508     0x4  Data  Gb  fsl_debug_console.o [1]
g_xtalFreq              0x2000'04dc     0x4  Data  Gb  fsl_clock.o [1]
get_config              0x8000'6b87    0x66  Code  Gb  SEEKFREE_MT9V03X.o [1]
get_speed               0x8000'27d9    0x5c  Code  Gb  driver.o [1]
gpio_get                0x8000'7c37    0x1e  Code  Gb  zf_gpio.o [1]
gpio_init               0x8000'7bcb    0x6c  Code  Gb  zf_gpio.o [1]
gpt_init                0x8000'f845    0x36  Code  Gb  zf_systick.o [1]
gpt_init_flag           0x2000'f540     0x1  Data  Lc  zf_systick.o [1]
image_vector_table      0x7000'1000    0x20  Data  Gb  fsl_flexspi_nor_boot.o [1]
init                    0x8000'67a9    0x46  Code  Gb  init.o [1]
iomuxc_pinconf          0x8000'7ced  0x694c  Code  Gb  zf_iomuxc.o [1]
last_mid                0x2000'00e0     0x2  Data  Gb  camera.o [1]
ldexp                   0x8001'0be1          Code  Gb  ldexp.o [3]
ldexpl                  0x8001'0be1          Code  Gb  ldexp.o [3]
left_line               0x2000'01f0    0xf0  Data  Gb  camera.o [1]
left_line_flag          0x2000'0448    0x78  Data  Gb  camera.o [1]
lnbias                  0x8000'0400   0x420  Data  Lc  pow64.o [3]
m_boot_hdr_conf_start {Abs}
                        0x7000'0000          Data  Gb  <internal module>
main                    0x8001'0d07    0x1c  Code  Gb  main.o [1]
mid_line                0x2000'02e0    0xf0  Data  Gb  camera.o [1]
modf                    0x8001'01b5          Code  Gb  modf.o [3]
modfl                   0x8001'01b5          Code  Gb  modf.o [3]
motor_init              0x8000'6747    0x54  Code  Gb  init.o [1]
mt9v03x_csi1_image      0x2000'5ec0  0x4b00  Data  Gb  SEEKFREE_MT9V03X_CSI.o [1]
mt9v03x_csi2_image      0x2000'a9c0  0x4b00  Data  Gb  SEEKFREE_MT9V03X_CSI.o [1]
mt9v03x_csi_finish_flag
                        0x2000'f500     0x1  Data  Gb  SEEKFREE_MT9V03X_CSI.o [1]
mt9v03x_csi_image       0x2000'f4c0     0x4  Data  Gb  SEEKFREE_MT9V03X_CSI.o [1]
mt9v03x_csi_init        0x8000'6cbb    0x98  Code  Gb  SEEKFREE_MT9V03X_CSI.o [1]
mt9v03x_image           0x2000'068c  0x5820  Data  Gb  SEEKFREE_MT9V03X.o [1]
mt9v03x_vsync           0x8000'6bed    0x14  Code  Gb  SEEKFREE_MT9V03X.o [1]
pit_init                0x8000'e7ff    0x22  Code  Gb  zf_pit.o [1]
pit_interrupt           0x8000'e821    0x3e  Code  Gb  zf_pit.o [1]
pow                     0x8001'07c1     0x4  Code  Gb  pow64.o [3]
powl                    0x8001'07c1     0x4  Code  Gb  pow64.o [3]
pwm_duty                0x8000'efbd    0x94  Code  Gb  zf_pwm.o [1]
pwm_init                0x8000'edc5   0x1f8  Code  Gb  zf_pwm.o [1]
pwm_iomuxc              0x8000'e8bd   0x508  Code  Gb  zf_pwm.o [1]
qspiflash_config        0x7000'0000   0x200  Data  Gb  evkmimxrt1064_flexspi_nor_config.o [1]
qtimer_iomuxc           0x8000'f08d   0x628  Code  Gb  zf_qtimer.o [1]
qtimer_quad_clear       0x8000'f787    0x30  Code  Gb  zf_qtimer.o [1]
qtimer_quad_get         0x8000'f757    0x30  Code  Gb  zf_qtimer.o [1]
qtimer_quad_init        0x8000'f6b5    0xa2  Code  Gb  zf_qtimer.o [1]
receive                 0x2000'5eac     0x4  Data  Gb  SEEKFREE_MT9V03X.o [1]
receive_num             0x2000'5eb0     0x1  Data  Gb  SEEKFREE_MT9V03X.o [1]
right_line              0x2000'0100    0xf0  Data  Gb  camera.o [1]
right_line_flag         0x2000'03d0    0x78  Data  Gb  camera.o [1]
s_EDMAHandle            0x2000'050c    0x80  Data  Lc  fsl_edma.o [1]
s_ENETHandle            0x2000'058c     0x8  Data  Lc  fsl_enet.o [1]
s_FlexioCameraDevice    0x2000'f504    0x1c  Data  Lc  zf_camera.o [1]
s_LpuartAdapterBase     0x8000'1550    0x24  Data  Lc  lpuart_adapter.o [1]
s_cdcVcom               0x2000'f544    0x10  Data  Gb  zf_usb_cdc.o [1]
s_csiBases              0x8000'09fc     0x4  Data  Lc  fsl_csi.o [1]
s_csiClocks             0x8001'0ce2     0x2  Data  Lc  fsl_csi.o [1]
s_csiHandle             0x2000'04e4     0x4  Data  Lc  fsl_csi.o [1]
s_csiIRQ                0x8001'0ce4     0x2  Data  Lc  fsl_csi.o [1]
s_csiIsr                0x2000'04e8     0x4  Data  Lc  fsl_csi.o [1]
s_debugConsoleState     0x2000'04ec    0x1c  Data  Lc  fsl_debug_console.o [1]
s_enetBases             0x8000'0b88     0xc  Data  Lc  fsl_enet.o [1]
s_enetErrIsr            0x2000'059c     0x4  Data  Lc  fsl_enet.o [1]
s_enetRxIsr             0x2000'0598     0x4  Data  Lc  fsl_enet.o [1]
s_enetTsIsr             0x2000'05a0     0x4  Data  Lc  fsl_enet.o [1]
s_enetTxIsr             0x2000'0594     0x4  Data  Lc  fsl_enet.o [1]
s_flexcanHandle         0x2000'05a4    0x10  Data  Lc  fsl_flexcan.o [1]
s_flexcanIsr            0x2000'05b4     0x4  Data  Lc  fsl_flexcan.o [1]
s_flexioHandle          0x2000'05b8     0x8  Data  Lc  fsl_flexio.o [1]
s_flexioIsr             0x2000'05c8     0x8  Data  Lc  fsl_flexio.o [1]
s_flexioType            0x2000'05c0     0x8  Data  Lc  fsl_flexio.o [1]
s_gpioBases             0x8000'0cf0    0x28  Data  Lc  fsl_gpio.o [1]
s_gpioClock             0x8000'0d18     0xc  Data  Lc  fsl_gpio.o [1]
s_gptBases              0x8000'0e5c     0xc  Data  Lc  fsl_gpt.o [1]
s_gptClocks             0x8000'0e68     0x8  Data  Lc  fsl_gpt.o [1]
s_lpi2cMasterHandle     0x2000'05d4    0x14  Data  Lc  fsl_lpi2c.o [1]
s_lpi2cMasterIsr        0x2000'05d0     0x4  Data  Lc  fsl_lpi2c.o [1]
s_lpi2cSlaveHandle      0x2000'05ec    0x14  Data  Lc  fsl_lpi2c.o [1]
s_lpi2cSlaveIsr         0x2000'05e8     0x4  Data  Lc  fsl_lpi2c.o [1]
s_lpspiHandle           0x2000'0600    0x14  Data  Lc  fsl_lpspi.o [1]
s_lpspiMasterIsr        0x2000'0614     0x4  Data  Lc  fsl_lpspi.o [1]
s_lpspiSlaveIsr         0x2000'0618     0x4  Data  Lc  fsl_lpspi.o [1]
s_lpuartBases           0x8000'1048    0x24  Data  Lc  fsl_lpuart.o [1]
s_lpuartClock           0x8000'1080    0x14  Data  Lc  fsl_lpuart.o [1]
s_lpuartHandle          0x2000'061c    0x24  Data  Lc  fsl_lpuart.o [1]
s_lpuartIRQ             0x8000'106c    0x14  Data  Lc  fsl_lpuart.o [1]
s_lpuartIsr             0x2000'0640     0x4  Data  Lc  fsl_lpuart.o [1]
s_pitBases              0x8000'1168     0x4  Data  Lc  fsl_pit.o [1]
s_pitClocks             0x8001'0ce6     0x2  Data  Lc  fsl_pit.o [1]
s_pwmBases              0x8000'12c4    0x14  Data  Lc  fsl_pwm.o [1]
s_pwmClocks             0x8000'12d8    0x28  Data  Lc  fsl_pwm.o [1]
s_qtmrBases             0x8000'13d8    0x14  Data  Lc  fsl_qtmr.o [1]
s_qtmrClocks            0x8000'13ec     0xc  Data  Lc  fsl_qtmr.o [1]
s_saiHandle             0x2000'0644    0x20  Data  Lc  fsl_sai.o [1]
s_saiRxIsr              0x2000'0668     0x4  Data  Lc  fsl_sai.o [1]
s_saiTxIsr              0x2000'0664     0x4  Data  Lc  fsl_sai.o [1]
s_spdifHandle           0x2000'066c     0x8  Data  Gb  fsl_spdif.o [1]
s_spdifRxIsr            0x2000'0678     0x4  Data  Lc  fsl_spdif.o [1]
s_spdifTxIsr            0x2000'0674     0x4  Data  Lc  fsl_spdif.o [1]
s_usdhcBase             0x8000'1460     0xc  Data  Lc  fsl_usdhc.o [1]
s_usdhcHandle           0x2000'067c     0xc  Data  Lc  fsl_usdhc.o [1]
s_usdhcIsr              0x2000'0688     0x4  Data  Lc  fsl_usdhc.o [1]
scalbln                 0x8001'0be1          Code  Gb  ldexp.o [3]
scalblnl                0x8001'0be1          Code  Gb  ldexp.o [3]
scalbn                  0x8001'0be1          Code  Gb  ldexp.o [3]
scalbnl                 0x8001'0be1          Code  Gb  ldexp.o [3]
scc8660_image           0x2000'f558  0x9600  Data  Gb  SEEKFREE_SCC8660.o [1]
scc8660_vsync           0x8000'6da9    0x14  Code  Gb  SEEKFREE_SCC8660.o [1]
servMoter_control       0x8000'28ad    0x66  Code  Gb  driver.o [1]
servMotor_PID           0x2000'00d0     0xc  Data  Gb  driver.o [1]
set_config              0x8000'6b09    0x7e  Code  Gb  SEEKFREE_MT9V03X.o [1]
speedL_PID              0x2000'00b8     0xc  Data  Gb  driver.o [1]
speedR_PID              0x2000'00c4     0xc  Data  Gb  driver.o [1]
strlen                  0x8001'00cd          Code  Gb  strlen.o [4]
systick_delay           0x8000'f87b    0x36  Code  Gb  zf_systick.o [1]
systick_delay_ms        0x8000'f8b1    0x24  Code  Gb  zf_systick.o [1]
uart_init               0x8000'fc37    0x6e  Code  Gb  zf_uart.o [1]
uart_iomuxc             0x8000'f8e9   0x34e  Code  Gb  zf_uart.o [1]
uart_putbuff            0x8000'fca5    0x1c  Code  Gb  zf_uart.o [1]
uart_receive_flag       0x2000'5eb1     0x1  Data  Gb  SEEKFREE_MT9V03X.o [1]
uart_rx_irq             0x8000'fcc1    0x36  Code  Gb  zf_uart.o [1]
uart_set_handle         0x8000'fcf7    0x3c  Code  Gb  zf_uart.o [1]


[1] = D:\STUDY\SmartCar\Demo\SmartCar\Project\IAR\program\nor_sdram_zf_dtcm\Obj
[2] = dl7M_tln.a
[3] = m7M_tlv.a
[4] = rt7M_tl.a
[5] = shb_l.a

    1 276 bytes of readonly  code memory
   62 854 bytes of readwrite code memory
   40 652 bytes of readonly  data memory
  110 912 bytes of readwrite data memory

Errors: none
Warnings: none
